04-22 20:41:36.469 13702 13702 D b/279059025: go to state Normal
04-22 20:41:36.469 13702 13702 D StatsLog: LAUNCHER_ONSTOP
04-22 20:41:36.469  1542  1780 W ProcessStats: Tracking association SourceState{26bf1fb com.google.android.gms.persistent/1010159 BFgs #430335} whose proc state 4 is better than process ProcessState{2f25b5e com.google.android.gms/1010159 pkg=com.google.android.gms} proc state 8 (1286 skipped)
04-22 20:41:36.469 28527 28527 I A       : onStop
04-22 20:41:36.469 13702 13765 D GmsPlayProvider: Shut down the binder channel
04-22 20:41:36.470 13702 13702 D StatsLog: LAUNCHER_GOOGLE_SEARCH_RESTORE_LIST_SIZE_AFTER_ACTIVITY_RESTART
04-22 20:41:36.470 13702 13751 D OneSearchSuggestProvider: Shut down the binder channel
04-22 20:41:36.475 13702 16821 I IPCThreadState: oneway function results for code 2 on binder at 0xb4000078eb8e6580 will be dropped but finished with status UNKNOWN_TRANSACTION
04-22 20:41:36.491 27105 27105 D ThermalCamera: 10000, -9728528, 0xFF6B8DF0
04-22 20:41:36.541 27105 27105 D ThermalCamera: 10000, -9728528, 0xFF6B8DF0
04-22 20:41:36.591 27105 27105 D ThermalCamera: 10000, -9728528, 0xFF6B8DF0
04-22 20:41:36.642 27105 27105 D ThermalCamera: 10000, -9728528, 0xFF6B8DF0
04-22 20:41:36.692 27105 27105 D ThermalCamera: 10000, -9728528, 0xFF6B8DF0
04-22 20:41:36.742 27105 27105 D ThermalCamera: 10000, -9728528, 0xFF6B8DF0
04-22 20:41:36.757  2185  2214 D VRI[thermal_camera]: Not drawing due to not visible
04-22 20:41:36.758  2185  2214 W WindowOnBackDispatcher: sendCancelIfRunning: isInProgress=falsecallback=android.view.ViewRootImpl$$ExternalSyntheticLambda11@af27804
04-22 20:41:36.758  1542  2348 D CoreBackPreview: Window{d755a19 u0 Splash Screen info.jnlm.thermal_camera EXITING}: Setting back callback null
04-22 20:41:36.759  1542  1600 W InputManager-JNI: Input channel object 'd755a19 Splash Screen info.jnlm.thermal_camera (client)' was disposed without first being removed with the input manager!
04-22 20:41:36.792 27105 27105 D ThermalCamera: 10000, -9728528, 0xFF6B8DF0
04-22 20:41:36.843 27105 27105 D ThermalCamera: 10000, -9728528, 0xFF6B8DF0
04-22 20:41:36.891 27105 27105 D ThermalCamera: 10000, -9728528, 0xFF6B8DF0
04-22 20:41:36.941 27105 27105 D ThermalCamera: 10000, -9728528, 0xFF6B8DF0
04-22 20:41:36.993 27105 27105 D ThermalCamera: 10000, -9728528, 0xFF6B8DF0
04-22 20:41:37.043 27105 27105 D ThermalCamera: 10000, -9728528, 0xFF6B8DF0
04-22 20:41:37.095 27105 27105 D ThermalCamera: 10000, -9728528, 0xFF6B8DF0
04-22 20:41:37.144 27105 27105 D ThermalCamera: 10000, -9728528, 0xFF6B8DF0
04-22 20:41:37.194 27105 27105 D ThermalCamera: 10000, -9728528, 0xFF6B8DF0
04-22 20:41:37.245 27105 27105 D ThermalCamera: 10000, -9728528, 0xFF6B8DF0
04-22 20:41:37.257 28671 28732 I BistoHotwordHelper: getHotwordActive::active query: null, watch: false, devices connected: []
04-22 20:41:37.294 27105 27105 D ThermalCamera: 10000, -9728528, 0xFF6B8DF0
04-22 20:41:37.330  1220  1220 W TracingMuxer: type=1400 audit(0.0:8439): avc:  denied  { write } for  name="traced_producer" dev="tmpfs" ino=1575 scontext=u:r:gxp_logging:s0 tcontext=u:object_r:traced_producer_socket:s0 tclass=sock_file permissive=0
04-22 20:41:37.344 27105 27105 D ThermalCamera: 10000, -9728528, 0xFF6B8DF0
04-22 20:41:37.394 27105 27105 D ThermalCamera: 10000, -9728528, 0xFF6B8DF0
04-22 20:41:37.444 27105 27105 D ThermalCamera: 10000, -9728528, 0xFF6B8DF0
04-22 20:41:37.495 27105 27105 D ThermalCamera: 10000, -9728528, 0xFF6B8DF0
04-22 20:41:37.546 27105 27105 D ThermalCamera: 10000, -9728528, 0xFF6B8DF0
04-22 20:41:37.597 27105 27105 D ThermalCamera: 10000, -9728528, 0xFF6B8DF0
04-22 20:41:37.648 27105 27105 D ThermalCamera: 10000, -9728528, 0xFF6B8DF0
04-22 20:41:37.691  1542  1941 D ActivityManager: freezing 1726 com.google.android.permissioncontroller
04-22 20:41:37.695  1542  2111 D InetDiagMessage: Destroyed 0 sockets, proto=IPPROTO_TCP, family=AF_INET, states=14
04-22 20:41:37.696  1542  2111 D InetDiagMessage: Destroyed 0 sockets, proto=IPPROTO_TCP, family=AF_INET6, states=14
04-22 20:41:37.696  1542  2111 D InetDiagMessage: Destroyed live tcp sockets for uids={10224} in 2ms
04-22 20:41:37.699 27105 27105 D ThermalCamera: 10000, -9728528, 0xFF6B8DF0
04-22 20:41:37.750 27105 27105 D ThermalCamera: 10000, -9728528, 0xFF6B8DF0
04-22 20:41:37.751 28671 29287 I HDM.SodaTrigFrontend: appOpsListener android:record_audio com.google.android.gms
04-22 20:41:37.752 28671 29287 I HDM.SodaTrigFrontend: Ignoring irrelevant audio permission changes for package com.google.android.gms
04-22 20:41:37.752 28671 29287 I HDM.SodaTrigFrontend: appOpsListener android:record_audio com.google.android.gsf
04-22 20:41:37.752 28671 29287 I HDM.SodaTrigFrontend: Ignoring irrelevant audio permission changes for package com.google.android.gsf
04-22 20:41:37.797   547 26954 I keystore2: system/security/keystore2/watchdog/src/lib.rs:319 - Watchdog thread idle -> terminating. Have a great day.
04-22 20:41:37.800 27105 27105 D ThermalCamera: 10000, -9728528, 0xFF6B8DF0
04-22 20:41:37.850 27105 27105 D ThermalCamera: 10000, -9728528, 0xFF6B8DF0
04-22 20:41:37.901 27105 27105 D ThermalCamera: 10000, -9728528, 0xFF6B8DF0
04-22 20:41:37.967 27105 27105 D ThermalCamera: 10000, -9728528, 0xFF6B8DF0
04-22 20:41:37.984  2395  2420 I deeptouch: I0000 00:00:1713843697.983805    2420 tf_lite_classifier.cc:413] Event stream classified as kNone
04-22 20:41:38.013   970  2716 I bthal.activity: bt_power: LeAdvStat: 20:41:37:012 - 20:41:38:013, duration: 1001, le_adv_count: 2, total_le_adv_count: 62554, total_event_count: 2
04-22 20:41:38.020 27105 27105 I ThermalCamera: LUT file copied to app-specific storage.
04-22 20:41:38.033  1542  2348 D CompatibilityChangeReporter: Compat change id reported: 182734110; UID 10039; state: ENABLED
04-22 20:41:38.034  1542  2348 D CompatibilityChangeReporter: Compat change id reported: 149924527; UID 10039; state: ENABLED
04-22 20:41:38.034  1542  1600 D CompatibilityChangeReporter: Compat change id reported: 132649864; UID 10039; state: DISABLED
04-22 20:41:38.037  4515 24837 W MediaProvider: isAppCloneUserPair for user 0: false
04-22 20:41:38.044  4515 24837 D MediaProvider: Open with FUSE. FilePath: /storage/emulated/0/Download/thermal_camera_20240422_204138.bin. Uid: 10039. Media Capabilities Uid: 0. ShouldRedact: false. ShouldTranscode: false
04-22 20:41:38.049 27105 27105 I ImeTracker: info.jnlm.thermal_camera:1432fe04: onRequestHide at ORIGIN_CLIENT_HIDE_SOFT_INPUT reason HIDE_SOFT_INPUT_FROM_VIEW
04-22 20:41:38.049 27105 27105 I ImeTracker: info.jnlm.thermal_camera:1432fe04: onFailed at PHASE_CLIENT_VIEW_SERVED
04-22 20:41:38.049 27105 27105 W InputMethodManager: Ignoring hideSoftInputFromView() as view=android.widget.Button{62545f0 VFED..C.. ...P.... 259,0-550,126 #7f07008e app:id/startVideoButton} is not served.
04-22 20:41:38.052 27105 27105 D CompatibilityChangeReporter: Compat change id reported: 147798919; UID 10039; state: ENABLED
04-22 20:41:38.062 27105 27105 D ThermalCamera: 10000, -9728528, 0xFF6B8DF0
04-22 20:41:38.068 27105 27116 W System  : A resource failed to call UsbDeviceConnection.close. 
04-22 20:41:38.083  1542  2348 D CoreBackPreview: Window{dbb187f u0 Toast}: Setting back callback OnBackInvokedCallbackInfo{mCallback=android.window.IOnBackInvokedCallback$Stub$Proxy@5f2bd9b, mPriority=0, mIsAnimationCallback=false}
04-22 20:41:38.092   562 25195 W gralloc4: Unable to set buffer name VRI[Toast]#574(BLAST Consumer)574: File name too long
04-22 20:41:38.093   562 25195 W gralloc4: Unable to set buffer name VRI[Toast]#574(BLAST Consumer)574: File name too long
04-22 20:41:38.093   562 25195 W gralloc4: Unable to set buffer name VRI[Toast]#574(BLAST Consumer)574: File name too long
04-22 20:41:38.094   562 25195 W gralloc4: Unable to set buffer name VRI[Toast]#574(BLAST Consumer)574: File name too long
04-22 20:41:38.094   562 25195 W gralloc4: Unable to set buffer name VRI[Toast]#574(BLAST Consumer)574: File name too long
04-22 20:41:38.102 31991 26913 I NetworkScheduler.Stats: (REDACTED) Task %s/%s started execution. cause:%s exec_start_elapsed_seconds: %s
04-22 20:41:38.107 31991 26706 I NetworkScheduler.Stats: (REDACTED) Task %s/%s finished executing. cause:%s result: %s elapsed_millis: %s uptime_millis: %s exec_start_elapsed_seconds: %s
04-22 20:41:38.113 27105 27105 D ThermalCamera: 10000, -9728528, 0xFF6B8DF0
04-22 20:41:38.164 27105 27105 D ThermalCamera: 10000, -9728528, 0xFF6B8DF0
04-22 20:41:38.214 27105 27105 D ThermalCamera: 10000, -9728528, 0xFF6B8DF0
04-22 20:41:38.264 27105 27105 D ThermalCamera: 10000, -9728528, 0xFF6B8DF0
04-22 20:41:38.314 27105 27105 D ThermalCamera: 10000, -9728528, 0xFF6B8DF0
04-22 20:41:38.364 27105 27105 D ThermalCamera: 10000, -9728528, 0xFF6B8DF0
04-22 20:41:38.372 31991 32034 I NearbyUWB: (REDACTED) Client %s (%s) disconnecting %s
04-22 20:41:38.373 31991 26705 I NearbyUWB: stop ranging called. [CONTEXT service_id=49 ]
04-22 20:41:38.378 31991 26141 I NearbyUWB: (REDACTED) User opted in for analytics reporting: %s.
04-22 20:41:38.379 31991 26141 I NearbyUWB: (REDACTED) User opted in for analytics reporting: %s.
04-22 20:41:38.380 31991 26141 I NearbyUWB: clientSession Logged [CONTEXT service_id=49 ]
04-22 20:41:38.380 31991 26141 I NearbyUWB: AnalyticsLogger is shutdown. [CONTEXT service_id=49 ]
04-22 20:41:38.417 27105 27105 D ThermalCamera: 10000, -9728528, 0xFF6B8DF0
04-22 20:41:38.468 27105 27105 D ThermalCamera: 10000, -9728528, 0xFF6B8DF0
04-22 20:41:38.518 27105 27105 D ThermalCamera: 10000, -9728528, 0xFF6B8DF0
04-22 20:41:38.542  1050  1090 I WifiHAL : Creating message to get link statistics; iface = 47
04-22 20:41:38.568 27105 27105 D ThermalCamera: 10000, -9728528, 0xFF6B8DF0
04-22 20:41:38.584  1050  1090 I WifiHAL : In GetLinkStatsCommand::handleResponse
04-22 20:41:38.619 27105 27105 D ThermalCamera: 10000, -9728528, 0xFF6B8DF0
04-22 20:41:38.625  1542  2111 D ConnectivityService: NetReassign [no changes] [c 1] [a 1] [i 1]
04-22 20:41:38.670 27105 27105 D ThermalCamera: 10000, -9728528, 0xFF6B8DF0
04-22 20:41:38.719 27105 27105 D ThermalCamera: 10000, -9728528, 0xFF6B8DF0
04-22 20:41:38.771 27105 27105 D ThermalCamera: 10000, -9728528, 0xFF6B8DF0
04-22 20:41:38.822 27105 27105 D ThermalCamera: 10000, -9728528, 0xFF6B8DF0
04-22 20:41:38.845  1542  4594 E TaskPersister: File error accessing recents directory (directory doesn't exist?).
04-22 20:41:38.873 27105 27105 D ThermalCamera: 10000, -9728528, 0xFF6B8DF0
04-22 20:41:38.922 27105 27105 D ThermalCamera: 10000, -9728528, 0xFF6B8DF0
04-22 20:41:38.973 27105 27105 D ThermalCamera: 10000, -9728528, 0xFF6B8DF0
04-22 20:41:39.022 27105 27105 D ThermalCamera: 10000, -9728528, 0xFF6B8DF0
04-22 20:41:39.072 27105 27105 D ThermalCamera: 10000, -9728528, 0xFF6B8DF0
04-22 20:41:39.123 27105 27105 D ThermalCamera: 10000, -9728528, 0xFF6B8DF0
04-22 20:41:39.173 27105 27105 D ThermalCamera: 10000, -9728528, 0xFF6B8DF0
04-22 20:41:39.224 27105 27105 D ThermalCamera: 10000, -9728528, 0xFF6B8DF0
04-22 20:41:39.256  1135  1155 I WPKTRT  : process_address_event: 2601:640:8e00:1c90:74c5:e5ff:fe85:f7fc added to wlan0
04-22 20:41:39.256  1135  1155 I WPKTRT  : process_address_event: 2601:640:8e00:1c90:be8b:24d6:b566:a106 added to wlan0
04-22 20:41:39.258  1050  1090 E WifiHAL : Setting APF program, halHandle = 0xb40000741501f690
04-22 20:41:39.258  1050  1090 E WifiHAL : Set apf filter for iface = wlan0
04-22 20:41:39.258  1050  1090 I WifiHAL : createRequest: APF set program request
04-22 20:41:39.258  1050  1090 E WifiHAL : Success to allocate program of len: 558
04-22 20:41:39.271  1050  1090 I WifiHAL : Done!
04-22 20:41:39.273 27105 27105 D ThermalCamera: 10000, -9728528, 0xFF6B8DF0
04-22 20:41:39.323 27105 27105 D ThermalCamera: 10000, -9728528, 0xFF6B8DF0
04-22 20:41:39.328 26422 26422 I InteractionApiChimeraSe: onDestroy: API not enabled [CONTEXT service_id=336 ]
04-22 20:41:39.375 27105 27105 D ThermalCamera: 10000, -9728528, 0xFF6B8DF0
04-22 20:41:39.435 27105 27105 D ThermalCamera: 10000, -9728528, 0xFF6B8DF0
04-22 20:41:39.472  2395  2420 I deeptouch: I0000 00:00:1713843699.472385    2420 tf_lite_classifier.cc:413] Event stream classified as kNone
04-22 20:41:39.477 27105 27105 I ImeTracker: info.jnlm.thermal_camera:948a62ee: onRequestHide at ORIGIN_CLIENT_HIDE_SOFT_INPUT reason HIDE_SOFT_INPUT_FROM_VIEW
04-22 20:41:39.477 27105 27105 I ImeTracker: info.jnlm.thermal_camera:948a62ee: onFailed at PHASE_CLIENT_VIEW_SERVED
04-22 20:41:39.477 27105 27105 W InputMethodManager: Ignoring hideSoftInputFromView() as view=android.widget.Button{28c33d5 VFED..C.. ...P.... 550,0-821,126 #7f07008f app:id/stopVideoButton} is not served.
04-22 20:41:39.479 27105 27105 V ThermalCamera: Converting /storage/emulated/0/Download/thermal_camera_20240422_204138.bin to /storage/emulated/0/Pictures/thermal_camera/thermal_camera_20240422_204138.mp4
04-22 20:41:39.483 27105 27105 I mobile-ffmpeg: Loading mobile-ffmpeg.
04-22 20:41:39.520 27105 27105 I mobile-ffmpeg: Loaded mobile-ffmpeg-min-arm64-v8a-4.4-lts-20210207.
04-22 20:41:39.521 27105 27149 D mobile-ffmpeg: Callback thread started.
04-22 20:41:39.521 27105 27149 I mobile-ffmpeg: ffmpeg version v4.4-dev-416
04-22 20:41:39.521 27105 27149 I mobile-ffmpeg:  Copyright (c) 2000-2020 the FFmpeg developers
04-22 20:41:39.521 27105 27149 I mobile-ffmpeg: 
04-22 20:41:39.521 27105 27149 I mobile-ffmpeg:   built with Android (6454773 based on r365631c2) clang version 9.0.8 (https://android.googlesource.com/toolchain/llvm-project 98c855489587874b2a325e7a516b99d838599c6f) (based on LLVM 9.0.8svn)
04-22 20:41:39.521 27105 27149 I mobile-ffmpeg:   configuration: --cross-prefix=aarch64-linux-android- --sysroot=/files/android-sdk/ndk/21.3.6528147/toolchains/llvm/prebuilt/linux-x86_64/sysroot --prefix=/home/taner/Projects/mobile-ffmpeg/prebuilt/android-arm64/ffmpeg --pkg-config=/usr/bin/pkg-config --enable-version3 --arch=aarch64 --cpu=armv8-a --cc=aarch64-linux-android21-clang --cxx=aarch64-linux-android21-clang++ --extra-libs='-L/storage/light/projects/mobile-ffmpeg/prebuilt/android-arm64/cpu-features/lib -lndk_compat' --target-os=android --enable-neon --enable-asm --enable-inline-asm --enable-cross-compile --enable-pic --enable-jni --enable-optimizations --enable-swscale --enable-shared --enable-v4l2-m2m --disable-outdev=fbdev --disable-indev=fbdev --enable-small --disable-openssl --disable-xmm-clobber-test --disable-debug --enable-lto --disable-neon-clobber-test --disable-programs --disable-postproc --disable-doc --disable-htmlpages --disable-manpages --disable-podpages --disable-txtpages --disable-static --disable-sndio --disable-schannel --disable-securetransport --disable-xlib --disable-cuda --disable-cuvid --disable-nvenc --disable-vaapi --disable-vdpau --disable-videotoolbox --disable-audiotoolbox --disable-appkit --disable-alsa --disable-cuda --disable-cuvid --disable-nvenc --disable-vaapi --disable-vdpau --disable-sdl2 --enable-zlib --enable-mediacodec
04-22 20:41:39.521 27105 27149 I mobile-ffmpeg:   libavutil      56. 55.100 / 56. 55.100
04-22 20:41:39.521 27105 27149 I mobile-ffmpeg:   libavcodec     58. 96.100 / 58. 96.100
04-22 20:41:39.521 27105 27149 I mobile-ffmpeg:   libavformat    58. 48.100 / 58. 48.100
04-22 20:41:39.521 27105 27149 I mobile-ffmpeg:   libavdevice    58. 11.101 / 58. 11.101
04-22 20:41:39.521 27105 27149 I mobile-ffmpeg:   libavfilter     7. 87.100 /  7. 87.100
04-22 20:41:39.521 27105 27149 I mobile-ffmpeg:   libswscale      5.  8.100 /  5.  8.100
04-22 20:41:39.521 27105 27149 I mobile-ffmpeg:   libswresample   3.  8.100 /  3.  8.100
04-22 20:41:39.528 27105 27149 W mobile-ffmpeg: [rawvideo @ 0xb400007a3b89b730] Estimating duration from bitrate, this may be inaccurate
04-22 20:41:39.528 27105 27149 I mobile-ffmpeg: Input #0, rawvideo, from '/storage/emulated/0/Download/thermal_camera_20240422_204138.bin':
04-22 20:41:39.528 27105 27149 I mobile-ffmpeg:   Duration: 
04-22 20:41:39.528 27105 27149 I mobile-ffmpeg: 00:00:01.12
04-22 20:41:39.528 27105 27149 I mobile-ffmpeg: , start: 
04-22 20:41:39.528 27105 27149 I mobile-ffmpeg: 0.000000
04-22 20:41:39.528 27105 27149 I mobile-ffmpeg: , bitrate: 
04-22 20:41:39.528 27105 27149 I mobile-ffmpeg: 19660 kb/s
04-22 20:41:39.528 27105 27149 I mobile-ffmpeg: 
04-22 20:41:39.528 27105 27149 I mobile-ffmpeg:     Stream #0:0
04-22 20:41:39.528 27105 27149 I mobile-ffmpeg: : Video: rawvideo (Y1[0][16] / 0x10003159), gray16le, 256x192, 19660 kb/s
04-22 20:41:39.529 27105 27149 I mobile-ffmpeg: , 
04-22 20:41:39.529 27105 27149 I mobile-ffmpeg: 25 tbr, 
04-22 20:41:39.529 27105 27149 I mobile-ffmpeg: 25 tbn, 
04-22 20:41:39.529 27105 27149 I mobile-ffmpeg: 25 tbc
04-22 20:41:39.529 27105 27149 I mobile-ffmpeg: 
04-22 20:41:39.532  4515 21757 W MediaProvider: isAppCloneUserPair for user 0: false
04-22 20:41:39.534 27105 27149 I mobile-ffmpeg: Stream mapping:
04-22 20:41:39.534 27105 27149 I mobile-ffmpeg:   Stream #0:0 -> #0:0
04-22 20:41:39.534 27105 27149 I mobile-ffmpeg:  (rawvideo (native) -> mpeg4 (native))
04-22 20:41:39.534 27105 27149 I mobile-ffmpeg: 
04-22 20:41:39.534 27105 27149 I mobile-ffmpeg: Press [q] to stop, [?] for help
04-22 20:41:39.580 27105 27149 W mobile-ffmpeg: [graph 0 input from stream 0:0 @ 0xb4000079cb864110] sws_param option is deprecated and ignored
04-22 20:41:39.584 31991 26930 I NetworkScheduler.Stats: (REDACTED) Task %s/%s started execution. cause:%s exec_start_elapsed_seconds: %s
04-22 20:41:39.586 27105 27149 I mobile-ffmpeg: Output #0, mp4, to '/storage/emulated/0/Pictures/thermal_camera/thermal_camera_20240422_204138.mp4':
04-22 20:41:39.586 27105 27149 I mobile-ffmpeg:   Metadata:
04-22 20:41:39.586 27105 27149 I mobile-ffmpeg:     encoder         : 
04-22 20:41:39.586 27105 27149 I mobile-ffmpeg: Lavf58.48.100
04-22 20:41:39.586 27105 27149 I mobile-ffmpeg: 
04-22 20:41:39.586 27105 27149 I mobile-ffmpeg:     Stream #0:0
04-22 20:41:39.586 27105 27149 I mobile-ffmpeg: : Video: mpeg4 (mp4v / 0x7634706D), yuv420p, 256x192, q=2-31, 200 kb/s
04-22 20:41:39.586 27105 27149 I mobile-ffmpeg: , 
04-22 20:41:39.586 27105 27149 I mobile-ffmpeg: 25 fps, 
04-22 20:41:39.586 27105 27149 I mobile-ffmpeg: 12800 tbn, 
04-22 20:41:39.586 27105 27149 I mobile-ffmpeg: 25 tbc
04-22 20:41:39.586 27105 27149 I mobile-ffmpeg: 
04-22 20:41:39.586 27105 27149 I mobile-ffmpeg:     Metadata:
04-22 20:41:39.586 27105 27149 I mobile-ffmpeg:       encoder         : 
04-22 20:41:39.586 27105 27149 I mobile-ffmpeg: Lavc58.96.100 mpeg4
04-22 20:41:39.586 27105 27149 I mobile-ffmpeg: 
04-22 20:41:39.586 27105 27149 I mobile-ffmpeg:     Side data:
04-22 20:41:39.586 27105 27149 I mobile-ffmpeg:       
04-22 20:41:39.586 27105 27149 I mobile-ffmpeg: cpb: 
04-22 20:41:39.586 27105 27149 I mobile-ffmpeg: bitrate max/min/avg: 0/0/200000 buffer size: 0 
04-22 20:41:39.586 27105 27149 I mobile-ffmpeg: vbv_delay: N/A
04-22 20:41:39.586 27105 27149 I mobile-ffmpeg: 
04-22 20:41:39.590 31991 26913 I NetworkScheduler.Stats: (REDACTED) Task %s/%s finished executing. cause:%s result: %s elapsed_millis: %s uptime_millis: %s exec_start_elapsed_seconds: %s
04-22 20:41:39.702 27105 27149 I mobile-ffmpeg: frame=   28 fps=0.0 q=7.9 Lsize=     106kB time=00:00:01.08 bitrate= 806.8kbits/s speed=6.42x    
04-22 20:41:39.702 27105 27149 I mobile-ffmpeg: video:105kB audio:0kB subtitle:0kB other streams:0kB global headers:0kB muxing overhead: 
04-22 20:41:39.702 27105 27149 I mobile-ffmpeg: 0.908813%
04-22 20:41:39.702 27105 27149 I mobile-ffmpeg: 
04-22 20:41:39.720 27105 27105 D ThermalCamera: 10000, -9728528, 0xFF6B8DF0
04-22 20:41:39.724  4515  8774 I MediaProvider: Begin Intent { act=android.intent.action.MEDIA_SCANNER_SCAN_FILE dat=file:///... flg=0x1000010 cmp=com.google.android.providers.media.module/com.android.providers.media.MediaService }
04-22 20:41:39.747  1228  1228 D AOC     : A3:MSG: lsm6dsv_device.cc, 741: USF: Lsm6dsvDevice: Sensor 4: Enabled 0, odr_index 0, period_ns 0.
04-22 20:41:39.748  1228  1228 D AOC     : A3:MSG: lsm6dsv_fifo.cc, 755: USF: Lsm6dsvFifo: ODR: XL/G/T/TS: 60/240/15/30 WM: 19 Intr: 19.
04-22 20:41:39.748  1228  1228 D AOC     : A3:MSG: lsm6dsv_device.cc, 650: USF: Lsm6dsvDevice: Fifo was disabled for 614380ns.
04-22 20:41:39.749  1228  1228 D AOC     : A3:MSG: usf_sensor.cc, 1685: USF: Received stop sampling request for LSM6DSV Stationary Detect (active:-1).
04-22 20:41:39.749  1228  1228 D AOC     : A3:MSG: usf_sensor.cc, 2141: USF: Sampling configuration 32936 not found.
04-22 20:41:39.749  1228  1228 D AOC     : A3:MSG: usf_sensor_client.cc, 161: USF: Received kErrNotFound when disabling one shot sensor.
04-22 20:41:39.749  1228  1228 D AOC     : A3:MSG: usf_sensor.cc, 1677: USF: Received start sampling request for LSM6DSV Motion Detect (active:1).
04-22 20:41:39.750  1228  1228 D AOC     : A3:MSG: lsm6dsv_device.cc, 741: USF: Lsm6dsvDevice: Sensor 3: Enabled 1, odr_index 1, period_ns 500000000.
04-22 20:41:39.750  1228  1228 D AOC     : A3:MSG: lsm6dsv_fifo.cc, 755: USF: Lsm6dsvFifo: ODR: XL/G/T/TS: 60/240/15/30 WM: 19 Intr: 19.
04-22 20:41:39.750  1228  1228 D AOC     : A3:MSG: lsm6dsv_device.cc, 650: USF: Lsm6dsvDevice: Fifo was disabled for 365560ns.
04-22 20:41:39.751  1228  1228 D AOC     : A3:MSG: motion_state_sensor.cc, 327: USF: MoSt: MotionDetect sampling started with sampling ID 32954.
04-22 20:41:39.752  1228  1228 D AOC     : A3:MSG: usf_sensor.cc, 1677: USF: Received start sampling request for LSM6DSV Motion Detect (active:2).
04-22 20:41:39.754  1228  1228 D AOC     : A3:MSG: usf_sensor.cc, 1685: USF: Received stop sampling request for LSM6DSV Free Fall Detect (active:0).
04-22 20:41:39.754  1228  1228 D AOC     : A3:MSG: lsm6dsv_device.cc, 741: USF: Lsm6dsvDevice: Sensor 5: Enabled 0, odr_index 0, period_ns 0.
04-22 20:41:39.755  1228  1228 D AOC     : A3:MSG: lsm6dsv_fifo.cc, 755: USF: Lsm6dsvFifo: ODR: XL/G/T/TS: 60/240/15/30 WM: 19 Intr: 19.
04-22 20:41:39.756  1228  1228 D AOC     : A3:MSG: lsm6dsv_device.cc, 650: USF: Lsm6dsvDevice: Fifo was disabled for 501505ns.
04-22 20:41:39.757  1228  1228 D AOC     : A3:MSG: usf_sensor.cc, 1685: USF: Received stop sampling request for LSM6DSV Stationary Detect (active:-1).
04-22 20:41:39.757  1228  1228 D AOC     : A3:MSG: usf_sensor.cc, 2141: USF: Sampling configuration 32943 not found.
04-22 20:41:39.757  1228  1228 D AOC     : A3:MSG: usf_sensor_client.cc, 145: USF: Received kErrNotFound when disabling one shot sensor.
04-22 20:41:39.770 27105 27105 D ThermalCamera: 10000, -9728528, 0xFF6B8DF0
04-22 20:41:39.818  4515  8774 I MediaProvider: End Intent { act=android.intent.action.MEDIA_SCANNER_SCAN_FILE dat=file:///... flg=0x1000010 cmp=com.google.android.providers.media.module/com.android.providers.media.MediaService }
04-22 20:41:39.821 27105 27105 D ThermalCamera: 10000, -9728528, 0xFF6B8DF0
04-22 20:41:39.872 27105 27105 D ThermalCamera: 10000, -9728528, 0xFF6B8DF0
04-22 20:41:39.892  4515 18654 I PSyncWorker: Starting proactive picker sync from sync source: 1
04-22 20:41:39.892  4515 18654 I PickerSyncTracker: Created new sync future java.util.concurrent.CompletableFuture@e8bdd17[Not completed, 1 dependents]. Future map: {8aa695e2-48da-47b4-b3b7-a8f2ccbd94b7=java.util.concurrent.CompletableFuture@e8bdd17[Not completed, 1 dependents]}
04-22 20:41:39.892  4515 18654 D PickerSyncController: syncAllMediaFromProvider() LOCAL, auth=com.android.providers.media.photopicker, retry=true
04-22 20:41:39.892  4515 18654 D PickerSyncController: getSyncRequestParams() LOCAL, auth=com.android.providers.media.photopicker
04-22 20:41:39.893 31991 27166 I NetworkScheduler.Stats: (REDACTED) Task %s/%s started execution. cause:%s exec_start_elapsed_seconds: %s
04-22 20:41:39.894  4515 18654 D PickerSyncController:    Latest ID/Gen=1407:09e79bae-2243-415b-aab3-708f77494a6c:external_primary/4410
04-22 20:41:39.894  4515 18654 D PickerSyncController:    Cached ID/Gen=1407:09e79bae-2243-415b-aab3-708f77494a6c:external_primary/4398
04-22 20:41:39.895  4515 18654 D PickerSyncController:    RESULT=SyncRequestParams{type=MEDIA_INCREMENTAL, gen=4398, latest=Bundle[{last_media_sync_generation=4410, media_collection_id=1407:09e79bae-2243-415b-aab3-708f77494a6c:external_primary}], pageSize=1000}
04-22 20:41:39.895  4515 18654 I PickerSyncController: Executing SyncAdd. isLocal: true. authority: com.android.providers.media.photopicker
04-22 20:41:39.895  4515 18654 D PickerSyncLockManager: Trying to acquire lock com.android.providers.media.photopicker.sync.CloseableReentrantLock@28ec464[Unlocked]. Lock Name = CLOUD_PROVIDER_LOCK. Threads that may be waiting to acquire this lock = [] with timeout.
04-22 20:41:39.895  4515 18654 D CloseableReentrantLock: Successfully acquired lock com.android.providers.media.photopicker.sync.CloseableReentrantLock@28ec464[Locked by thread pool-3-thread-6]. Lock Name = CLOUD_PROVIDER_LOCK. Threads that may be waiting to acquire this lock = []
04-22 20:41:39.895  4515 18654 D CloseableReentrantLock: Successfully released lock com.android.providers.media.photopicker.sync.CloseableReentrantLock@28ec464[Unlocked]. Lock Name = CLOUD_PROVIDER_LOCK. Threads that may be waiting to acquire this lock = []
04-22 20:41:39.895  4515 18654 D ExternalDbFacade: Token received for queryMedia = null
04-22 20:41:39.904 31991 26913 I NetworkScheduler.Stats: (REDACTED) Task %s/%s finished executing. cause:%s result: %s elapsed_millis: %s uptime_millis: %s exec_start_elapsed_seconds: %s
04-22 20:41:39.912  4515 18654 D PickerSyncLockManager: Trying to acquire lock com.android.providers.media.photopicker.sync.CloseableReentrantLock@28ec464[Unlocked]. Lock Name = CLOUD_PROVIDER_LOCK. Threads that may be waiting to acquire this lock = [] with timeout.
04-22 20:41:39.912  4515 18654 D CloseableReentrantLock: Successfully acquired lock com.android.providers.media.photopicker.sync.CloseableReentrantLock@28ec464[Locked by thread pool-3-thread-6]. Lock Name = CLOUD_PROVIDER_LOCK. Threads that may be waiting to acquire this lock = []
04-22 20:41:39.912  4515 18654 D PickerSyncController: Saving next page token: 1713843699000|1000000427 for key: local_provider:media_add:resume
04-22 20:41:39.912  4515 18654 D CloseableReentrantLock: Successfully released lock com.android.providers.media.photopicker.sync.CloseableReentrantLock@28ec464[Unlocked]. Lock Name = CLOUD_PROVIDER_LOCK. Threads that may be waiting to acquire this lock = []
04-22 20:41:39.913  4515 18654 D ExternalDbFacade: Token received for queryMedia = 1713843699000|1000000427
04-22 20:41:39.918  4515 18654 D PickerSyncLockManager: Trying to acquire lock com.android.providers.media.photopicker.sync.CloseableReentrantLock@28ec464[Unlocked]. Lock Name = CLOUD_PROVIDER_LOCK. Threads that may be waiting to acquire this lock = [] with timeout.
04-22 20:41:39.918  4515 18654 D CloseableReentrantLock: Successfully acquired lock com.android.providers.media.photopicker.sync.CloseableReentrantLock@28ec464[Locked by thread pool-3-thread-6]. Lock Name = CLOUD_PROVIDER_LOCK. Threads that may be waiting to acquire this lock = []
04-22 20:41:39.918  4515 18654 D PickerSyncController: Clearing next page token for key: local_provider:media_add:resume
04-22 20:41:39.918  4515 18654 D CloseableReentrantLock: Successfully released lock com.android.providers.media.photopicker.sync.CloseableReentrantLock@28ec464[Unlocked]. Lock Name = CLOUD_PROVIDER_LOCK. Threads that may be waiting to acquire this lock = []
04-22 20:41:39.918  4515 18654 I PickerSyncController: Paged sync successful. QueryArgs: Bundle[{android.provider.extra.PAGE_TOKEN=1713843699000|1000000427, android.provider.extra.SYNC_GENERATION=4398, android.provider.extra.PAGE_SIZE=1000}] Total Rows: 1
04-22 20:41:39.918  4515 18654 I PickerSyncController: Executing SyncRemove. isLocal: true. authority: com.android.providers.media.photopicker
04-22 20:41:39.918  4515 18654 D PickerSyncLockManager: Trying to acquire lock com.android.providers.media.photopicker.sync.CloseableReentrantLock@28ec464[Unlocked]. Lock Name = CLOUD_PROVIDER_LOCK. Threads that may be waiting to acquire this lock = [] with timeout.
04-22 20:41:39.918  4515 18654 D CloseableReentrantLock: Successfully acquired lock com.android.providers.media.photopicker.sync.CloseableReentrantLock@28ec464[Locked by thread pool-3-thread-6]. Lock Name = CLOUD_PROVIDER_LOCK. Threads that may be waiting to acquire this lock = []
04-22 20:41:39.918  4515 18654 D CloseableReentrantLock: Successfully released lock com.android.providers.media.photopicker.sync.CloseableReentrantLock@28ec464[Unlocked]. Lock Name = CLOUD_PROVIDER_LOCK. Threads that may be waiting to acquire this lock = []
04-22 20:41:39.921  4515 18654 D PickerSyncLockManager: Trying to acquire lock com.android.providers.media.photopicker.sync.CloseableReentrantLock@28ec464[Unlocked]. Lock Name = CLOUD_PROVIDER_LOCK. Threads that may be waiting to acquire this lock = [] with timeout.
04-22 20:41:39.921  4515 18654 D CloseableReentrantLock: Successfully acquired lock com.android.providers.media.photopicker.sync.CloseableReentrantLock@28ec464[Locked by thread pool-3-thread-6]. Lock Name = CLOUD_PROVIDER_LOCK. Threads that may be waiting to acquire this lock = []
04-22 20:41:39.921  4515 18654 D PickerSyncController: Clearing next page token for key: local_provider:media_remove:resume
04-22 20:41:39.921  4515 18654 D CloseableReentrantLock: Successfully released lock com.android.providers.media.photopicker.sync.CloseableReentrantLock@28ec464[Unlocked]. Lock Name = CLOUD_PROVIDER_LOCK. Threads that may be waiting to acquire this lock = []
04-22 20:41:39.921  4515 18654 I PickerSyncController: Paged sync successful. QueryArgs: Bundle[{android.provider.extra.PAGE_TOKEN=1713843699000|1000000427, android.provider.extra.SYNC_GENERATION=4398, android.provider.extra.PAGE_SIZE=1000}] Total Rows: 0
04-22 20:41:39.922  4515 18654 I PickerSyncTracker: Marked sync future complete for work id: 8aa695e2-48da-47b4-b3b7-a8f2ccbd94b7. Future map: {}
04-22 20:41:39.922  4515 18654 I PSyncWorker: Completed picker proactive sync complete from local provider.
04-22 20:41:39.922 27105 27105 D ThermalCamera: 10000, -9728528, 0xFF6B8DF0
04-22 20:41:39.923  4515  4698 I WM-WorkerWrapper: Worker result SUCCESS for Work [ id=8aa695e2-48da-47b4-b3b7-a8f2ccbd94b7, tags={ com.android.providers.media.photopicker.sync.ProactiveSyncWorker } ]
04-22 20:41:39.973 27105 27105 D ThermalCamera: 10000, -9728528, 0xFF6B8DF0
04-22 20:41:40.023 27105 27105 D ThermalCamera: 10000, -9728528, 0xFF6B8DF0
04-22 20:41:40.072 27105 27105 D ThermalCamera: 10000, -9728528, 0xFF6B8DF0
04-22 20:41:40.078  1228  1228 D AOC     : A3:MSG: usf_sensor.cc, 1677: USF: Received start sampling request for LSM6DSV Gyroscope (active:3).
04-22 20:41:40.078  1228  1228 D AOC     : A3:MSG: lsm6dsv_device.cc, 741: USF: Lsm6dsvDevice: Sensor 1: Enabled 1, odr_index 5, period_ns 20000000.
04-22 20:41:40.078  1228  1228 D AOC     : A3:MSG: lsm6dsv_fifo.cc, 755: USF: Lsm6dsvFifo: ODR: XL/G/T/TS: 60/60/15/7 WM: 6 Intr: 24.
04-22 20:41:40.079  1228  1228 D AOC     : A3:MSG: lsm6dsv_device.cc, 650: USF: Lsm6dsvDevice: Fifo was disabled for 395060ns.
04-22 20:41:40.080  1228  1228 D AOC     : A3:MSG: usf_sensor.cc, 1677: USF: Received start sampling request for Fusion Mag (active:2).
04-22 20:41:40.080  1228  1228 D AOC     : A3:MSG: fusion_mag_sensor.cc, 677: USF: FMAG: Reconfig sampling: period(new/old) = 100/10ms, latency = 500ms.
04-22 20:41:40.080  1228  1228 D AOC     : A3:MSG: usf_sensor.cc, 1677: USF: Received start sampling request for MMC56X3X Magnetometer 0 (active:2).
04-22 20:41:40.081  1228  1228 D AOC     : A3:MSG: mmc56x3x_device.cc, 409: USF: MMC56X3X1: mmc56x3x_enable_measure odr = 10.
04-22 20:41:40.082  1228  1228 D AOC     : A3:MSG: usf_sensor.cc, 1677: USF: Received start sampling request for MMC56X3X Magnetometer 1 (active:2).
04-22 20:41:40.082  1228  1228 D AOC     : A3:MSG: mmc56x3x_device.cc, 409: USF: MMC56X3X2: mmc56x3x_enable_measure odr = 10.
04-22 20:41:40.122 27105 27105 D ThermalCamera: 10000, -9728528, 0xFF6B8DF0
04-22 20:41:40.173 27105 27105 D ThermalCamera: 10000, -9728528, 0xFF6B8DF0
04-22 20:41:40.222 27105 27105 D ThermalCamera: 10000, -9728528, 0xFF6B8DF0
04-22 20:41:40.283 27105 27105 D ThermalCamera: 10000, -9728528, 0xFF6B8DF0
04-22 20:41:40.333 27105 27105 D ThermalCamera: 10000, -9728528, 0xFF6B8DF0
04-22 20:41:40.382 27105 27105 D ThermalCamera: 10000, -9728528, 0xFF6B8DF0
04-22 20:41:40.433 27105 27105 D ThermalCamera: 10000, -9728528, 0xFF6B8DF0
04-22 20:41:40.483 27105 27105 D ThermalCamera: 10000, -9728528, 0xFF6B8DF0
04-22 20:41:40.533 27105 27105 D ThermalCamera: 10000, -9728528, 0xFF6B8DF0
04-22 20:41:40.584 27105 27105 D ThermalCamera: 10000, -9728528, 0xFF6B8DF0
04-22 20:41:40.636 27105 27105 D ThermalCamera: 10000, -9728528, 0xFF6B8DF0
04-22 20:41:40.647  2185  2185 W WindowOnBackDispatcher: sendCancelIfRunning: isInProgress=falsecallback=android.view.ViewRootImpl$$ExternalSyntheticLambda11@807fca6
04-22 20:41:40.648  1542  2348 D CoreBackPreview: Window{dbb187f u0 Toast}: Setting back callback null
04-22 20:41:40.653  1542  2348 W InputManager-JNI: Input channel object 'dbb187f Toast (client)' was disposed without first being removed with the input manager!
04-22 20:41:40.656  1542  2348 W NotificationService: Toast already killed. pkg=info.jnlm.thermal_camera token=android.os.BinderProxy@a1d18ba
04-22 20:41:40.676  1542  2348 D CoreBackPreview: Window{45f1ec8 u0 Toast}: Setting back callback OnBackInvokedCallbackInfo{mCallback=android.window.IOnBackInvokedCallback$Stub$Proxy@9ab5f74, mPriority=0, mIsAnimationCallback=false}
04-22 20:41:40.680   562 25195 W gralloc4: Unable to set buffer name VRI[Toast]#575(BLAST Consumer)575: File name too long
04-22 20:41:40.681   562 25195 W gralloc4: Unable to set buffer name VRI[Toast]#575(BLAST Consumer)575: File name too long
04-22 20:41:40.682   562 25195 W gralloc4: Unable to set buffer name VRI[Toast]#575(BLAST Consumer)575: File name too long
04-22 20:41:40.682   562 25195 W gralloc4: Unable to set buffer name VRI[Toast]#575(BLAST Consumer)575: File name too long
04-22 20:41:40.682   562 25195 W gralloc4: Unable to set buffer name VRI[Toast]#575(BLAST Consumer)575: File name too long
04-22 20:41:40.684 27105 27105 D ThermalCamera: 10000, -9728528, 0xFF6B8DF0
04-22 20:41:40.735 27105 27105 D ThermalCamera: 10000, -9728528, 0xFF6B8DF0
04-22 20:41:40.786 27105 27105 D ThermalCamera: 10000, -9728528, 0xFF6B8DF0
04-22 20:41:40.836 27105 27105 D ThermalCamera: 10000, -9728528, 0xFF6B8DF0
04-22 20:41:40.886 27105 27105 D ThermalCamera: 10000, -9728528, 0xFF6B8DF0
04-22 20:41:40.937 27105 27105 D ThermalCamera: 10000, -9728528, 0xFF6B8DF0
04-22 20:41:40.986 27105 27105 D ThermalCamera: 10000, -9728528, 0xFF6B8DF0
04-22 20:41:41.036 27105 27105 D ThermalCamera: 10000, -9728528, 0xFF6B8DF0
04-22 20:41:41.080   970  2716 I bthal.activity: bt_power: LeAdvStat: 20:41:39:318 - 20:41:41:079, duration: 1761, le_adv_count: 3, total_le_adv_count: 62557, total_event_count: 3
04-22 20:41:41.087 27105 27105 D ThermalCamera: 10000, -9728528, 0xFF6B8DF0
04-22 20:41:41.136 31991 31991 D BoundBrokerSvc: onUnbind: Intent { act=com.google.android.gms.clearcut.bootcount.service.START dat=chimera-action:/... cmp=com.google.android.gms/.chimera.PersistentBoundBrokerService }
04-22 20:41:41.136 27105 27105 D ThermalCamera: 10000, -9728528, 0xFF6B8DF0
04-22 20:41:41.186 27105 27105 D ThermalCamera: 10000, -9728528, 0xFF6B8DF0
04-22 20:41:41.237 27105 27105 D ThermalCamera: 10000, -9728528, 0xFF6B8DF0
04-22 20:41:41.288 27105 27105 D ThermalCamera: 10000, -9728528, 0xFF6B8DF0
04-22 20:41:41.338 27105 27105 D ThermalCamera: 10000, -9728528, 0xFF6B8DF0
04-22 20:41:41.389 27105 27105 D ThermalCamera: 10000, -9728528, 0xFF6B8DF0
04-22 20:41:41.438 27105 27105 D ThermalCamera: 10000, -9728528, 0xFF6B8DF0
04-22 20:41:41.488 27105 27105 D ThermalCamera: 10000, -9728528, 0xFF6B8DF0
04-22 20:41:41.539 27105 27105 D ThermalCamera: 10000, -9728528, 0xFF6B8DF0
04-22 20:41:41.588 27105 27105 D ThermalCamera: 10000, -9728528, 0xFF6B8DF0
04-22 20:41:41.625  1050  1090 I WifiHAL : Creating message to get link statistics; iface = 47
04-22 20:41:41.638 27105 27105 D ThermalCamera: 10000, -9728528, 0xFF6B8DF0
04-22 20:41:41.667  1050  1090 I WifiHAL : In GetLinkStatsCommand::handleResponse
04-22 20:41:41.688 27105 27105 D ThermalCamera: 10000, -9728528, 0xFF6B8DF0
04-22 20:41:41.708  1542  2111 D ConnectivityService: NetReassign [no changes] [c 3] [a 6] [i 1]
04-22 20:41:41.738 27105 27105 D ThermalCamera: 10000, -9728528, 0xFF6B8DF0
04-22 20:41:41.789 27105 27105 D ThermalCamera: 10000, -9728528, 0xFF6B8DF0
04-22 20:41:41.839 27105 27105 D ThermalCamera: 10000, -9728528, 0xFF6B8DF0
04-22 20:41:41.888 27105 27105 D ThermalCamera: 10000, -9728528, 0xFF6B8DF0
04-22 20:41:41.938 27105 27105 D ThermalCamera: 10000, -9728528, 0xFF6B8DF0
04-22 20:41:41.990 27105 27105 D ThermalCamera: 10000, -9728528, 0xFF6B8DF0
04-22 20:41:42.039 27105 27105 D ThermalCamera: 10000, -9728528, 0xFF6B8DF0
04-22 20:41:42.089 27105 27105 D ThermalCamera: 10000, -9728528, 0xFF6B8DF0
04-22 20:41:42.140 27105 27105 D ThermalCamera: 10000, -9728528, 0xFF6B8DF0
04-22 20:41:42.191 27105 27105 D ThermalCamera: 10000, -9728528, 0xFF6B8DF0
04-22 20:41:42.241 27105 27105 D ThermalCamera: 10000, -9728528, 0xFF6B8DF0
04-22 20:41:42.291 27105 27105 D ThermalCamera: 10000, -9728528, 0xFF6B8DF0
04-22 20:41:42.328  1135  1155 I WPKTRT  : process_address_event: 2601:640:8e00:1c90:74c5:e5ff:fe85:f7fc added to wlan0
04-22 20:41:42.328  1135  1155 I WPKTRT  : process_address_event: 2601:640:8e00:1c90:be8b:24d6:b566:a106 added to wlan0
04-22 20:41:42.329  1050  1090 E WifiHAL : Setting APF program, halHandle = 0xb40000741501f690
04-22 20:41:42.329  1050  1090 E WifiHAL : Set apf filter for iface = wlan0
04-22 20:41:42.329  1050  1090 I WifiHAL : createRequest: APF set program request
04-22 20:41:42.329  1050  1090 E WifiHAL : Success to allocate program of len: 558
04-22 20:41:42.341 27105 27105 D ThermalCamera: 10000, -9728528, 0xFF6B8DF0
04-22 20:41:42.342  1050  1090 I WifiHAL : Done!
04-22 20:41:42.393 27105 27105 D ThermalCamera: 10000, -9728528, 0xFF6B8DF0
04-22 20:41:42.443 27105 27105 D ThermalCamera: 10000, -9728528, 0xFF6B8DF0
04-22 20:41:42.493 27105 27105 D ThermalCamera: 10000, -9728528, 0xFF6B8DF0
04-22 20:41:42.543 27105 27105 D ThermalCamera: 10000, -9728528, 0xFF6B8DF0
04-22 20:41:42.593 27105 27105 D ThermalCamera: 10000, -9728528, 0xFF6B8DF0
04-22 20:41:42.643 27105 27105 D ThermalCamera: 10000, -9728528, 0xFF6B8DF0
04-22 20:41:42.693 27105 27105 D ThermalCamera: 10000, -9728528, 0xFF6B8DF0
04-22 20:41:42.744 27105 27105 D ThermalCamera: 10000, -9728528, 0xFF6B8DF0
04-22 20:41:42.794 27105 27105 D ThermalCamera: 10000, -9728528, 0xFF6B8DF0
04-22 20:41:42.844 27105 27105 D ThermalCamera: 10000, -9728528, 0xFF6B8DF0
04-22 20:41:42.894 27105 27105 D ThermalCamera: 10000, -9728528, 0xFF6B8DF0
04-22 20:41:42.944 27105 27105 D ThermalCamera: 10000, -9728528, 0xFF6B8DF0
04-22 20:41:42.995 27105 27105 D ThermalCamera: 10000, -9728528, 0xFF6B8DF0
04-22 20:41:43.046 27105 27105 D ThermalCamera: 10000, -9728528, 0xFF6B8DF0
04-22 20:41:43.095  1542  1941 D ActivityManager: freezing 8953 com.android.vending:quick_launch
04-22 20:41:43.095 27105 27105 D ThermalCamera: 10000, -9728528, 0xFF6B8DF0
04-22 20:41:43.146 27105 27105 D ThermalCamera: 10000, -9728528, 0xFF6B8DF0
04-22 20:41:43.148   970  2716 I bthal.activity: bt_power: LeAdvStat: 20:41:42:146 - 20:41:43:148, duration: 1001, le_adv_count: 2, total_le_adv_count: 62559, total_event_count: 2
04-22 20:41:43.196 27105 27105 D ThermalCamera: 10000, -9728528, 0xFF6B8DF0
04-22 20:41:43.245  2185  2185 W WindowOnBackDispatcher: sendCancelIfRunning: isInProgress=falsecallback=android.view.ViewRootImpl$$ExternalSyntheticLambda11@3cf6c5c
04-22 20:41:43.246  1542  1600 D CoreBackPreview: Window{45f1ec8 u0 Toast}: Setting back callback null
04-22 20:41:43.246 27105 27105 D ThermalCamera: 10000, -9728528, 0xFF6B8DF0
04-22 20:41:43.250  1542  1600 W InputManager-JNI: Input channel object '45f1ec8 Toast (client)' was disposed without first being removed with the input manager!
04-22 20:41:43.255  1542  1600 W NotificationService: Toast already killed. pkg=info.jnlm.thermal_camera token=android.os.BinderProxy@2ebd4e3
04-22 20:41:43.296 27105 27105 D ThermalCamera: 10000, -9728528, 0xFF6B8DF0
04-22 20:41:43.346 27105 27105 D ThermalCamera: 10000, -9728528, 0xFF6B8DF0
04-22 20:41:43.396 27105 27105 D ThermalCamera: 10000, -9728528, 0xFF6B8DF0
04-22 20:41:43.398 26422 26422 D BoundBrokerSvc: onUnbind: Intent { act=com.google.android.gms.pay.service.BIND dat=chimera-action:/... cmp=com.google.android.gms/.chimera.GmsApiService }
04-22 20:41:43.448 27105 27105 D ThermalCamera: 10000, -9728528, 0xFF6B8DF0
04-22 20:41:43.498 27105 27105 D ThermalCamera: 10000, -9728528, 0xFF6B8DF0
04-22 20:41:43.548 27105 27105 D ThermalCamera: 10000, -9728528, 0xFF6B8DF0
04-22 20:41:43.599 27105 27105 D ThermalCamera: 10000, -9728528, 0xFF6B8DF0
04-22 20:41:43.648 27105 27105 D ThermalCamera: 10000, -9728528, 0xFF6B8DF0
04-22 20:41:43.698 27105 27105 D ThermalCamera: 10000, -9728528, 0xFF6B8DF0
04-22 20:41:43.749 27105 27105 D ThermalCamera: 10000, -9728528, 0xFF6B8DF0
04-22 20:41:43.800 27105 27105 D ThermalCamera: 10000, -9728528, 0xFF6B8DF0
04-22 20:41:43.854 27105 27105 D ThermalCamera: 10000, -9728528, 0xFF6B8DF0
04-22 20:41:43.905 27105 27105 D ThermalCamera: 10000, -9728528, 0xFF6B8DF0
04-22 20:41:43.954 27105 27105 D ThermalCamera: 10000, -9728528, 0xFF6B8DF0
04-22 20:41:44.005 27105 27105 D ThermalCamera: 10000, -9728528, 0xFF6B8DF0
04-22 20:41:44.027 26422 27171 I Authzen : [DeviceStateSyncManager] The server is in sync with current state. Nothing to do
04-22 20:41:44.028 20843 20843 I Finsky  : [2] acqp.onStartJob(127): SCH: job service start with id 9830.
04-22 20:41:44.032 32373 32373 I Finsky  : [2] acqp.onStartJob(127): SCH: job service start with id 9098.
04-22 20:41:44.036 20843 26836 I Finsky  : [3909] kxz.a(245): SCH: Satisfied jobs for 9830 are: 12-1
04-22 20:41:44.037 20843 27176 I Finsky  : [3916] zuk.accept(439): SCH: Job 12-1 starting
04-22 20:41:44.038 20843 20843 I Finsky  : [2] ContentSyncJob.h(9): [ContentSync] job started
04-22 20:41:44.040 32373 26855 I Finsky  : [3871] kxz.a(245): SCH: Satisfied jobs for 9098 are: 12-1
04-22 20:41:44.042 32373 27178 I Finsky  : [3874] zuk.accept(439): SCH: Job 12-1 starting
04-22 20:41:44.044 32373 32373 I Finsky  : [2] ContentSyncJob.h(9): [ContentSync] job started
04-22 20:41:44.052 11167 27174 I Authzen : [DeviceStateSyncManager] The server is in sync with current state. Nothing to do
04-22 20:41:44.056 27105 27105 D ThermalCamera: 10000, -9728528, 0xFF6B8DF0
04-22 20:41:44.101 20843 20843 W Finsky  : [2] aefy.b(126): STU: Failed to get storage stats for package 'com.google.android.vndk.v35' (1601: Error getting stats: android.content.pm.PackageManager.NameNotFoundException)
04-22 20:41:44.106 27105 27105 D ThermalCamera: 10000, -9728528, 0xFF6B8DF0
04-22 20:41:44.132 20843 20843 W Finsky  : [2] aefy.b(126): STU: Failed to get storage stats for package 'com.google.mainline.primary.libs' (1601: Error getting stats: android.content.pm.PackageManager.NameNotFoundException)
04-22 20:41:44.142 20843 20843 W Finsky  : [2] aefy.b(126): STU: Failed to get storage stats for package 'com.google.android.uwb' (1601: Error getting stats: android.content.pm.PackageManager.NameNotFoundException)
04-22 20:41:44.143 20843 20843 W Finsky  : [2] aefy.b(126): STU: Failed to get storage stats for package 'com.google.pixel.euicc.update' (1601: Error getting stats: android.content.pm.PackageManager.NameNotFoundException)
04-22 20:41:44.148 20843 20843 W Finsky  : [2] aefy.b(126): STU: Failed to get storage stats for package 'com.google.android.widevine.nonupdatable' (1601: Error getting stats: android.content.pm.PackageManager.NameNotFoundException)
04-22 20:41:44.153 20843 20843 W Finsky  : [2] aefy.b(126): STU: Failed to get storage stats for package 'com.google.android.compos' (1601: Error getting stats: android.content.pm.PackageManager.NameNotFoundException)
04-22 20:41:44.153 20843 20843 W Finsky  : [2] aefy.b(126): STU: Failed to get storage stats for package 'com.google.android.tzdata5' (1601: Error getting stats: android.content.pm.PackageManager.NameNotFoundException)
04-22 20:41:44.156 27105 27105 D ThermalCamera: 10000, -9728528, 0xFF6B8DF0
04-22 20:41:44.165 20843 20843 W Finsky  : [2] aefy.b(126): STU: Failed to get storage stats for package 'com.google.android.permission' (1601: Error getting stats: android.content.pm.PackageManager.NameNotFoundException)
04-22 20:41:44.186 20843 20843 W Finsky  : [2] aefy.b(126): STU: Failed to get storage stats for package 'com.google.android.devicelock' (1601: Error getting stats: android.content.pm.PackageManager.NameNotFoundException)
04-22 20:41:44.191 20843 20843 W Finsky  : [2] aefy.b(126): STU: Failed to get storage stats for package 'com.google.android.wifi' (1601: Error getting stats: android.content.pm.PackageManager.NameNotFoundException)
04-22 20:41:44.202 20843 20843 W Finsky  : [2] aefy.b(126): STU: Failed to get storage stats for package 'com.android.apex.cts.shim' (1601: Error getting stats: android.content.pm.PackageManager.NameNotFoundException)
04-22 20:41:44.206 27105 27105 D ThermalCamera: 10000, -9728528, 0xFF6B8DF0
04-22 20:41:44.232 20843 20843 W Finsky  : [2] aefy.b(126): STU: Failed to get storage stats for package 'com.google.android.appsearch' (1601: Error getting stats: android.content.pm.PackageManager.NameNotFoundException)
04-22 20:41:44.232 20843 20843 W Finsky  : [2] aefy.b(126): STU: Failed to get storage stats for package 'com.google.android.media.swcodec' (1601: Error getting stats: android.content.pm.PackageManager.NameNotFoundException)
04-22 20:41:44.234 20843 20843 W Finsky  : [2] aefy.b(126): STU: Failed to get storage stats for package 'com.google.android.art' (1601: Error getting stats: android.content.pm.PackageManager.NameNotFoundException)
04-22 20:41:44.235 20843 20843 W Finsky  : [2] aefy.b(126): STU: Failed to get storage stats for package 'com.google.android.hardware.biometrics.face' (1601: Error getting stats: android.content.pm.PackageManager.NameNotFoundException)
04-22 20:41:44.235 32373 32373 W Finsky  : [2] aefy.b(126): STU: Failed to get storage stats for package 'com.google.android.vndk.v35' (1601: Error getting stats: android.content.pm.PackageManager.NameNotFoundException)
04-22 20:41:44.256 27105 27105 D ThermalCamera: 10000, -9728528, 0xFF6B8DF0
04-22 20:41:44.259 20843 20843 W Finsky  : [2] aefy.b(126): STU: Failed to get storage stats for package 'com.google.android.mediaprovider' (1601: Error getting stats: android.content.pm.PackageManager.NameNotFoundException)
04-22 20:41:44.263 32373 32373 W Finsky  : [2] aefy.b(126): STU: Failed to get storage stats for package 'com.google.mainline.primary.libs' (1601: Error getting stats: android.content.pm.PackageManager.NameNotFoundException)
04-22 20:41:44.272 20843 20843 W Finsky  : [2] aefy.b(126): STU: Failed to get storage stats for package 'com.google.android.btservices' (1601: Error getting stats: android.content.pm.PackageManager.NameNotFoundException)
04-22 20:41:44.276 32373 32373 W Finsky  : [2] aefy.b(126): STU: Failed to get storage stats for package 'com.google.android.uwb' (1601: Error getting stats: android.content.pm.PackageManager.NameNotFoundException)
04-22 20:41:44.277 20843 20843 W Finsky  : [2] aefy.b(126): STU: Failed to get storage stats for package 'com.google.pixel.camera.hal' (1601: Error getting stats: android.content.pm.PackageManager.NameNotFoundException)
04-22 20:41:44.277 20843 20843 W Finsky  : [2] aefy.b(126): STU: Failed to get storage stats for package 'com.google.android.adbd' (1601: Error getting stats: android.content.pm.PackageManager.NameNotFoundException)
04-22 20:41:44.277 32373 32373 W Finsky  : [2] aefy.b(126): STU: Failed to get storage stats for package 'com.google.pixel.euicc.update' (1601: Error getting stats: android.content.pm.PackageManager.NameNotFoundException)
04-22 20:41:44.280 20843 20843 W Finsky  : [2] aefy.b(126): STU: Failed to get storage stats for package 'com.google.android.resolv' (1601: Error getting stats: android.content.pm.PackageManager.NameNotFoundException)
04-22 20:41:44.281 32373 32373 W Finsky  : [2] aefy.b(126): STU: Failed to get storage stats for package 'com.google.android.widevine.nonupdatable' (1601: Error getting stats: android.content.pm.PackageManager.NameNotFoundException)
04-22 20:41:44.284 32373 32373 W Finsky  : [2] aefy.b(126): STU: Failed to get storage stats for package 'com.google.android.compos' (1601: Error getting stats: android.content.pm.PackageManager.NameNotFoundException)
04-22 20:41:44.284 32373 32373 W Finsky  : [2] aefy.b(126): STU: Failed to get storage stats for package 'com.google.android.tzdata5' (1601: Error getting stats: android.content.pm.PackageManager.NameNotFoundException)
04-22 20:41:44.287 20843 20843 W Finsky  : [2] aefy.b(126): STU: Failed to get storage stats for package 'com.android.i18n' (1601: Error getting stats: android.content.pm.PackageManager.NameNotFoundException)
04-22 20:41:44.292 20843 20843 W Finsky  : [2] aefy.b(126): STU: Failed to get storage stats for package 'com.google.android.configinfrastructure' (1601: Error getting stats: android.content.pm.PackageManager.NameNotFoundException)
04-22 20:41:44.293 20843 20843 W Finsky  : [2] aefy.b(126): STU: Failed to get storage stats for package 'com.google.android.media' (1601: Error getting stats: android.content.pm.PackageManager.NameNotFoundException)
04-22 20:41:44.293 20843 20843 W Finsky  : [2] aefy.b(126): STU: Failed to get storage stats for package 'com.google.android.conscrypt' (1601: Error getting stats: android.content.pm.PackageManager.NameNotFoundException)
