--------- beginning of main
04-22 20:41:33.376 31991 31991 D BoundBrokerSvc: onUnbind: Intent { act=com.google.android.gms.homegraph.service.START dat=chimera-action:/... cmp=com.google.android.gms/.chimera.PersistentApiService }
04-22 20:41:33.418  1135  1155 I WPKTRT  : process_address_event: 2601:640:8e00:1c90:74c5:e5ff:fe85:f7fc added to wlan0
04-22 20:41:33.418  1135  1155 I WPKTRT  : process_address_event: 2601:640:8e00:1c90:be8b:24d6:b566:a106 added to wlan0
04-22 20:41:33.421  1050  1090 E WifiHAL : Setting APF program, halHandle = 0xb40000741501f690
04-22 20:41:33.421  1050  1090 E WifiHAL : Set apf filter for iface = wlan0
04-22 20:41:33.421  1050  1090 I WifiHAL : createRequest: APF set program request
04-22 20:41:33.421  1050  1090 E WifiHAL : Success to allocate program of len: 558
04-22 20:41:33.437  1050  1090 I WifiHAL : Done!
04-22 20:41:34.394 31991 26705 D BluetoothAdapter: isLeEnabled(): ON
04-22 20:41:34.416  2430  3004 I bt_stack: [INFO:le_scanning_manager.cc(202)] ScanFilterParamSetup in shim layer
04-22 20:41:34.418  2430  3004 I bt_stack: [INFO:le_scanning_manager.cc(202)] ScanFilterParamSetup in shim layer
04-22 20:41:34.420  2430 21581 I bt_stack: [INFO:le_scanning_manager.cc(160)] Unregister in shim layer, scanner_id:2
04-22 20:41:34.422 31991 26705 D BluetoothAdapter: isLeEnabled(): ON
04-22 20:41:34.427  2430 21581 I bt_stack: [INFO:le_scanning_manager.cc(153)] RegisterScanner in shim layer
04-22 20:41:34.434 31991 32037 D BluetoothLeScanner: onScannerRegistered() - status=0 scannerId=2 mScannerId=0
04-22 20:41:34.435   970  2716 I bthal.activity: bt_power: LeAdvStat: 20:41:33:433 - 20:41:34:435, duration: 1001, le_adv_count: 2, total_le_adv_count: 62552, total_event_count: 3
04-22 20:41:34.444 31991 26705 I NearbySharing: (REDACTED) Started scanning for FastInitiation with mode: %s
04-22 20:41:34.444  2430  3004 I bt_stack: [INFO:le_scanning_manager.cc(266)] ScanFilterEnable in shim layer
04-22 20:41:34.444 31991 26705 I NearbySharing: FastInitiation warming period has ended [CONTEXT service_id=194 ]
04-22 20:41:34.445  2430  3004 I bt_stack: [INFO:le_scanning_manager.cc(241)] ScanFilterAdd in shim layer
04-22 20:41:34.446  2430  3004 I bt_stack: [INFO:le_scanning_manager.cc(202)] ScanFilterParamSetup in shim layer
04-22 20:41:34.446  2430  3004 I bt_stack: [INFO:le_scanning_manager.cc(241)] ScanFilterAdd in shim layer
04-22 20:41:34.447  2430  3004 I bt_stack: [INFO:le_scanning_manager.cc(202)] ScanFilterParamSetup in shim layer
04-22 20:41:34.487 28972 29017 I NearbySharing: FastInitiation warming period has ended [CONTEXT service_id=194 ]
04-22 20:41:35.299  1228  1228 D AOC     : A3:MSG: lsm6dsv_device.cc, 741: USF: Lsm6dsvDevice: Sensor 3: Enabled 0, odr_index 0, period_ns 0.
04-22 20:41:35.299  1228  1228 D AOC     : A3:MSG: lsm6dsv_fifo.cc, 755: USF: Lsm6dsvFifo: ODR: XL/G/T/TS: 60/240/15/30 WM: 19 Intr: 19.
04-22 20:41:35.300  1228  1228 D AOC     : A3:MSG: lsm6dsv_device.cc, 650: USF: Lsm6dsvDevice: Fifo was disabled for 663656ns.
04-22 20:41:35.300  1228  1228 D AOC     : A3:MSG: usf_sensor.cc, 1685: USF: Received stop sampling request for LSM6DSV Motion Detect (active:-1).
04-22 20:41:35.301  1228  1228 D AOC     : A3:MSG: usf_sensor.cc, 2141: USF: Sampling configuration 32953 not found.
04-22 20:41:35.302  1228  1228 D AOC     : A3:MSG: usf_sensor_client.cc, 145: USF: Received kErrNotFound when disabling one shot sensor.
04-22 20:41:35.303  1228  1228 D AOC     : A3:MSG: vsc_controller.cc, 550: VSC: [Significant Motion] stopSensorEvents: sensor 0x20002
04-22 20:41:35.303  1228  1228 D AOC     : A3:MSG: vsc_controller.cc, 532: VSC: [Significant Motion] requestSensorEvents: sensor 0x10001, period=20 latency=3200m
04-22 20:41:35.304  1228  1228 D AOC     : A3:MSG: usf_sensor.cc, 1677: USF: Received start sampling request for LSM6DSV Accelerometer (active:6).
04-22 20:41:35.306  1228  1228 D AOC     : A3:MSG: lsm6dsv_device.cc, 741: USF: Lsm6dsvDevice: Sensor 0: Enabled 1, odr_index 5, period_ns 20000000.
04-22 20:41:35.306  1228  1228 D AOC     : A3:MSG: lsm6dsv_fifo.cc, 755: USF: Lsm6dsvFifo: ODR: XL/G/T/TS: 60/240/15/30 WM: 19 Intr: 19.
04-22 20:41:35.306  1228  1228 D AOC     : A3:MSG: lsm6dsv_device.cc, 650: USF: Lsm6dsvDevice: Fifo was disabled for 294556ns.
04-22 20:41:35.309  2395  2420 I deeptouch: I0000 00:00:1713843695.309710    2420 tf_lite_classifier.cc:413] Event stream classified as kNone
04-22 20:41:35.313 13702 13702 D HotseatPredictionController: setPauseUIUpdate parameter `paused` is true
--------- beginning of system
04-22 20:41:35.319  1542  5125 D CompatibilityChangeReporter: Compat change id reported: 265464455; UID 10039; state: DISABLED
04-22 20:41:35.319  1542  5125 D CompatibilityChangeReporter: Compat change id reported: 265452344; UID 10039; state: DISABLED
04-22 20:41:35.319  1542  5125 D CompatibilityChangeReporter: Compat change id reported: 266124927; UID 10039; state: DISABLED
04-22 20:41:35.319  1542  5125 D CompatibilityChangeReporter: Compat change id reported: 265451093; UID 10039; state: DISABLED
04-22 20:41:35.319  1542  5125 D CompatibilityChangeReporter: Compat change id reported: 265456536; UID 10039; state: DISABLED
04-22 20:41:35.319  1542  5125 D CompatibilityChangeReporter: Compat change id reported: 255940284; UID 10039; state: DISABLED
04-22 20:41:35.319  1542  5125 D CompatibilityChangeReporter: Compat change id reported: 236283604; UID 10039; state: DISABLED
04-22 20:41:35.319  1542  5125 D CompatibilityChangeReporter: Compat change id reported: 263959004; UID 10039; state: DISABLED
04-22 20:41:35.319  1542  5125 D CompatibilityChangeReporter: Compat change id reported: 264304459; UID 10039; state: DISABLED
04-22 20:41:35.320  1542  5125 D CompatibilityChangeReporter: Compat change id reported: 264301586; UID 10039; state: DISABLED
04-22 20:41:35.320  1542  5125 D CompatibilityChangeReporter: Compat change id reported: 254631730; UID 10039; state: DISABLED
04-22 20:41:35.320  1542  5125 D CompatibilityChangeReporter: Compat change id reported: 273509367; UID 10039; state: DISABLED
04-22 20:41:35.320  1542  5125 D CompatibilityChangeReporter: Compat change id reported: 263259275; UID 10039; state: DISABLED
04-22 20:41:35.320  1542  5125 D CompatibilityChangeReporter: Compat change id reported: 174042980; UID 10039; state: DISABLED
04-22 20:41:35.320  1542  5125 D CompatibilityChangeReporter: Compat change id reported: 174042936; UID 10039; state: DISABLED
04-22 20:41:35.320  1542  5125 D CompatibilityChangeReporter: Compat change id reported: 181136395; UID 10039; state: DISABLED
04-22 20:41:35.320  1542  5125 D CompatibilityChangeReporter: Compat change id reported: 194480991; UID 10039; state: ENABLED
04-22 20:41:35.325  1542  5125 D CompatibilityChangeReporter: Compat change id reported: 184838306; UID 10039; state: DISABLED
04-22 20:41:35.325  1542  5125 D CompatibilityChangeReporter: Compat change id reported: 185004937; UID 10039; state: DISABLED
04-22 20:41:35.327  1542  5125 D CompatibilityChangeReporter: Compat change id reported: 197654537; UID 10039; state: ENABLED
04-22 20:41:35.328  1542  5125 D CompatibilityChangeReporter: Compat change id reported: 205907456; UID 10039; state: ENABLED
04-22 20:41:35.334  1542  5125 D CompatibilityChangeReporter: Compat change id reported: 194833441; UID 10039; state: ENABLED
04-22 20:41:35.334  1542  5125 I ActivityTaskManager: START u0 {act=android.intent.action.MAIN cat=[android.intent.category.LAUNCHER] flg=0x10200000 cmp=info.jnlm.thermal_camera/.MainActivity bnds=[59,474][218,756]} with LAUNCH_MULTIPLE from uid 10218 (BAL_ALLOW_ALLOWLISTED_COMPONENT) result code=0
04-22 20:41:35.335 13702 13702 D StatsLog: LAUNCHER_APP_LAUNCH_TAP
04-22 20:41:35.335 13702 13702 D StatsLog: LAUNCHER_HOTSEAT_RANKED
04-22 20:41:35.336  2185  2208 V WindowManagerShell: Transition requested (#614): android.os.BinderProxy@fefd679 TransitionRequestInfo { type = OPEN, triggerTask = TaskInfo{userId=0 taskId=1302 displayId=0 isRunning=true baseIntent=Intent { act=android.intent.action.MAIN cat=[android.intent.category.LAUNCHER] flg=0x10200000 cmp=info.jnlm.thermal_camera/.MainActivity } baseActivity=ComponentInfo{info.jnlm.thermal_camera/info.jnlm.thermal_camera.MainActivity} topActivity=ComponentInfo{info.jnlm.thermal_camera/info.jnlm.thermal_camera.MainActivity} origActivity=null realActivity=ComponentInfo{info.jnlm.thermal_camera/info.jnlm.thermal_camera.MainActivity} numActivities=1 lastActiveTime=476156786 supportsMultiWindow=true resizeMode=1 isResizeable=true minWidth=-1 minHeight=-1 defaultMinSize=220 token=WCT{android.window.IWindowContainerToken$Stub$Proxy@70d5fbe} topActivityType=1 pictureInPictureParams=null shouldDockBigOverlays=false launchIntoPipHostTaskId=-1 lastParentTaskIdBeforePip=-1 displayCutoutSafeInsets=Rect(0, 108 - 0, 0) topActivityInfo=ActivityInfo{ed1d81f info.jnlm.thermal_camera.MainActivity} launchCookies=[android.os.BinderProxy@62ca76c] positionInParent=Point(0, 0) parentTaskId=-1 isFocused=false isVisible=false isVisibleRequested=false isSleeping=false locusId=null displayAreaFeatureId=1 isTopActivityTransparent=false appCompatTaskInfo=AppCompatTaskInfo { topActivityInSizeCompat=false topActivityEligibleForLetterboxEducation= false isLetterboxDoubleTapEnabled= false topActivityEligibleForUserAspectRatioButton= false topActivityBoundsLetterboxed= false isFromLetterboxDoubleTap= false topActivityLetterboxVerticalPosition= -1 topActivityLetterboxHorizontalPosition= -1 topActivityLetterboxWidth=-1 topActivityLetterboxHeight=-1 isUserFullscreenOverrideEnabled=false cameraCompatControlState=hidden}}, pipTask = null, remoteTransition = RemoteTransition { remoteTransition = android.window.IRemoteTransition$Stub$Proxy@58e6135, appThread = android.app.IApplicationThread$Stub$Proxy@33bb9ca, debugName = QuickstepLaunch }, displayChange = null, flags = 0, debugId = 614 }
04-22 20:41:35.336  2185  2208 V WindowManagerShell: RemoteTransition directly requested for (#614) android.os.BinderProxy@fefd679: RemoteTransition { remoteTransition = android.window.IRemoteTransition$Stub$Proxy@58e6135, appThread = android.app.IApplicationThread$Stub$Proxy@33bb9ca, debugName = QuickstepLaunch }
04-22 20:41:35.337 13702 13728 D QuickstepModelDelegate: notifyAppTargetEvent action=1 launchLocation=workspace/1/[0,1]/[1,1]
04-22 20:41:35.338  1542  1780 D CompatibilityChangeReporter: Compat change id reported: 135634846; UID 10039; state: DISABLED
04-22 20:41:35.338  1542  1780 D CompatibilityChangeReporter: Compat change id reported: 177438394; UID 10039; state: DISABLED
04-22 20:41:35.338  1542  1780 D CompatibilityChangeReporter: Compat change id reported: 135772972; UID 10039; state: DISABLED
04-22 20:41:35.338  1542  1780 D CompatibilityChangeReporter: Compat change id reported: 135754954; UID 10039; state: ENABLED
04-22 20:41:35.340  1542  1797 D CompatibilityChangeReporter: Compat change id reported: 143937733; UID 10039; state: ENABLED
04-22 20:41:35.346  1542  5555 D CompatibilityChangeReporter: Compat change id reported: 168419799; UID 10039; state: DISABLED
04-22 20:41:35.346  1542  5555 D CompatibilityChangeReporter: Compat change id reported: 273564678; UID 10039; state: DISABLED
04-22 20:41:35.347  2185  2208 D WindowManagerShell: setLauncherKeepClearAreaHeight: visible=false, height=504
04-22 20:41:35.350   561   561 I BpBinder: onLastStrongRef automatically unlinking death recipients: 
04-22 20:41:35.357  1542  2665 D CoreBackPreview: Window{d755a19 u0 Splash Screen info.jnlm.thermal_camera}: Setting back callback OnBackInvokedCallbackInfo{mCallback=android.window.IOnBackInvokedCallback$Stub$Proxy@75c378c, mPriority=0, mIsAnimationCallback=false}
04-22 20:41:35.359   562 25195 W gralloc4: Unable to set buffer name VRI[thermal_camera]#573(BLAST Consumer)573: File name too long
04-22 20:41:35.360   959   959 D Zygote  : Forked child process 27105
04-22 20:41:35.361  1542  1797 I ActivityManager: Start proc 27105:info.jnlm.thermal_camera/u0a39 for next-top-activity {info.jnlm.thermal_camera/info.jnlm.thermal_camera.MainActivity}
04-22 20:41:35.361   562 25195 W gralloc4: Unable to set buffer name VRI[thermal_camera]#573(BLAST Consumer)573: File name too long
04-22 20:41:35.363   562 25195 W gralloc4: Unable to set buffer name VRI[thermal_camera]#573(BLAST Consumer)573: File name too long
04-22 20:41:35.364  1542  1931 D CompatibilityChangeReporter: Compat change id reported: 265195908; UID 10039; state: ENABLED
04-22 20:41:35.365   562 25195 W gralloc4: Unable to set buffer name VRI[thermal_camera]#573(BLAST Consumer)573: File name too long
04-22 20:41:35.367   562 25195 W gralloc4: Unable to set buffer name VRI[thermal_camera]#573(BLAST Consumer)573: File name too long
04-22 20:41:35.371  1542  1777 V WindowManager: Sent Transition (#614) createdAt=04-22 20:41:35.321 via request=TransitionRequestInfo { type = OPEN, triggerTask = TaskInfo{userId=0 taskId=1302 displayId=0 isRunning=true baseIntent=Intent { act=android.intent.action.MAIN cat=[android.intent.category.LAUNCHER] flg=0x10200000 cmp=info.jnlm.thermal_camera/.MainActivity } baseActivity=ComponentInfo{info.jnlm.thermal_camera/info.jnlm.thermal_camera.MainActivity} topActivity=ComponentInfo{info.jnlm.thermal_camera/info.jnlm.thermal_camera.MainActivity} origActivity=null realActivity=ComponentInfo{info.jnlm.thermal_camera/info.jnlm.thermal_camera.MainActivity} numActivities=1 lastActiveTime=476156786 supportsMultiWindow=true resizeMode=1 isResizeable=true minWidth=-1 minHeight=-1 defaultMinSize=220 token=WCT{RemoteToken{201b7b6 Task{498491d #1302 type=standard A=10039:info.jnlm.thermal_camera}}} topActivityType=1 pictureInPictureParams=null shouldDockBigOverlays=false launchIntoPipHostTaskId=-1 lastParentTaskIdBeforePip=-1 displayCutoutSafeInsets=Rect(0, 108 - 0, 0) topActivityInfo=ActivityInfo{d78dcb7 info.jnlm.thermal_camera.MainActivity} launchCookies=[android.os.BinderProxy@c3fec24] positionInParent=Point(0, 0) parentTaskId=-1 isFocused=false isVisible=false isVisibleRequested=false isSleeping=false locusId=null displayAreaFeatureId=1 isTopActivityTransparent=false appCompatTaskInfo=AppCompatTaskInfo { topActivityInSizeCompat=false topActivityEligibleForLetterboxEducation= false isLetterboxDoubleTapEnabled= false topActivityEligibleForUserAspectRatioButton= false topActivityBoundsLetterboxed= false isFromLetterboxDoubleTap= false topActivityLetterboxVerticalPosition= -1 topActivityLetterboxHorizontalPosition= -1 topActivityLetterboxWidth=-1 topActivityLetterboxHeight=-1 isUserFullscreenOverrideEnabled=false cameraCompatControlState=hidden}}, pipTask = null, remoteTransition = RemoteTransition { remoteTransition = android.window.IRemoteTransition$Stub$Proxy@902b38d, appThread = android.app.IApplicationThread$Stub$Proxy@4e99942, debugName = QuickstepLaunch }, displayChange = null, flags = 0, debugId = 614 }
04-22 20:41:35.371  1542  1777 V WindowManager:     startWCT=WindowContainerTransaction { changes = {} hops = [] errorCallbackToken=null taskFragmentOrganizer=null }
04-22 20:41:35.371  1542  1777 V WindowManager:     info={id=614 t=OPEN f=0x0 trk=0 r=[0@Point(0, 0)] c=[
04-22 20:41:35.371  1542  1777 V WindowManager:         {WCT{RemoteToken{201b7b6 Task{498491d #1302 type=standard A=10039:info.jnlm.thermal_camera}}} m=OPEN f=NONE leash=Surface(name=Task=1302)/@0xb116ea sb=Rect(0, 0 - 1080, 2340) eb=Rect(0, 0 - 1080, 2340) d=0},
04-22 20:41:35.371  1542  1777 V WindowManager:         {WCT{RemoteToken{48d353c Task{62ec450 #1 type=home}}} m=TO_BACK f=SHOW_WALLPAPER leash=Surface(name=Task=1)/@0x7c39455 sb=Rect(0, 0 - 1080, 2340) eb=Rect(0, 0 - 1080, 2340) d=0}
04-22 20:41:35.371  1542  1777 V WindowManager:     ]}
04-22 20:41:35.371  2185  2208 V WindowManagerShell: onTransitionReady (#614) android.os.BinderProxy@fefd679: {id=614 t=OPEN f=0x0 trk=0 r=[0@Point(0, 0)] c=[{WCT{android.window.IWindowContainerToken$Stub$Proxy@45ec39c} m=OPEN f=NONE leash=Surface(name=Task=1302)/@0x1b64fe9 sb=Rect(0, 0 - 1080, 2340) eb=Rect(0, 0 - 1080, 2340) d=0},{WCT{android.window.IWindowContainerToken$Stub$Proxy@29b01a5} m=TO_BACK f=SHOW_WALLPAPER leash=Surface(name=Task=1)/@0xe2f346e sb=Rect(0, 0 - 1080, 2340) eb=Rect(0, 0 - 1080, 2340) d=0}]}
04-22 20:41:35.371  2185  2208 V WindowManagerShell: Playing animation for (#614) android.os.BinderProxy@fefd679@0
04-22 20:41:35.372  2185  2208 V WindowManagerShell:  try firstHandler com.android.wm.shell.transition.DefaultMixedHandler@8bbe467
04-22 20:41:35.372  2185  2208 V WindowManagerShell:  Delegate animation for (#614) to RemoteTransition { remoteTransition = android.window.IRemoteTransition$Stub$Proxy@58e6135, appThread = android.app.IApplicationThread$Stub$Proxy@33bb9ca, debugName = QuickstepLaunch }
04-22 20:41:35.372 27105 27105 I .thermal_camera: Late-enabling -Xcheck:jni
04-22 20:41:35.374  2185  2208 V WindowManagerShell:  animated by firstHandler
04-22 20:41:35.377 13702 13702 D b/279059025: current animation cancelled
04-22 20:41:35.380 13702 13702 D BaseDepthController: mSurface is null and mCurrentBlur is: 0
04-22 20:41:35.380 13702 13702 D BaseDepthController: mSurface is null and mCurrentBlur is: 0
04-22 20:41:35.384 13702 13702 D BaseDepthController: mSurface is null and mCurrentBlur is: 0
04-22 20:41:35.386  1542  5282 W UserManagerService: Requested status bar icon for non-badged user 0
04-22 20:41:35.392 27105 27105 I .thermal_camera: Using CollectorTypeCMC GC.
04-22 20:41:35.396 23682 23694 I adbd    : jdwp connection from 27105
04-22 20:41:35.414 27105 27105 D CompatibilityChangeReporter: Compat change id reported: 171979766; UID 10039; state: ENABLED
04-22 20:41:35.414 27105 27105 D CompatibilityChangeReporter: Compat change id reported: 242716250; UID 10039; state: ENABLED
04-22 20:41:35.416   563  3345 E hwc-display: [PrimaryDisplay] resetColorMappingInfoForClientComp:: resetColorMappingInfo() idx=2 error(-22)
04-22 20:41:35.414   563   563 W binder:563_7: type=1400 audit(0.0:8435): avc:  denied  { search } for  name="log" dev="dm-58" ino=313 scontext=u:r:hal_graphics_composer_default:s0 tcontext=u:object_r:vendor_log_file:s0 tclass=dir permissive=0
04-22 20:41:35.414   563   563 W binder:563_7: type=1400 audit(0.0:8436): avc:  denied  { search } for  name="log" dev="dm-58" ino=313 scontext=u:r:hal_graphics_composer_default:s0 tcontext=u:object_r:vendor_log_file:s0 tclass=dir permissive=0
04-22 20:41:35.417   563  3345 E hwc-display: Fail to open file /data/vendor/log/hwc/PrimaryDisplay_hwc_error_log0.txt, error: Permission denied
04-22 20:41:35.417   563  3345 E hwc-display: Fail to open file /data/log/PrimaryDisplay_hwc_error_log0.txt, error: No such file or directory
04-22 20:41:35.417   563  3345 E hwc-display: Unable to open log file for PrimaryDisplay_hwc_error_log0.txt
04-22 20:41:35.419  1542  5282 D CompatibilityChangeReporter: Compat change id reported: 170503758; UID 10039; state: ENABLED
04-22 20:41:35.422 27105 27105 W ziparchive: Unable to open '/data/app/~~eYI0gB4WvduAEN-O2OiaUA==/info.jnlm.thermal_camera-Rl4j0nSLx03erfZHk523Ag==/base.dm': No such file or directory
04-22 20:41:35.422 27105 27105 W ziparchive: Unable to open '/data/app/~~eYI0gB4WvduAEN-O2OiaUA==/info.jnlm.thermal_camera-Rl4j0nSLx03erfZHk523Ag==/base.dm': No such file or directory
04-22 20:41:35.432 27105 27105 D nativeloader: Configuring clns-4 for other apk /data/app/~~eYI0gB4WvduAEN-O2OiaUA==/info.jnlm.thermal_camera-Rl4j0nSLx03erfZHk523Ag==/base.apk. target_sdk_version=34, uses_libraries=, library_path=/data/app/~~eYI0gB4WvduAEN-O2OiaUA==/info.jnlm.thermal_camera-Rl4j0nSLx03erfZHk523Ag==/lib/arm64:/data/app/~~eYI0gB4WvduAEN-O2OiaUA==/info.jnlm.thermal_camera-Rl4j0nSLx03erfZHk523Ag==/base.apk!/lib/arm64-v8a, permitted_path=/data:/mnt/expand:/data/user/0/info.jnlm.thermal_camera
04-22 20:41:35.433 13702 13702 D BaseDepthController: mSurface is null and mCurrentBlur is: 0
04-22 20:41:35.438 28527 28527 I A       : onPause
04-22 20:41:35.440 27105 27105 V GraphicsEnvironment: Currently set values for:
04-22 20:41:35.440 27105 27105 V GraphicsEnvironment:   angle_gl_driver_selection_pkgs=[]
04-22 20:41:35.440 27105 27105 V GraphicsEnvironment:   angle_gl_driver_selection_values=[]
04-22 20:41:35.440 27105 27105 V GraphicsEnvironment: Global.Settings values are invalid: number of packages: 0, number of values: 0
04-22 20:41:35.440 27105 27105 V GraphicsEnvironment: Neither updatable production driver nor prerelease driver is supported.
04-22 20:41:35.443  1542  5125 I AppsFilter: interaction: PackageSetting{3f565d4 info.jnlm.thermal_camera/10039} -> PackageSetting{90d40d0 com.google.android.apps.nexuslauncher/10218} BLOCKED
04-22 20:41:35.450 13702 13702 D BaseDepthController: mSurface is null and mCurrentBlur is: 0
04-22 20:41:35.454 27105 27123 D vulkan  : searching for layers in '/data/app/~~eYI0gB4WvduAEN-O2OiaUA==/info.jnlm.thermal_camera-Rl4j0nSLx03erfZHk523Ag==/lib/arm64'
04-22 20:41:35.454 27105 27123 D vulkan  : searching for layers in '/data/app/~~eYI0gB4WvduAEN-O2OiaUA==/info.jnlm.thermal_camera-Rl4j0nSLx03erfZHk523Ag==/base.apk!/lib/arm64-v8a'
04-22 20:41:35.466 13702 13702 D BaseDepthController: mSurface is null and mCurrentBlur is: 0
04-22 20:41:35.468  1050  1090 I WifiHAL : Creating message to get link statistics; iface = 47
04-22 20:41:35.469 27105 27105 D CompatibilityChangeReporter: Compat change id reported: 309578419; UID 10039; state: DISABLED
04-22 20:41:35.476 27105 27105 D CompatibilityChangeReporter: Compat change id reported: 279646685; UID 10039; state: DISABLED
04-22 20:41:35.483 13702 13702 D BaseDepthController: mSurface is null and mCurrentBlur is: 0
04-22 20:41:35.483 27105 27105 D CompatibilityChangeReporter: Compat change id reported: 210923482; UID 10039; state: ENABLED
04-22 20:41:35.483 27105 27105 D CompatibilityChangeReporter: Compat change id reported: 63938206; UID 10039; state: DISABLED
04-22 20:41:35.490 27105 27105 I ImeTracker: info.jnlm.thermal_camera:87edbc03: onRequestHide at ORIGIN_CLIENT_HIDE_SOFT_INPUT reason HIDE_SOFT_INPUT_FROM_VIEW
04-22 20:41:35.490 27105 27105 I ImeTracker: info.jnlm.thermal_camera:87edbc03: onFailed at PHASE_CLIENT_VIEW_SERVED
04-22 20:41:35.490 27105 27105 W InputMethodManager: Ignoring hideSoftInputFromView() as view=android.widget.Button{28c33d5 VFED..C.. ......I. 0,0-0,0 #7f07008f app:id/stopVideoButton} is not served.
04-22 20:41:35.493 27105 27105 D CompatibilityChangeReporter: Compat change id reported: 160794467; UID 10039; state: ENABLED
04-22 20:41:35.495 27105 27105 V ThermalCamera: 3034:22576:USB Camera
04-22 20:41:35.499 13702 13702 D BaseDepthController: mSurface is null and mCurrentBlur is: 0
04-22 20:41:35.510  1050  1090 I WifiHAL : In GetLinkStatsCommand::handleResponse
04-22 20:41:35.515 13702 13702 D BaseDepthController: mSurface is null and mCurrentBlur is: 0
04-22 20:41:35.532 13702 13702 D BaseDepthController: mSurface is null and mCurrentBlur is: 0
04-22 20:41:35.541  2832  2917 D IwlanDataService: onCapabilitiesChanged: 312 [ Transports: WIFI Capabilities: NOT_METERED&INTERNET&NOT_RESTRICTED&TRUSTED&NOT_VPN&VALIDATED&NOT_ROAMING&FOREGROUND&NOT_CONGESTED&NOT_SUSPENDED&NOT_VCN_MANAGED LinkUpBandwidth>=7886Kbps LinkDnBandwidth>=77284Kbps TransportInfo: <SSID: <unknown ssid>, BSSID: 02:00:00:00:00:00, MAC: 02:00:00:00:00:00, IP: /10.0.0.194, Security type: 2, Supplicant state: COMPLETED, Wi-Fi standard: 5, RSSI: -45, Link speed: 866Mbps, Tx Link speed: 866Mbps, Max Supported Tx Link speed: 866Mbps, Rx Link speed: 866Mbps, Max Supported Rx Link speed: 866Mbps, Frequency: 5785MHz, Net ID: -1, Metered hint: false, score: 60, isUsable: true, CarrierMerged: false, SubscriptionId: -1, IsPrimary: 1, Trusted: true, Restricted: false, Ephemeral: false, OEM paid: false, OEM private: false, OSU AP: false, FQDN: <none>, Provider friendly name: <none>, Requesting package name: <none><none>MLO Information: , Is TID-To-Link negotiation supported by the AP: false, AP MLD Address: <none>, AP MLO Link Id: <none>, AP MLO Affiliated links: <none>> SignalStrength: -45 AdminUids: [1000] SSID: "HLConnect" UnderlyingNetworks: Null]
04-22 20:41:35.541  2832  2917 D IwlanDataService: Network 312 connected using transport WIFI
04-22 20:41:35.542  2892  2972 D IwlanNetworkStatusTracker: onCapabilitiesChanged: 312
04-22 20:41:35.542  2892  2972 D IwlanNetworkStatusTracker: OnCapability : Wifi Available already true
04-22 20:41:35.542  2832  2964 D IwlanNetworkService: onCapabilitiesChanged: 312
04-22 20:41:35.542  2537  3541 D SHANNON_RCS: 4915 [1][PROX][TELE] onCapabilitiesChanged, Network: 312, NetworkCapabilities: [ Transports: WIFI Capabilities: NOT_METERED&INTERNET&NOT_RESTRICTED&TRUSTED&NOT_VPN&VALIDATED&NOT_ROAMING&FOREGROUND&NOT_CONGESTED&NOT_SUSPENDED&NOT_VCN_MANAGED LinkUpBandwidth>=7886Kbps LinkDnBandwidth>=77284Kbps TransportInfo: <SSID: <unknown ssid>, BSSID: 02:00:00:00:00:00, MAC: 02:00:00:00:00:00, IP: /10.0.0.194, Security type: 2, Supplicant state: COMPLETED, Wi-Fi standard: 5, RSSI: -45, Link speed: 866Mbps, Tx Link speed: 866Mbps, Max Supported Tx Link speed: 866Mbps, Rx Link speed: 866Mbps, Max Supported Rx Link speed: 866Mbps, Frequency: 5785MHz, Net ID: -1, Metered hint: false, score: 60, isUsable: true, CarrierMerged: false, SubscriptionId: -1, IsPrimary: -1, Trusted: true, Restricted: false, Ephemeral: false, OEM paid: false, OEM private: false, OSU AP: false, FQDN: <none>, Provider friendly name: <none>, Requesting package name: <none><none>MLO Information: , Is TID-To-Link negotiation supported by the AP: false, AP MLD Address: <none>, AP MLO Link Id: <none>, AP MLO Affiliated links: <none>> SignalStrength: -45 UnderlyingNetworks: Null] (DefaultNetworkCallback%onCapabilitiesChanged:76)
04-22 20:41:35.543  3223  3347 D DeviceStateHelper: Wifi freq: 5785
04-22 20:41:35.545  3223 10559 I WifiSignalInfo: onCapabilitiesChanged: rssi:-45
04-22 20:41:35.549 13702 13702 D BaseDepthController: mSurface is null and mCurrentBlur is: 0
04-22 20:41:35.556 31991 32056 I ChimeraSrvcProxy: NullBinder for android.net.action.RECOMMEND_NETWORKS triggering remote TransactionTooLargeException due to Service without Chimera impl
04-22 20:41:35.556 31991 32056 W .gms.persistent: Large reply transaction of 1056768 bytes, interface descriptor , code 1
04-22 20:41:35.561 30736 30989 I BugleRcsEngine: handleMessage processing message:[NOTIFY_UPTIME_IGNORE_STATE_CHANGED] with [non-null]:RcsEngineImpl reference [CONTEXT log_prefix="RcsEngineImpl[DUAL_REG]:[dc1c40fe-ed51]>Handler" thread_id=3250 ]
04-22 20:41:35.562 30736 30989 W BugleRcsEngine: Cannot use CS.apk as it's battery optimized [CONTEXT thread_id=3250 ]
04-22 20:41:35.564 30736 30839 I BugleRcsEngine: Connected state: [1], networkType: [WIFI] [CONTEXT thread_id=3244 ]
04-22 20:41:35.566 13702 13702 D BaseDepthController: mSurface is null and mCurrentBlur is: 0
04-22 20:41:35.576  1542  2111 D ConnectivityService: NetReassign [no changes] [c 1] [a 2] [i 1]
04-22 20:41:35.579 30736 30989 I BugleRcsEngine: Rcs is enabled from user settings: true [CONTEXT log_prefix="ProvisioningEngineDataRetriever" thread_id=3250 ]
04-22 20:41:35.583 13702 13702 D BaseDepthController: mSurface is null and mCurrentBlur is: 0
04-22 20:41:35.587  7862  8017 I Tycho.jxo: Overriding MCC-MNC 310240 with canonical MCC-MNC 310260
04-22 20:41:35.589  7862  8015 I Tycho.jxo: Overriding MCC-MNC 310240 with canonical MCC-MNC 310260
04-22 20:41:35.594  7862  8015 I Tycho.jxo: Overriding MCC-MNC 310240 with canonical MCC-MNC 310260
04-22 20:41:35.594  7862  8017 I Tycho.jxo: Overriding MCC-MNC 310240 with canonical MCC-MNC 310260
04-22 20:41:35.596  7862  8015 I Tycho.jou: Found the user country US.
04-22 20:41:35.598  7862  8017 I Tycho.jou: Found the user country US.
04-22 20:41:35.600 13702 13702 D BaseDepthController: mSurface is null and mCurrentBlur is: 0
04-22 20:41:35.604  7862  8015 I Tycho.jxo: Overriding MCC-MNC 310240 with canonical MCC-MNC 310260
04-22 20:41:35.606  7862  8017 I Tycho.jxo: Overriding MCC-MNC 310240 with canonical MCC-MNC 310260
04-22 20:41:35.611  1004  1038 I android.hardware.usb.aidl-service.UsbDataSessionMonitor: Update USB device state: configured
04-22 20:41:35.611  7862  8015 I Tycho.jol: Deduped connectivity state event in event DB.
04-22 20:41:35.612  7862  8017 I Tycho.jol: Deduped connectivity state event in event DB.
04-22 20:41:35.613 27105 27105 D libuvc  : [device.c:289] begin uvc_wrap
04-22 20:41:35.610 27105 27105 W .thermal_camera: type=1400 audit(0.0:8437): avc:  denied  { read } for  name="usb" dev="tmpfs" ino=1217 scontext=u:r:untrusted_app:s0:c39,c256,c512,c768 tcontext=u:object_r:usb_device:s0 tclass=dir permissive=0 app=info.jnlm.thermal_camera
04-22 20:41:35.610 27105 27105 W .thermal_camera: type=1400 audit(0.0:8438): avc:  denied  { read } for  name="/" dev="tmpfs" ino=1 scontext=u:r:untrusted_app:s0:c39,c256,c512,c768 tcontext=u:object_r:device:s0 tclass=dir permissive=0 app=info.jnlm.thermal_camera
04-22 20:41:35.614 27105 27105 D libuvc  : [device.c:293/uvc_wrap] libusb_wrap_sys_device() = 0
04-22 20:41:35.614 27105 27105 D libuvc  : [device.c:345] begin uvc_open_internal
04-22 20:41:35.614 27105 27105 D libuvc  : [device.c:939] begin uvc_ref_device
04-22 20:41:35.614 27105 27105 D libuvc  : [device.c:944] end uvc_ref_device
04-22 20:41:35.614 27105 27105 D libuvc  : [device.c:430] begin uvc_get_device_info
04-22 20:41:35.614 27105 27105 D libuvc  : [device.c:1056] begin uvc_scan_control
04-22 20:41:35.614 27105 27105 D libuvc  : [device.c:541] begin get_device_descriptor
04-22 20:41:35.616 13702 13702 D BaseDepthController: mSurface is null and mCurrentBlur is: 0
04-22 20:41:35.633 27105 27105 D libuvc  : [device.c:576] end get_device_descriptor (0)
04-22 20:41:35.633 27105 27105 D libuvc  : [device.c:653] begin uvc_free_device_descriptor
04-22 20:41:35.633 27105 27105 D libuvc  : [device.c:666] end uvc_free_device_descriptor
04-22 20:41:35.633 27105 27105 D libuvc  : [device.c:1280] begin uvc_parse_vc
04-22 20:41:35.633 27105 27105 D libuvc  : [device.c:1123] begin uvc_parse_vc_header
04-22 20:41:35.633 27105 27105 D libuvc  : [device.c:1328] begin uvc_scan_streaming
04-22 20:41:35.633 27105 27105 D libuvc  : [device.c:1643] begin uvc_parse_vs
04-22 20:41:35.633 27105 27105 D libuvc  : [device.c:1365] begin uvc_parse_vs_input_header
04-22 20:41:35.633 27105 27105 D libuvc  : [device.c:1371] end uvc_parse_vs_input_header (0)
04-22 20:41:35.633 27105 27105 D libuvc  : [device.c:1692] end uvc_parse_vs (0)
04-22 20:41:35.633 27105 27105 D libuvc  : [device.c:1643] begin uvc_parse_vs
04-22 20:41:35.633 27105 27105 D libuvc  : [device.c:1382] begin uvc_parse_vs_format_uncompressed
04-22 20:41:35.633 27105 27105 D libuvc  : [device.c:1401] end uvc_parse_vs_format_uncompressed (0)
04-22 20:41:35.633 27105 27105 D libuvc  : [device.c:1692] end uvc_parse_vs (0)
04-22 20:41:35.633 27105 27105 D libuvc  : [device.c:1643] begin uvc_parse_vs
04-22 20:41:35.633 27105 27105 D libuvc  : [device.c:1529] begin uvc_parse_vs_frame_uncompressed
04-22 20:41:35.633 27105 27105 D libuvc  : [device.c:1564] end uvc_parse_vs_frame_uncompressed (0)
04-22 20:41:35.633 27105 27105 D libuvc  : [device.c:1692] end uvc_parse_vs (0)
04-22 20:41:35.633 27105 27105 D libuvc  : [device.c:1643] begin uvc_parse_vs
04-22 20:41:35.633 27105 27105 D libuvc  : [device.c:1529] begin uvc_parse_vs_frame_uncompressed
04-22 20:41:35.633 27105 27105 D libuvc  : [device.c:1564] end uvc_parse_vs_frame_uncompressed (0)
04-22 20:41:35.633 27105 27105 D libuvc  : [device.c:1692] end uvc_parse_vs (0)
04-22 20:41:35.633 27105 27105 D libuvc  : [device.c:1643] begin uvc_parse_vs
04-22 20:41:35.633 27105 27105 D libuvc  : [device.c:1582] begin uvc_parse_vs_still_image_frame
04-22 20:41:35.633 27105 27105 D libuvc  : [device.c:1627] end uvc_parse_vs_still_image_frame (0)
04-22 20:41:35.633 27105 27105 D libuvc  : [device.c:1692] end uvc_parse_vs (0)
04-22 20:41:35.633 27105 27105 D libuvc  : [device.c:1643] begin uvc_parse_vs
04-22 20:41:35.633 27105 27105 D libuvc  : [device.c:1675/uvc_parse_vs] unsupported descriptor subtype VS_COLORFORMAT
04-22 20:41:35.633 27105 27105 D libuvc  : [device.c:1692] end uvc_parse_vs (0)
04-22 20:41:35.633 27105 27105 D libuvc  : [device.c:1354] end uvc_scan_streaming (0)
04-22 20:41:35.633 27105 27105 D libuvc  : [device.c:1155] end uvc_parse_vc_header (0)
04-22 20:41:35.633 27105 27105 D libuvc  : [device.c:1311] end uvc_parse_vc (0)
04-22 20:41:35.633 27105 27105 D libuvc  : [device.c:1280] begin uvc_parse_vc
04-22 20:41:35.633 27105 27105 D libuvc  : [device.c:1169] begin uvc_parse_vc_input_terminal
04-22 20:41:35.633 27105 27105 D libuvc  : [device.c:1190] end uvc_parse_vc_input_terminal (0)
04-22 20:41:35.633 27105 27105 D libuvc  : [device.c:1311] end uvc_parse_vc (0)
04-22 20:41:35.633 27105 27105 D libuvc  : [device.c:1280] begin uvc_parse_vc
04-22 20:41:35.633 27105 27105 D libuvc  : [device.c:1204] begin uvc_parse_vc_processing_unit
04-22 20:41:35.633 27105 27105 D libuvc  : [device.c:1215] end uvc_parse_vc_processing_unit (0)
04-22 20:41:35.633 27105 27105 D libuvc  : [device.c:1311] end uvc_parse_vc (0)
04-22 20:41:35.633 27105 27105 D libuvc  : [device.c:1280] begin uvc_parse_vc
04-22 20:41:35.633 27105 27105 D libuvc  : [device.c:1311] end uvc_parse_vc (0)
04-22 20:41:35.633 27105 27105 D libuvc  : [device.c:1280] begin uvc_parse_vc
04-22 20:41:35.633 27105 27105 D libuvc  : [device.c:1251] begin uvc_parse_vc_extension_unit
04-22 20:41:35.633 27105 27105 D libuvc  : [device.c:1265] end uvc_parse_vc_extension_unit (0)
04-22 20:41:35.633 27105 27105 D libuvc  : [device.c:1311] end uvc_parse_vc (0)
04-22 20:41:35.633 27105 27105 D libuvc  : [device.c:1109] end uvc_scan_control (0)
04-22 20:41:35.633 27105 27105 D libuvc  : [device.c:455] end uvc_get_device_info (0)
04-22 20:41:35.633 27105 27105 D libuvc  : [device.c:358/uvc_open_internal] claiming control interface 0
04-22 20:41:35.633 27105 27105 D libuvc  : [device.c:976] begin uvc_claim_if
04-22 20:41:35.633 27105 27105 D libuvc  : [device.c:989/uvc_claim_if] claiming interface 0
04-22 20:41:35.633 27105 27105 D libuvc  : [device.c:998] end uvc_claim_if (0)
04-22 20:41:35.633 13702 13702 D BaseDepthController: mSurface is null and mCurrentBlur is: 0
04-22 20:41:35.633 27105 27105 D libuvc  : [device.c:382/uvc_open_internal] libusb_submit_transfer() = 0
04-22 20:41:35.634 27105 27105 D libuvc  : [device.c:399] end uvc_open_internal (0)
04-22 20:41:35.634 27105 27105 D libuvc  : [device.c:304] end uvc_wrap (0)
04-22 20:41:35.634 27105 27105 D libuvc  : [stream.c:495/uvc_get_stream_ctrl_format_size] claiming streaming interface 1
04-22 20:41:35.634 27105 27105 D libuvc  : [device.c:976] begin uvc_claim_if
04-22 20:41:35.634 27105 27105 D libuvc  : [device.c:989/uvc_claim_if] claiming interface 1
04-22 20:41:35.634 27105 27105 D libuvc  : [device.c:998] end uvc_claim_if (0)
04-22 20:41:35.647 27105 27105 D ThermalCamera: bmHint: 1
04-22 20:41:35.647 27105 27105 D ThermalCamera: bFormatIndex: 1
04-22 20:41:35.647 27105 27105 D ThermalCamera: bFrameIndex: 2
04-22 20:41:35.647 27105 27105 D ThermalCamera: dwFrameInterval: 400000
04-22 20:41:35.647 27105 27105 D ThermalCamera: wKeyFrameRate: 0
04-22 20:41:35.647 27105 27105 D ThermalCamera: wPFrameRate: 0
04-22 20:41:35.647 27105 27105 D ThermalCamera: wCompQuality: 0
04-22 20:41:35.647 27105 27105 D ThermalCamera: wCompWindowSize: 0
04-22 20:41:35.647 27105 27105 D ThermalCamera: wDelay: 32
04-22 20:41:35.647 27105 27105 D ThermalCamera: dwMaxVideoFrameSize: 196608
04-22 20:41:35.647 27105 27105 D ThermalCamera: dwMaxPayloadTransferSize: 3072
04-22 20:41:35.647 27105 27105 D ThermalCamera: dwClockFrequency: 15000000
04-22 20:41:35.647 27105 27105 D ThermalCamera: bmFramingInfo: 76
04-22 20:41:35.647 27105 27105 D ThermalCamera: bPreferredVersion: 199
04-22 20:41:35.647 27105 27105 D ThermalCamera: bMinVersion: 179
04-22 20:41:35.647 27105 27105 D ThermalCamera: bMaxVersion: 120
04-22 20:41:35.647 27105 27105 D ThermalCamera: bInterfaceNumber: 1
04-22 20:41:35.647 27105 27105 D libuvc  : [stream.c:1011] begin uvc_stream_open_ctrl
04-22 20:41:35.647 27105 27105 D libuvc  : [device.c:976] begin uvc_claim_if
04-22 20:41:35.647 27105 27105 D libuvc  : [device.c:979/uvc_claim_if] attempt to claim already-claimed interface 1
04-22 20:41:35.647 27105 27105 D libuvc  : 
04-22 20:41:35.647 27105 27105 D libuvc  : [device.c:980] end uvc_claim_if (0)
04-22 20:41:35.650 13702 13702 D BaseDepthController: mSurface is null and mCurrentBlur is: 0
04-22 20:41:35.652 27105 27105 D libuvc  : [stream.c:1057] end uvc_stream_open_ctrl (0)
04-22 20:41:35.652 27105 27105 D libuvc  : [stream.c:1096] begin uvc_stream_start
04-22 20:41:35.653  1228  1228 D AOC     : F1:MSG: controller.cc, 275: AudioOutCtrl: cmd ID: 0x0111, tag: 0x3c [cntr = 521]
04-22 20:41:35.653  1228  1228 D AOC     : F1:MSG: usb.cc, 1915: Set TR, ep ID=0, dir=0, max_packet=1024
04-22 20:41:35.653  1228  1228 D AOC     : F1:MSG: controller.cc, 899: AudioOutCtrl: ipc: usb_control, cmd ID: 0x0111, tag: 0x3c, rc: 0
04-22 20:41:35.666 13702 13702 D BaseDepthController: mSurface is null and mCurrentBlur is: 0
04-22 20:41:35.683 13702 13702 D BaseDepthController: mSurface is null and mCurrentBlur is: 0
04-22 20:41:35.699 13702 13702 D BaseDepthController: mSurface is null and mCurrentBlur is: 0
04-22 20:41:35.717 13702 13702 D BaseDepthController: mSurface is null and mCurrentBlur is: 0
04-22 20:41:35.733 13702 13702 D BaseDepthController: mSurface is null and mCurrentBlur is: 0
04-22 20:41:35.749 13702 13702 D BaseDepthController: mSurface is null and mCurrentBlur is: 0
04-22 20:41:35.766 13702 13702 D BaseDepthController: mSurface is null and mCurrentBlur is: 0
04-22 20:41:35.783 13702 13702 D BaseDepthController: mSurface is null and mCurrentBlur is: 0
04-22 20:41:35.783  1542  1941 D ActivityManager: freezing 28574 com.google.android.projection.gearhead:car
04-22 20:41:35.786  1542  1941 D ActivityManager: freezing 25543 android.process.media
04-22 20:41:35.787  1542  1941 D ActivityManager: freezing 8797 android.process.media
04-22 20:41:35.792  1542  2111 D InetDiagMessage: Destroyed 0 sockets, proto=IPPROTO_TCP, family=AF_INET, states=14
04-22 20:41:35.794  1542  2111 D InetDiagMessage: Destroyed 0 sockets, proto=IPPROTO_TCP, family=AF_INET6, states=14
04-22 20:41:35.795  1542  2111 D InetDiagMessage: Destroyed live tcp sockets for uids={10104} in 5ms
04-22 20:41:35.797  1542  2111 D InetDiagMessage: Destroyed 0 sockets, proto=IPPROTO_TCP, family=AF_INET, states=14
04-22 20:41:35.800 13702 13702 D BaseDepthController: mSurface is null and mCurrentBlur is: 0
04-22 20:41:35.803  1542  2111 D InetDiagMessage: Destroyed 0 sockets, proto=IPPROTO_TCP, family=AF_INET6, states=14
04-22 20:41:35.803  1542  2111 D InetDiagMessage: Destroyed live tcp sockets for uids={1010076} in 8ms
04-22 20:41:35.806  1542  2111 D InetDiagMessage: Destroyed 0 sockets, proto=IPPROTO_TCP, family=AF_INET, states=14
04-22 20:41:35.809  1542  2111 D InetDiagMessage: Destroyed 0 sockets, proto=IPPROTO_TCP, family=AF_INET6, states=14
04-22 20:41:35.809  1542  2111 D InetDiagMessage: Destroyed live tcp sockets for uids={10076} in 5ms
04-22 20:41:35.816 13702 13702 D BaseDepthController: mSurface is null and mCurrentBlur is: 0
04-22 20:41:35.833 13702 13702 D BaseDepthController: mSurface is null and mCurrentBlur is: 0
04-22 20:41:35.849 13702 13702 D BaseDepthController: mSurface is null and mCurrentBlur is: 0
04-22 20:41:35.866 13702 13702 D BaseDepthController: mSurface is null and mCurrentBlur is: 0
04-22 20:41:35.883 13702 13702 D BaseDepthController: mSurface is null and mCurrentBlur is: 0
04-22 20:41:35.901 13702 13702 D BaseDepthController: mSurface is null and mCurrentBlur is: 0
04-22 20:41:35.904  2185  2208 V WindowManagerShell: Transition animation finished (aborted=false), notifying core (#614) android.os.BinderProxy@fefd679@0
04-22 20:41:35.906 13702 13702 D HotseatPredictionController: setPauseUIUpdate parameter `paused` is false
04-22 20:41:35.907 13702 13702 D HotseatPredictionController: fillGapsWithPrediction flags: 
04-22 20:41:35.907 13702 13702 D HotseatPredictionController: Hotseat app child is: com.android.launcher3.uioverrides.PredictedAppIcon{62e7fb1 VFED..CL. ........ 0,0-150,169} and isPredictedIcon() evaluates to: true
04-22 20:41:35.907  1542  1777 V WindowManager: Finish Transition (#614): created at 04-22 20:41:35.321 collect-started=0.027ms request-sent=11.685ms started=15.679ms ready=43.52ms sent=48.746ms finished=585.543ms
04-22 20:41:35.907 13702 13702 D HotseatPredictionController: Predicted item is: WorkspaceItemInfo(id=-1 type=APP container=# com.android.launcher3.logger.LauncherAtom$ContainerInfo@1a1bf6a targetComponent=ComponentInfo{org.mozilla.firefox/org.mozilla.firefox.App} screen=0 cell(0,0) span(1,1) minSpan(1,1) rank=0 user=UserHandle{0} title=Firefox)
04-22 20:41:35.907 13702 13702 D HotseatPredictionController: Predicted item is enabled: true
04-22 20:41:35.909 13702 13702 D HotseatPredictionController: Hotseat app child is: com.android.launcher3.uioverrides.PredictedAppIcon{9a7c96 VFED..CL. ........ 201,0-351,169} and isPredictedIcon() evaluates to: true
04-22 20:41:35.910 13702 13702 D HotseatPredictionController: Predicted item is: WorkspaceItemInfo(id=-1 type=APP container=# com.android.launcher3.logger.LauncherAtom$ContainerInfo@1a404f7 targetComponent=ComponentInfo{me.lyft.android/me.lyft.android.ui.MainActivity} screen=1 cell(1,0) span(1,1) minSpan(1,1) rank=1 user=UserHandle{0} title=Lyft)
04-22 20:41:35.910 13702 13702 D HotseatPredictionController: Predicted item is enabled: true
04-22 20:41:35.910  2185  2208 V WindowManagerShell: Track 0 became idle
04-22 20:41:35.910  2185  2208 V WindowManagerShell: All active transition animations finished
04-22 20:41:35.911 13702 13702 D HotseatPredictionController: Hotseat app child is: com.android.launcher3.uioverrides.PredictedAppIcon{5c0f017 VFED..CL. ........ 402,0-552,169} and isPredictedIcon() evaluates to: true
04-22 20:41:35.911  1542  5282 W UserManagerService: Requested status bar icon for non-badged user 0
04-22 20:41:35.911 13702 13702 D HotseatPredictionController: Predicted item is: WorkspaceItemInfo(id=-1 type=APP container=# com.android.launcher3.logger.LauncherAtom$ContainerInfo@1a64a84 targetComponent=ComponentInfo{info.jnlm.thermal_camera/info.jnlm.thermal_camera.MainActivity} screen=2 cell(2,0) span(1,1) minSpan(1,1) rank=2 user=UserHandle{0} title=Thermal Camera)
04-22 20:41:35.911 13702 13702 D HotseatPredictionController: Predicted item is enabled: true
04-22 20:41:35.912  1542  1600 W UserManagerService: Requested status bar icon for non-badged user 0
04-22 20:41:35.912 13702 13702 D HotseatPredictionController: Hotseat app child is: com.android.launcher3.uioverrides.PredictedAppIcon{5176c04 VFED..CL. ........ 603,0-753,169} and isPredictedIcon() evaluates to: true
04-22 20:41:35.913 13702 13702 D HotseatPredictionController: Predicted item is: WorkspaceItemInfo(id=-1 type=APP container=# com.android.launcher3.logger.LauncherAtom$ContainerInfo@1a89011 targetComponent=ComponentInfo{com.google.android.apps.translate/com.google.android.apps.translate.TranslateActivity} screen=3 cell(3,0) span(1,1) minSpan(1,1) rank=3 user=UserHandle{0} title=Translate)
04-22 20:41:35.913 13702 13702 D HotseatPredictionController: Predicted item is enabled: true
04-22 20:41:35.913 13702 13702 D HotseatPredictionController: Hotseat app child is: com.android.launcher3.views.DoubleShadowBubbleTextView{51d3516 VFED..CL. ........ 804,0-954,169 #28} and isPredictedIcon() evaluates to: false
04-22 20:41:35.913 13702 13702 D HotseatPredictionController: bindItems to hotseat: []
04-22 20:41:35.918 13702 13702 D VRI[NexusLauncherActivity]: visibilityChanged oldVisibility=true newVisibility=false
04-22 20:41:35.933 13702 13702 D NexusLauncherModelDelegate: notifySmartspaceEvent: SmartspaceTargetEvent{mSmartspaceTarget=null, mSmartspaceActionId='null', mEventType=7}
04-22 20:41:35.947 13702 13702 D VRI[NexusLauncherActivity]: Not drawing due to not visible
04-22 20:41:36.181  1135  1155 I WPKTRT  : process_address_event: 2601:640:8e00:1c90:74c5:e5ff:fe85:f7fc added to wlan0
04-22 20:41:36.182  1135  1155 I WPKTRT  : process_address_event: 2601:640:8e00:1c90:be8b:24d6:b566:a106 added to wlan0
04-22 20:41:36.185  1050  1090 E WifiHAL : Setting APF program, halHandle = 0xb40000741501f690
04-22 20:41:36.185  1050  1090 E WifiHAL : Set apf filter for iface = wlan0
04-22 20:41:36.185  1050  1090 I WifiHAL : createRequest: APF set program request
04-22 20:41:36.185  1050  1090 E WifiHAL : Success to allocate program of len: 558
04-22 20:41:36.199  1050  1090 I WifiHAL : Done!
04-22 20:41:36.265 27105 27105 D libuvc  : [stream.c:1266] end uvc_stream_start (0)
04-22 20:41:36.265 27105 27105 D ThermalCamera: Stream started
04-22 20:41:36.273 27105 27105 E ThermalCamera: loaded this many bytes: 262144
04-22 20:41:36.275 27105 27105 I ThermalCamera: LUT file copied to local memory.
04-22 20:41:36.293 27105 27105 D CompatibilityChangeReporter: Compat change id reported: 237531167; UID 10039; state: DISABLED
04-22 20:41:36.321 27105 27105 I Choreographer: Skipped 49 frames!  The application may be doing too much work on its main thread.
04-22 20:41:36.333  1542  5555 D CoreBackPreview: Window{ebf703e u0 info.jnlm.thermal_camera/info.jnlm.thermal_camera.MainActivity}: Setting back callback OnBackInvokedCallbackInfo{mCallback=android.window.IOnBackInvokedCallback$Stub$Proxy@d226bec, mPriority=0, mIsAnimationCallback=false}
04-22 20:41:36.357   496   496 I hwservicemanager: getTransport: Cannot find entry android.hardware.graphics.allocator@4.0::IAllocator/default in either framework or device VINTF manifest.
04-22 20:41:36.359   562 25195 W gralloc4: Unable to set buffer name VRI[MainActivity]#0(BLAST Consumer)0: File name too long
04-22 20:41:36.361   562 25195 W gralloc4: Unable to set buffer name VRI[MainActivity]#0(BLAST Consumer)0: File name too long
04-22 20:41:36.361   562 25195 W gralloc4: Unable to set buffer name VRI[MainActivity]#0(BLAST Consumer)0: File name too long
04-22 20:41:36.362   562 25195 W gralloc4: Unable to set buffer name VRI[MainActivity]#0(BLAST Consumer)0: File name too long
04-22 20:41:36.362   562 25195 W gralloc4: Unable to set buffer name VRI[MainActivity]#0(BLAST Consumer)0: File name too long
04-22 20:41:36.379   977   996 D ContextHubHal: Got message from nanoapp: ID 0x476f6f676c001022
04-22 20:41:36.379  1229  1438 I CHRE    : @ 476171.102: [ip] Peak detected: magnitude = 0.628254 hpa, duration = 319.999992 ms
04-22 20:41:36.380  1003  1804 I suez-nanoapp-clients: Barometric peak detected: magnitude = 0.628254 hPa (bucket: 13), duration = 320.000000 ms (bucket: 27).
04-22 20:41:36.381  1003  1804 I suez-nanoapp-clients: Vendor atom [id = 100047] reported.
04-22 20:41:36.382 27105 27120 I HWUI    : Davey! duration=877ms; Flags=1, FrameTimelineVsyncId=14187156, IntendedVsync=71925091650558, Vsync=71925908692630, InputEventId=0, HandleInputStart=71925914781700, AnimationStart=71925914788455, PerformTraversalsStart=71925914850792, DrawStart=71925947852542, FrameDeadline=71925108250558, FrameInterval=71925914330650, FrameStartTime=16674328, SyncQueued=71925952150922, SyncStart=71925952186282, IssueDrawCommandsStart=71925952300214, SwapBuffers=71925968289797, FrameCompleted=71925969650556, DequeueBufferDuration=1256795, QueueBufferDuration=291504, GpuCompleted=71925969650556, SwapBuffersCompleted=71925968684410, DisplayPresentTime=0, CommandSubmissionCompleted=71925968289797, 
04-22 20:41:36.383  1542  1777 W ziparchive: Unable to open '/data/app/~~eYI0gB4WvduAEN-O2OiaUA==/info.jnlm.thermal_camera-Rl4j0nSLx03erfZHk523Ag==/base.dm': No such file or directory
04-22 20:41:36.385  1542  1777 I ActivityTaskManager: Displayed info.jnlm.thermal_camera/.MainActivity for user 0: +1s65ms
04-22 20:41:36.396 27105 27105 D ThermalCamera: 10000, -9728528, 0xFF6B8DF0
04-22 20:41:36.441 27105 27105 D ThermalCamera: 10000, -9728528, 0xFF6B8DF0
04-22 20:41:36.455  1542  5555 D CompatibilityChangeReporter: Compat change id reported: 214016041; UID 10039; state: ENABLED
04-22 20:41:36.455  1542  5555 I ImeTracker: info.jnlm.thermal_camera:6cfef0fb: onRequestHide at ORIGIN_SERVER_HIDE_INPUT reason HIDE_UNSPECIFIED_WINDOW
04-22 20:41:36.455  1542  5555 I ImeTracker: info.jnlm.thermal_camera:6cfef0fb: onCancelled at PHASE_SERVER_SHOULD_HIDE
04-22 20:41:36.458  7825  7825 I GoogleInputMethodService: GoogleInputMethodService.onFinishInput():3096 
04-22 20:41:36.459  7825  7825 I GoogleInputMethodService: GoogleInputMethodService.updateDeviceLockedStatus():2210 repeatCheckTimes = 0, locked = false
04-22 20:41:36.459  7825  7825 I GoogleInputMethodService: GoogleInputMethodService.onStartInput():1950 onStartInput(EditorInfo{EditorInfo{packageName=info.jnlm.thermal_camera, inputType=0, inputTypeString=NULL, enableLearning=false, autoCorrection=false, autoComplete=false, imeOptions=0, privateImeOptions=null, actionName=UNSPECIFIED, actionLabel=null, initialSelStart=-1, initialSelEnd=-1, initialCapsMode=0, label=null, fieldId=0, fieldName=null, extras=null, hintText=null, hintLocales=[]}}, false)
04-22 20:41:36.460  7825  7825 I GoogleInputMethodService: GoogleInputMethodService.updateDeviceLockedStatus():2210 repeatCheckTimes = 1, locked = false
04-22 20:41:36.460  7825  7825 I AndroidIME: InputBundleManager.loadActiveInputBundleId():450 loadActiveInputBundleId: und-Latn-x-password, password
04-22 20:41:36.461  1542  2348 W PackageConfigPersister: App-specific configuration not found for packageName: info.jnlm.thermal_camera and userId: 0
04-22 20:41:36.469 13702 13702 D BaseDepthController: setSurface:
04-22 20:41:36.469 13702 13702 D BaseDepthController: 	mWaitingOnSurfaceValidity: false
04-22 20:41:36.469 13702 13702 D BaseDepthController: 	mSurface: null
04-22 20:41:36.469 13702 13702 D BaseDepthController: mSurface is null and mCurrentBlur is: 0
