04-22 20:42:02.453  4515 26631 D MediaProvider: Open with FUSE. FilePath: /storage/emulated/0/Pictures/thermal_camera/thermal_camera_20240422_203649.mp4. Uid: 10195. Media Capabilities Uid: 0. ShouldRedact: false. ShouldTranscode: false
04-22 20:42:02.458  1542  2348 I WifiService: acquireMulticastLock uid=10159
04-22 20:42:02.459  1152 27251 I hw-BpHwBinder: onLastStrongRef automatically unlinking death recipients
04-22 20:42:02.459  1197  1307 I hw-BpHwBinder: onLastStrongRef automatically unlinking death recipients
04-22 20:42:02.459  1197  1307 I hw-BpHwBinder: onLastStrongRef automatically unlinking death recipients
04-22 20:42:02.459  2378  2911 D IpClient.wlan0: set max DTIM multiplier to 1
04-22 20:42:02.460  1050  1090 E WifiHAL : Setting APF program, halHandle = 0xb40000741501f690
04-22 20:42:02.460  1050  1090 E WifiHAL : Set apf filter for iface = wlan0
04-22 20:42:02.461  1050  1090 I WifiHAL : createRequest: APF set program request
04-22 20:42:02.461  1050  1090 E WifiHAL : Success to allocate program of len: 458
04-22 20:42:02.466 12885 28514 D HWUI    : --- Failed to create image decoder with message 'unimplemented'
04-22 20:42:02.466 12885 28514 D HWUI    : --- Failed to create image decoder with message 'unimplemented'
04-22 20:42:02.467 31991 26913 W NetworkScheduler: Error inserting flex_time=9000 job_id=-1 period=20000 source=16 requires_charging=0 preferred_network_type=1 target_class=com.google.android.gms.measurement.PackageMeasurementTaskService user_id=0 target_package=com.google.android.gms tag=Measurement.PackageMeasurementTaskService.UPLOAD_TASK_TAG task_type=0 required_idleness_state=0 service_kind=0 source_version=241319000 persistence_level=1 preferred_charging_state=1 required_network_type=0 runtime=1713843722466 retry_strategy={"maximum_backoff_seconds":{"3600":0},"initial_backoff_seconds":{"30":0},"retry_policy":{"0":0}} last_runtime=0 [CONTEXT service_id=218 ]
04-22 20:42:02.467 31991 26913 W NetworkScheduler: android.database.sqlite.SQLiteConstraintException: UNIQUE constraint failed: pending_ops.tag, pending_ops.target_class, pending_ops.target_package, pending_ops.user_id (code 2067 SQLITE_CONSTRAINT_UNIQUE)
04-22 20:42:02.467 31991 26913 W NetworkScheduler: 	at android.database.sqlite.SQLiteConnection.nativeExecuteForLastInsertedRowId(Native Method)
04-22 20:42:02.467 31991 26913 W NetworkScheduler: 	at android.database.sqlite.SQLiteConnection.executeForLastInsertedRowId(SQLiteConnection.java:971)
04-22 20:42:02.467 31991 26913 W NetworkScheduler: 	at android.database.sqlite.SQLiteSession.executeForLastInsertedRowId(SQLiteSession.java:814)
04-22 20:42:02.467 31991 26913 W NetworkScheduler: 	at android.database.sqlite.SQLiteStatement.executeInsert(SQLiteStatement.java:89)
04-22 20:42:02.467 31991 26913 W NetworkScheduler: 	at android.database.sqlite.SQLiteDatabase.insertWithOnConflict(SQLiteDatabase.java:1976)
04-22 20:42:02.467 31991 26913 W NetworkScheduler: 	at android.database.sqlite.SQLiteDatabase.insertOrThrow(SQLiteDatabase.java:1870)
04-22 20:42:02.467 31991 26913 W NetworkScheduler: 	at cwdv.d(:com.google.android.gms@241319038@24.13.19 (190400-626168189):735)
04-22 20:42:02.467 31991 26913 W NetworkScheduler: 	at cwbn.n(:com.google.android.gms@241319038@24.13.19 (190400-626168189):29)
04-22 20:42:02.467 31991 26913 W NetworkScheduler: 	at cwbn.u(:com.google.android.gms@241319038@24.13.19 (190400-626168189):360)
04-22 20:42:02.467 31991 26913 W NetworkScheduler: 	at cwbn.h(:com.google.android.gms@241319038@24.13.19 (190400-626168189):51)
04-22 20:42:02.467 31991 26913 W NetworkScheduler: 	at cvwq.run(:com.google.android.gms@241319038@24.13.19 (190400-626168189):72)
04-22 20:42:02.467 31991 26913 W NetworkScheduler: 	at alxh.c(:com.google.android.gms@241319038@24.13.19 (190400-626168189):50)
04-22 20:42:02.467 31991 26913 W NetworkScheduler: 	at alxh.run(:com.google.android.gms@241319038@24.13.19 (190400-626168189):97)
04-22 20:42:02.467 31991 26913 W NetworkScheduler: 	at java.util.concurrent.ThreadPoolExecutor.runWorker(ThreadPoolExecutor.java:1145)
04-22 20:42:02.467 31991 26913 W NetworkScheduler: 	at java.util.concurrent.ThreadPoolExecutor$Worker.run(ThreadPoolExecutor.java:644)
04-22 20:42:02.467 31991 26913 W NetworkScheduler: 	at amcx.run(:com.google.android.gms@241319038@24.13.19 (190400-626168189):8)
04-22 20:42:02.467 31991 26913 W NetworkScheduler: 	at java.lang.Thread.run(Thread.java:1012)
04-22 20:42:02.473  1152 27268 D CCodec  : allocate(c2.android.mpeg4.decoder)
04-22 20:42:02.474  1050  1090 I WifiHAL : Done!
04-22 20:42:02.474  1050  1090 D WifiHAL : Setting DTIM config , halHandle = 0xb40000741501f690 Multiplier = 1
04-22 20:42:02.474  1050  1090 I WifiHAL : Successfully configured dtim multiplier 1
04-22 20:42:02.476  1152 27268 I CCodec  : setting up 'default' as default (vendor) store
04-22 20:42:02.478  1152  2341 E MetadataRetrieverClient: offset (0) bigger than file size (0)
04-22 20:42:02.479 31991 27260 I MdnsQueryScheduler: Scheduling the initial query [CONTEXT service_id=168 ]
04-22 20:42:02.479 31991 27260 I MdnsQueryScheduler: (REDACTED) Scheduling next query to run in %d mS
04-22 20:42:02.482  1152 27268 I CCodec  : Created component [c2.android.mpeg4.decoder]
04-22 20:42:02.482  1152 27268 D CCodecConfig: read media type: video/mp4v-es
04-22 20:42:02.484 31991 27188 I MdnsServiceTypeClient: (REDACTED) Sending query for subtypes: %s
04-22 20:42:02.484  4515 26631 D MediaProvider: Open with FUSE. FilePath: /storage/emulated/0/Pictures/thermal_camera/thermal_camera_20240422_201716.mp4. Uid: 10195. Media Capabilities Uid: 0. ShouldRedact: false. ShouldTranscode: false
04-22 20:42:02.484 31991 27188 I MdnsClient: Trigger send thread. [CONTEXT service_id=168 ]
04-22 20:42:02.484 31991 27188 I QueryTaskConfig: Using PASSIVE mode [CONTEXT service_id=168 ]
04-22 20:42:02.484 31991 27272 I MdnsClient: (REDACTED) Sending a %s mDNS packet...
04-22 20:42:02.484 31991 27188 I QueryTaskConfig: (REDACTED) timetoRunNextTaskInMs is set to timeBetweenQueriesInBurstMs (%d) for next query
04-22 20:42:02.484 31991 27188 I QueryTaskConfig: First burst is not complete - cannot extend query period. [CONTEXT service_id=168 ]
04-22 20:42:02.484 31991 27188 I MdnsQueryScheduler: (REDACTED) Scheduling next query to run in %d mS
04-22 20:42:02.486  1152 27268 D ReflectedParamUpdater: extent() != 1 for single value type: algo.buffers.max-count.values
04-22 20:42:02.486 12885 28514 D HWUI    : --- Failed to create image decoder with message 'unimplemented'
04-22 20:42:02.486  1152 27268 D ReflectedParamUpdater: extent() != 1 for single value type: output.subscribed-indices.values
04-22 20:42:02.486  1152 27268 D ReflectedParamUpdater: extent() != 1 for single value type: input.buffers.allocator-ids.values
04-22 20:42:02.486 12885 28514 D HWUI    : --- Failed to create image decoder with message 'unimplemented'
04-22 20:42:02.487  1152 27268 D ReflectedParamUpdater: extent() != 1 for single value type: output.buffers.allocator-ids.values
04-22 20:42:02.487  1152 27268 D ReflectedParamUpdater: extent() != 1 for single value type: algo.buffers.allocator-ids.values
04-22 20:42:02.487  1152 27268 D ReflectedParamUpdater: extent() != 1 for single value type: output.buffers.pool-ids.values
04-22 20:42:02.487  1152 27268 D ReflectedParamUpdater: extent() != 1 for single value type: algo.buffers.pool-ids.values
04-22 20:42:02.489  1152 27268 D ReflectedParamUpdater: ignored struct field coded.color-format.locations
04-22 20:42:02.489  1152 27268 D CCodecConfig: ignoring local param raw.size (0xd2001800) as it is already supported
04-22 20:42:02.490  1152 27268 D ReflectedParamUpdater: ignored struct field raw.hdr-static-info.mastering
04-22 20:42:02.491  1152 27268 I CCodecConfig: query failed after returning 9 values (BAD_INDEX)
04-22 20:42:02.491  4515 26631 D MediaProvider: Open with FUSE. FilePath: /storage/emulated/0/Pictures/thermal_camera/thermal_camera_20240422_201716.mp4. Uid: 10195. Media Capabilities Uid: 0. ShouldRedact: false. ShouldTranscode: false
04-22 20:42:02.491  1152 27268 D CCodecConfig: c2 config diff is Dict {
04-22 20:42:02.491  1152 27268 D CCodecConfig:   c2::u32 coded.pl.level = 16388
04-22 20:42:02.491  1152 27268 D CCodecConfig:   c2::u32 coded.pl.profile = 12297
04-22 20:42:02.491  1152 27268 D CCodecConfig:   c2::u32 default.color.matrix = 0
04-22 20:42:02.491  1152 27268 D CCodecConfig:   c2::u32 default.color.primaries = 0
04-22 20:42:02.491  1152 27268 D CCodecConfig:   c2::u32 default.color.range = 0
04-22 20:42:02.491  1152 27268 D CCodecConfig:   c2::u32 default.color.transfer = 0
04-22 20:42:02.491  1152 27268 D CCodecConfig:   c2::u32 input.buffers.max-size.value = 2097152
04-22 20:42:02.491  1152 27268 D CCodecConfig:   c2::u32 input.delay.value = 0
04-22 20:42:02.491  1152 27268 D CCodecConfig:   string input.media-type.value = "video/mp4v-es"
04-22 20:42:02.491  1152 27268 D CCodecConfig:   c2::u32 output.delay.value = 1
04-22 20:42:02.491  1152 27268 D CCodecConfig:   string output.media-type.value = "video/raw"
04-22 20:42:02.491  1152 27268 D CCodecConfig:   c2::u32 raw.max-size.height = 288
04-22 20:42:02.491  1152 27268 D CCodecConfig:   c2::u32 raw.max-size.width = 352
04-22 20:42:02.491  1152 27268 D CCodecConfig:   c2::u32 raw.pixel-format.value = 35
04-22 20:42:02.491  1152 27268 D CCodecConfig:   c2::i32 raw.rotation.flip = 0
04-22 20:42:02.491  1152 27268 D CCodecConfig:   c2::i32 raw.rotation.value = 0
04-22 20:42:02.491  1152 27268 D CCodecConfig:   c2::u32 raw.sar.height = 1
04-22 20:42:02.491  1152 27268 D CCodecConfig:   c2::u32 raw.sar.width = 1
04-22 20:42:02.491  1152 27268 D CCodecConfig:   c2::u32 raw.size.height = 144
04-22 20:42:02.491  1152 27268 D CCodecConfig:   c2::u32 raw.size.width = 176
04-22 20:42:02.491  1152 27268 D CCodecConfig:   c2::u32 raw.surface-scaling.value = 1
04-22 20:42:02.491  1152 27268 D CCodecConfig: }
04-22 20:42:02.492  1152 27268 W ColorUtils: expected specified color aspects (0:0:0:0)
04-22 20:42:02.493  1152 27268 D CCodec  : [c2.android.mpeg4.decoder] buffers are bound to CCodec for this session
04-22 20:42:02.494  1152 27268 D CCodecConfig: no c2 equivalents for thumbnail-time
04-22 20:42:02.494  1152 27268 D CCodecConfig: no c2 equivalents for durationUs
04-22 20:42:02.494  1152 27268 D CCodecConfig: no c2 equivalents for frame-count
04-22 20:42:02.494  1152 27268 D CCodecConfig: no c2 equivalents for track-id
04-22 20:42:02.494  1152 27268 D CCodecConfig: no c2 equivalents for language
04-22 20:42:02.494  1152 27268 D CCodecConfig: no c2 equivalents for display-width
04-22 20:42:02.494  1152 27268 D CCodecConfig: no c2 equivalents for display-height
04-22 20:42:02.494  1152 27268 D CCodecConfig: no c2 equivalents for color-format
04-22 20:42:02.494  1152 27268 D CCodecConfig: no c2 equivalents for android._num-input-buffers
04-22 20:42:02.494  1152 27268 D CCodecConfig: no c2 equivalents for android._num-output-buffers
04-22 20:42:02.494  1152 27268 D CCodecConfig: no c2 equivalents for flags
04-22 20:42:02.494 12885 28514 D HWUI    : --- Failed to create image decoder with message 'unimplemented'
04-22 20:42:02.495  1152 27268 D CCodecConfig: c2 config diff is   c2::u32 coded.pl.level = 16386
04-22 20:42:02.495  1152 27268 D CCodecConfig:   c2::u32 raw.size.height = 192
04-22 20:42:02.495  1152 27268 D CCodecConfig:   c2::u32 raw.size.width = 256
04-22 20:42:02.496  1152 27268 W ColorUtils: expected specified color aspects (0:0:0:0)
04-22 20:42:02.496  1152 27268 W Codec2Client: query -- param skipped: index = 1107298332.
04-22 20:42:02.496  1152 27268 D CCodec  : client requested max input size 6418, which is smaller than what component recommended (2097152); overriding with component recommendation.
04-22 20:42:02.496  1152 27268 W CCodec  : This behavior is subject to change. It is recommended that app developers double check whether the requested max input size is in reasonable range.
04-22 20:42:02.496  1152 27268 D CCodec  : encoding statistics level = 0
04-22 20:42:02.496  1152 27268 D CCodec  : setup formats input: AMessage(what = 0x00000000) = {
04-22 20:42:02.496  1152 27268 D CCodec  :   int32_t height = 192
04-22 20:42:02.496  1152 27268 D CCodec  :   int32_t level = 4
04-22 20:42:02.496  1152 27268 D CCodec  :   int32_t max-input-size = 2097152
04-22 20:42:02.496  1152 27268 D CCodec  :   string mime = "video/mp4v-es"
04-22 20:42:02.496  1152 27268 D CCodec  :   int32_t profile = 1
04-22 20:42:02.496  1152 27268 D CCodec  :   int32_t width = 256
04-22 20:42:02.496  1152 27268 D CCodec  :   Rect crop(0, 0, 255, 191)
04-22 20:42:02.496  1152 27268 D CCodec  : }
04-22 20:42:02.496  1152 27268 D CCodec  : setup formats output: AMessage(what = 0x00000000) = {
04-22 20:42:02.496  1152 27268 D CCodec  :   int32_t android._color-format = 2135033992
04-22 20:42:02.496  1152 27268 D CCodec  :   int32_t android._video-scaling = 1
04-22 20:42:02.496  1152 27268 D CCodec  :   Rect crop(0, 0, 255, 191)
04-22 20:42:02.496  1152 27268 D CCodec  :   int32_t color-standard = 0
04-22 20:42:02.496  1152 27268 D CCodec  :   int32_t color-range = 0
04-22 20:42:02.496  1152 27268 D CCodec  :   int32_t color-transfer = 0
04-22 20:42:02.496  1152 27268 D CCodec  :   int32_t height = 192
04-22 20:42:02.496  1152 27268 D CCodec  :   int32_t max-height = 288
04-22 20:42:02.496  1152 27268 D CCodec  :   int32_t max-width = 352
04-22 20:42:02.496  1152 27268 D CCodec  :   string mime = "video/raw"
04-22 20:42:02.496  1152 27268 D CCodec  :   int32_t rotation-degrees = 0
04-22 20:42:02.496  1152 27268 D CCodec  :   int32_t sar-height = 1
04-22 20:42:02.496  1152 27268 D CCodec  :   int32_t sar-width = 1
04-22 20:42:02.496  1152 27268 D CCodec  :   int32_t width = 256
04-22 20:42:02.496  1152 27268 D CCodec  :   int32_t android._dataspace = 0
04-22 20:42:02.496  1152 27268 D CCodec  :   int32_t color-format = 2135033992
04-22 20:42:02.496  1152 27268 D CCodec  : }
04-22 20:42:02.496  1152 27268 I CCodecConfig: query failed after returning 9 values (BAD_INDEX)
04-22 20:42:02.497  1152 27268 W Codec2Client: query -- param skipped: index = 1342179345.
04-22 20:42:02.497  1152 27268 W Codec2Client: query -- param skipped: index = 2415921170.
04-22 20:42:02.497  1152 27268 W Codec2Client: query -- param skipped: index = 1610614798.
04-22 20:42:02.498 12885 28514 D HWUI    : --- Failed to create image decoder with message 'unimplemented'
04-22 20:42:02.498  1152 27268 D CCodecBufferChannel: [c2.android.mpeg4.decoder#728] Created input block pool with allocatorID 16 => poolID 56 - OK (0)
04-22 20:42:02.498  1542  2721 W JobScheduler: Job didn't exist in JobStore: f976b88 #u0a195/555002632 com.google.android.apps.photos/androidx.work.impl.background.systemjob.SystemJobService
04-22 20:42:02.500  1152 27268 I CCodecBufferChannel: [c2.android.mpeg4.decoder#728] Created output block pool with allocatorID 17 => poolID 129 - OK
04-22 20:42:02.500  1152 27268 D CCodecBufferChannel: [c2.android.mpeg4.decoder#728] Configured output block pool ids 129 => OK
04-22 20:42:02.501  1152  2341 E MetadataRetrieverClient: offset (0) bigger than file size (0)
04-22 20:42:02.501  1152 27267 W ResourceManagerService: Ignoring request to add new resource entry with value <= 0
04-22 20:42:02.502  1149  2194 D MediaBufferGroup: creating MemoryDealer
04-22 20:42:02.505  1197 27278 D SimpleC2Component: Using output block pool with poolID 129 => got 129 - 0
04-22 20:42:02.505  1197 27278 I C2SoftMpeg4Dec: Setting width and height
04-22 20:42:02.511  1152 27268 D CCodecConfig: c2 config diff is   c2::u32 raw.crop.height = 192
04-22 20:42:02.511  1152 27268 D CCodecConfig:   c2::u32 raw.crop.left = 0
04-22 20:42:02.511  1152 27268 D CCodecConfig:   c2::u32 raw.crop.top = 0
04-22 20:42:02.511  1152 27268 D CCodecConfig:   c2::u32 raw.crop.width = 256
04-22 20:42:02.511  1152 27268 W ColorUtils: expected specified color aspects (0:0:0:0)
04-22 20:42:02.511  1152 27268 D CCodecBuffers: [c2.android.mpeg4.decoder#728:2D-BB-Output] updating image-data
04-22 20:42:02.511  1152 27268 D CCodecBuffers: [c2.android.mpeg4.decoder#728:2D-BB-Output] updating stride = 256, width: 256, height: 192
04-22 20:42:02.511  1152 27268 D CCodecBuffers: [c2.android.mpeg4.decoder#728:2D-BB-Output] updating vstride = 240
04-22 20:42:02.523  1152 27267 D CCodecBufferChannel: [c2.android.mpeg4.decoder#728] MediaCodec discarded an unknown buffer
04-22 20:42:02.523  1152 27267 D CCodecBufferChannel: [c2.android.mpeg4.decoder#728] MediaCodec discarded an unknown buffer
04-22 20:42:02.523  1152 27267 D CCodecBufferChannel: [c2.android.mpeg4.decoder#728] MediaCodec discarded an unknown buffer
04-22 20:42:02.523  1152 27267 D CCodecBufferChannel: [c2.android.mpeg4.decoder#728] MediaCodec discarded an unknown buffer
04-22 20:42:02.523  1152 27267 D CCodecBufferChannel: [c2.android.mpeg4.decoder#728] MediaCodec discarded an unknown buffer
04-22 20:42:02.524  1152 27279 I hw-BpHwBinder: onLastStrongRef automatically unlinking death recipients
04-22 20:42:02.524  1197  1307 I hw-BpHwBinder: onLastStrongRef automatically unlinking death recipients
04-22 20:42:02.524  1197  1307 I hw-BpHwBinder: onLastStrongRef automatically unlinking death recipients
04-22 20:42:02.531  1152 27281 D CCodec  : allocate(c2.android.mpeg4.decoder)
04-22 20:42:02.533  1152 27281 I CCodec  : setting up 'default' as default (vendor) store
04-22 20:42:02.536  1152 27281 I CCodec  : Created component [c2.android.mpeg4.decoder]
04-22 20:42:02.537  1152 27281 D CCodecConfig: read media type: video/mp4v-es
04-22 20:42:02.540  1152 27281 D ReflectedParamUpdater: extent() != 1 for single value type: algo.buffers.max-count.values
04-22 20:42:02.541  1152 27281 D ReflectedParamUpdater: extent() != 1 for single value type: output.subscribed-indices.values
04-22 20:42:02.541  1152 27281 D ReflectedParamUpdater: extent() != 1 for single value type: input.buffers.allocator-ids.values
04-22 20:42:02.542  1152 27281 D ReflectedParamUpdater: extent() != 1 for single value type: output.buffers.allocator-ids.values
04-22 20:42:02.542  1152 27281 D ReflectedParamUpdater: extent() != 1 for single value type: algo.buffers.allocator-ids.values
04-22 20:42:02.542  1152 27281 D ReflectedParamUpdater: extent() != 1 for single value type: output.buffers.pool-ids.values
04-22 20:42:02.542  1152 27281 D ReflectedParamUpdater: extent() != 1 for single value type: algo.buffers.pool-ids.values
04-22 20:42:02.544  1152 27281 D ReflectedParamUpdater: ignored struct field coded.color-format.locations
04-22 20:42:02.544  1152 27281 D CCodecConfig: ignoring local param raw.size (0xd2001800) as it is already supported
04-22 20:42:02.545  1152 27281 D ReflectedParamUpdater: ignored struct field raw.hdr-static-info.mastering
04-22 20:42:02.546  1152 27281 I CCodecConfig: query failed after returning 9 values (BAD_INDEX)
04-22 20:42:02.546  1152 27281 D CCodecConfig: c2 config diff is Dict {
04-22 20:42:02.546  1152 27281 D CCodecConfig:   c2::u32 coded.pl.level = 16388
04-22 20:42:02.546  1152 27281 D CCodecConfig:   c2::u32 coded.pl.profile = 12297
04-22 20:42:02.546  1152 27281 D CCodecConfig:   c2::u32 default.color.matrix = 0
04-22 20:42:02.546  1152 27281 D CCodecConfig:   c2::u32 default.color.primaries = 0
04-22 20:42:02.546  1152 27281 D CCodecConfig:   c2::u32 default.color.range = 0
04-22 20:42:02.546  1152 27281 D CCodecConfig:   c2::u32 default.color.transfer = 0
04-22 20:42:02.546  1152 27281 D CCodecConfig:   c2::u32 input.buffers.max-size.value = 2097152
04-22 20:42:02.546  1152 27281 D CCodecConfig:   c2::u32 input.delay.value = 0
04-22 20:42:02.546  1152 27281 D CCodecConfig:   string input.media-type.value = "video/mp4v-es"
04-22 20:42:02.546  1152 27281 D CCodecConfig:   c2::u32 output.delay.value = 1
04-22 20:42:02.546  1152 27281 D CCodecConfig:   string output.media-type.value = "video/raw"
04-22 20:42:02.546  1152 27281 D CCodecConfig:   c2::u32 raw.max-size.height = 288
04-22 20:42:02.546  1152 27281 D CCodecConfig:   c2::u32 raw.max-size.width = 352
04-22 20:42:02.546  1152 27281 D CCodecConfig:   c2::u32 raw.pixel-format.value = 35
04-22 20:42:02.546  1152 27281 D CCodecConfig:   c2::i32 raw.rotation.flip = 0
04-22 20:42:02.546  1152 27281 D CCodecConfig:   c2::i32 raw.rotation.value = 0
04-22 20:42:02.546  1152 27281 D CCodecConfig:   c2::u32 raw.sar.height = 1
04-22 20:42:02.546  1152 27281 D CCodecConfig:   c2::u32 raw.sar.width = 1
04-22 20:42:02.546  1152 27281 D CCodecConfig:   c2::u32 raw.size.height = 144
04-22 20:42:02.546  1152 27281 D CCodecConfig:   c2::u32 raw.size.width = 176
04-22 20:42:02.546  1152 27281 D CCodecConfig:   c2::u32 raw.surface-scaling.value = 1
04-22 20:42:02.546  1152 27281 D CCodecConfig: }
04-22 20:42:02.546  1152 27281 W ColorUtils: expected specified color aspects (0:0:0:0)
04-22 20:42:02.548  1152 27281 D CCodec  : [c2.android.mpeg4.decoder] buffers are bound to CCodec for this session
04-22 20:42:02.549  1152 27281 D CCodecConfig: no c2 equivalents for thumbnail-time
04-22 20:42:02.549  1152 27281 D CCodecConfig: no c2 equivalents for durationUs
04-22 20:42:02.549  1152 27281 D CCodecConfig: no c2 equivalents for frame-count
04-22 20:42:02.549  1152 27281 D CCodecConfig: no c2 equivalents for track-id
04-22 20:42:02.549  1152 27281 D CCodecConfig: no c2 equivalents for language
04-22 20:42:02.549  1152 27281 D CCodecConfig: no c2 equivalents for display-width
04-22 20:42:02.549  1152 27281 D CCodecConfig: no c2 equivalents for display-height
04-22 20:42:02.549  1152 27281 D CCodecConfig: no c2 equivalents for color-format
04-22 20:42:02.549  1152 27281 D CCodecConfig: no c2 equivalents for android._num-input-buffers
04-22 20:42:02.549  1152 27281 D CCodecConfig: no c2 equivalents for android._num-output-buffers
04-22 20:42:02.549  1152 27281 D CCodecConfig: no c2 equivalents for flags
04-22 20:42:02.550  1152 27281 D CCodecConfig: c2 config diff is   c2::u32 coded.pl.level = 16386
04-22 20:42:02.550  1152 27281 D CCodecConfig:   c2::u32 raw.size.height = 192
04-22 20:42:02.550  1152 27281 D CCodecConfig:   c2::u32 raw.size.width = 256
04-22 20:42:02.551  1152 27281 W ColorUtils: expected specified color aspects (0:0:0:0)
04-22 20:42:02.551  1152 27281 W Codec2Client: query -- param skipped: index = 1107298332.
04-22 20:42:02.551  1152 27281 D CCodec  : client requested max input size 23553, which is smaller than what component recommended (2097152); overriding with component recommendation.
04-22 20:42:02.551  1152 27281 W CCodec  : This behavior is subject to change. It is recommended that app developers double check whether the requested max input size is in reasonable range.
04-22 20:42:02.551  1152 27281 D CCodec  : encoding statistics level = 0
04-22 20:42:02.552  1152 27281 D CCodec  : setup formats input: AMessage(what = 0x00000000) = {
04-22 20:42:02.552  1152 27281 D CCodec  :   int32_t height = 192
04-22 20:42:02.552  1152 27281 D CCodec  :   int32_t level = 4
04-22 20:42:02.552  1152 27281 D CCodec  :   int32_t max-input-size = 2097152
04-22 20:42:02.552  1152 27281 D CCodec  :   string mime = "video/mp4v-es"
04-22 20:42:02.552  1152 27281 D CCodec  :   int32_t profile = 1
04-22 20:42:02.552  1152 27281 D CCodec  :   int32_t width = 256
04-22 20:42:02.552  1152 27281 D CCodec  :   Rect crop(0, 0, 255, 191)
04-22 20:42:02.552  1152 27281 D CCodec  : }
04-22 20:42:02.552  1152 27281 D CCodec  : setup formats output: AMessage(what = 0x00000000) = {
04-22 20:42:02.552  1152 27281 D CCodec  :   int32_t android._color-format = 2135033992
04-22 20:42:02.552  1152 27281 D CCodec  :   int32_t android._video-scaling = 1
04-22 20:42:02.552  1152 27281 D CCodec  :   Rect crop(0, 0, 255, 191)
04-22 20:42:02.552  1152 27281 D CCodec  :   int32_t color-standard = 0
04-22 20:42:02.552  1152 27281 D CCodec  :   int32_t color-range = 0
04-22 20:42:02.552  1152 27281 D CCodec  :   int32_t color-transfer = 0
04-22 20:42:02.552  1152 27281 D CCodec  :   int32_t height = 192
04-22 20:42:02.552  1152 27281 D CCodec  :   int32_t max-height = 288
04-22 20:42:02.552  1152 27281 D CCodec  :   int32_t max-width = 352
04-22 20:42:02.552  1152 27281 D CCodec  :   string mime = "video/raw"
04-22 20:42:02.552  1152 27281 D CCodec  :   int32_t rotation-degrees = 0
04-22 20:42:02.552  1152 27281 D CCodec  :   int32_t sar-height = 1
04-22 20:42:02.552  1152 27281 D CCodec  :   int32_t sar-width = 1
04-22 20:42:02.552  1152 27281 D CCodec  :   int32_t width = 256
04-22 20:42:02.552  1152 27281 D CCodec  :   int32_t android._dataspace = 0
04-22 20:42:02.552  1152 27281 D CCodec  :   int32_t color-format = 2135033992
04-22 20:42:02.552  1152 27281 D CCodec  : }
04-22 20:42:02.552  1152 27281 I CCodecConfig: query failed after returning 9 values (BAD_INDEX)
04-22 20:42:02.552  1152 27281 W Codec2Client: query -- param skipped: index = 1342179345.
04-22 20:42:02.552  1152 27281 W Codec2Client: query -- param skipped: index = 2415921170.
04-22 20:42:02.552  1152 27281 W Codec2Client: query -- param skipped: index = 1610614798.
04-22 20:42:02.553  1152 27281 D CCodecBufferChannel: [c2.android.mpeg4.decoder#781] Created input block pool with allocatorID 16 => poolID 57 - OK (0)
04-22 20:42:02.554  1152 27281 I CCodecBufferChannel: [c2.android.mpeg4.decoder#781] Created output block pool with allocatorID 17 => poolID 130 - OK
04-22 20:42:02.554  1152 27281 D CCodecBufferChannel: [c2.android.mpeg4.decoder#781] Configured output block pool ids 130 => OK
04-22 20:42:02.554  1152 27280 W ResourceManagerService: Ignoring request to add new resource entry with value <= 0
04-22 20:42:02.556  1149 32253 D MediaBufferGroup: creating MemoryDealer
04-22 20:42:02.557  1197 27282 D SimpleC2Component: Using output block pool with poolID 130 => got 130 - 0
04-22 20:42:02.557  1197 27282 I C2SoftMpeg4Dec: Setting width and height
04-22 20:42:02.565  1152 27281 D CCodecConfig: c2 config diff is   c2::u32 raw.crop.height = 192
04-22 20:42:02.565  1152 27281 D CCodecConfig:   c2::u32 raw.crop.left = 0
04-22 20:42:02.565  1152 27281 D CCodecConfig:   c2::u32 raw.crop.top = 0
04-22 20:42:02.565  1152 27281 D CCodecConfig:   c2::u32 raw.crop.width = 256
04-22 20:42:02.565  1152 27281 W ColorUtils: expected specified color aspects (0:0:0:0)
04-22 20:42:02.565  1152 27281 D CCodecBuffers: [c2.android.mpeg4.decoder#781:2D-BB-Output] updating image-data
04-22 20:42:02.565  1152 27281 D CCodecBuffers: [c2.android.mpeg4.decoder#781:2D-BB-Output] updating stride = 256, width: 256, height: 192
04-22 20:42:02.565  1152 27281 D CCodecBuffers: [c2.android.mpeg4.decoder#781:2D-BB-Output] updating vstride = 240
04-22 20:42:02.569  1152 27280 D CCodecBufferChannel: [c2.android.mpeg4.decoder#781] MediaCodec discarded an unknown buffer
04-22 20:42:02.569  1152 27280 D CCodecBufferChannel: [c2.android.mpeg4.decoder#781] MediaCodec discarded an unknown buffer
04-22 20:42:02.571  1152 27281 I hw-BpHwBinder: onLastStrongRef automatically unlinking death recipients
04-22 20:42:02.571  1197  1307 I hw-BpHwBinder: onLastStrongRef automatically unlinking death recipients
04-22 20:42:02.571  1197  1307 I hw-BpHwBinder: onLastStrongRef automatically unlinking death recipients
04-22 20:42:02.605  1542  5282 W UriGrantsManagerService: No permission grants found for com.google.android.apps.photos
04-22 20:42:02.605  1542  5282 W UriGrantsManagerService: No permission grants found for com.google.android.apps.photos
04-22 20:42:02.611  4515 26631 D MediaProvider: Filtering owner package names took 0 ms
04-22 20:42:02.631  4515 26631 D MediaProvider: Filtering owner package names took 1 ms
04-22 20:42:02.639 31991 32039 W Auth    : [ClearToken] Failed to delete an intermediate token as owning package is missing. [CONTEXT service_id=343 ]
04-22 20:42:02.662  4515 26631 D MediaProvider: Open with FUSE. FilePath: /storage/emulated/0/Pictures/thermal_camera/thermal_camera_20240422_204151.mp4. Uid: 10195. Media Capabilities Uid: 0. ShouldRedact: false. ShouldTranscode: false
04-22 20:42:02.668  4515 26631 D MediaProvider: Open with FUSE. FilePath: /storage/emulated/0/Pictures/thermal_camera/thermal_camera_20240422_204151.mp4. Uid: 10195. Media Capabilities Uid: 0. ShouldRedact: false. ShouldTranscode: false
04-22 20:42:02.677 12885 27297 D CCodec  : allocate(c2.exynos.mpeg4.decoder)
04-22 20:42:02.678 12885 27297 I CCodec  : setting up 'default' as default (vendor) store
04-22 20:42:02.694  1542  3342 D ActivityManager: sync unfroze 25311 com.google.process.gservices for 7
04-22 20:42:02.694  1025  2297 I samsung.hardware.media.c2@1.0-service: missing struct descriptor #Param::CoreIndex(--002) for field mastering of struct #Param::CoreIndex(--180a)
04-22 20:42:02.695  1025  2297 I samsung.hardware.media.c2@1.0-service: missing struct descriptor #Param::CoreIndex(--002) for field mastering of struct #Param::CoreIndex(--180a)
04-22 20:42:02.695  1025  2297 W ColorUtils: expected specified color aspects (0:0:0:0)
04-22 20:42:02.696 12885 27297 I CCodec  : Created component [c2.exynos.mpeg4.decoder]
04-22 20:42:02.697 12885 27297 D CCodecConfig: read media type: video/mp4v-es
04-22 20:42:02.698 12885 27297 D ReflectedParamUpdater: extent() != 1 for single value type: output.subscribed-indices.values
04-22 20:42:02.698 12885 27297 D ReflectedParamUpdater: extent() != 1 for single value type: input.buffers.allocator-ids.values
04-22 20:42:02.699 12885 27297 D ReflectedParamUpdater: extent() != 1 for single value type: output.buffers.allocator-ids.values
04-22 20:42:02.699 12885 27297 D ReflectedParamUpdater: extent() != 1 for single value type: output.buffers.pool-ids.values
04-22 20:42:02.702 12885 27297 D ReflectedParamUpdater: ignored struct field coded.color-format.locations
04-22 20:42:02.704 12885 27297 D CCodecConfig: ignoring local param raw.size (0xd2001800) as it is already supported
04-22 20:42:02.704 12885 27297 D CCodecConfig: ignoring local param default.color (0x5200180b) as it is already supported
04-22 20:42:02.704 12885 27297 D ReflectedParamUpdater: ignored struct field raw.hdr-static-info.mastering
04-22 20:42:02.704 12885 27297 I CCodecConfig: query failed after returning 15 values (BAD_INDEX)
04-22 20:42:02.705 12885 27297 D CCodecConfig: c2 config diff is Dict {
04-22 20:42:02.705 12885 27297 D CCodecConfig:   c2::u32 algo.low-latency.value = 0
04-22 20:42:02.705 12885 27297 D CCodecConfig:   c2::i32 algo.priority.value = 0
04-22 20:42:02.705 12885 27297 D CCodecConfig:   c2::float algo.rate.value = 0
04-22 20:42:02.705 12885 27297 D CCodecConfig:   c2::u32 coded.pl.level = 16388
04-22 20:42:02.705 12885 27297 D CCodecConfig:   c2::u32 coded.pl.profile = 12297
04-22 20:42:02.705 12885 27297 D CCodecConfig:   c2::u32 coded.vui.color.matrix = 0
04-22 20:42:02.705 12885 27297 D CCodecConfig:   c2::u32 coded.vui.color.primaries = 0
04-22 20:42:02.705 12885 27297 D CCodecConfig:   c2::u32 coded.vui.color.range = 0
04-22 20:42:02.705 12885 27297 D CCodecConfig:   c2::u32 coded.vui.color.transfer = 0
04-22 20:42:02.705 12885 27297 D CCodecConfig:   c2::u32 default.color.matrix = 0
04-22 20:42:02.705 12885 27297 D CCodecConfig:   c2::u32 default.color.primaries = 0
04-22 20:42:02.705 12885 27297 D CCodecConfig:   c2::u32 default.color.range = 0
04-22 20:42:02.705 12885 27297 D CCodecConfig:   c2::u32 default.color.transfer = 0
04-22 20:42:02.705 12885 27297 D CCodecConfig:   c2::u32 input.buffers.max-size.value = 7340032
04-22 20:42:02.705 12885 27297 D CCodecConfig:   string input.media-type.value = "video/mp4v-es"
04-22 20:42:02.705 12885 27297 D CCodecConfig:   c2::u32 output.delay.value = 3
04-22 20:42:02.705 12885 27297 D CCodecConfig:   string output.media-type.value = "video/raw"
04-22 20:42:02.705 12885 27297 D CCodecConfig:   c2::u32 raw.color.matrix = 0
04-22 20:42:02.705 12885 27297 D CCodecConfig:   c2::u32 raw.color.primaries = 0
04-22 20:42:02.705 12885 27297 D CCodecConfig:   c2::u32 raw.color.range = 0
04-22 20:42:02.705 12885 27297 D CCodecConfig:   c2::u32 raw.color.transfer = 0
04-22 20:42:02.705 12885 27297 D CCodecConfig:   c2::float raw.hdr-static-info.max-cll = 0
04-22 20:42:02.705 12885 27297 D CCodecConfig:   c2::float raw.hdr-static-info.max-fall = 0
04-22 20:42:02.705 12885 27297 D CCodecConfig:   c2::u32 raw.max-size.height = 240
04-22 20:42:02.705 12885 27297 D CCodecConfig:   c2::u32 raw.max-size.width = 320
04-22 20:42:02.705 12885 27297 D CCodecConfig:   c2::u32 raw.pixel-format.value = 34
04-22 20:42:02.705 12885 27297 D CCodecConfig:   c2::i32 raw.rotation.fli
04-22 20:42:02.705 12885 27297 W ColorUtils: expected specified color aspects (0:0:0:0)
04-22 20:42:02.706 25311 25324 W ocess.gservices: Reducing the number of considered missed Gc histogram windows from 140 to 100
04-22 20:42:02.707 12885 27295 I MediaCodec: MediaCodec will operate in async mode
04-22 20:42:02.708 12885 27295 D SurfaceUtils: connecting to surface 0xb4000079eb8813b0, reason connectToSurface
04-22 20:42:02.708 12885 27295 I MediaCodec: [c2.exynos.mpeg4.decoder] setting surface generation to 13194311
04-22 20:42:02.708 12885 27295 D SurfaceUtils: disconnecting from surface 0xb4000079eb8813b0, reason connectToSurface(reconnect)
04-22 20:42:02.708 12885 27295 D SurfaceUtils: connecting to surface 0xb4000079eb8813a0, reason connectToSurface(reconnect-with-listener)
04-22 20:42:02.708 12885 27297 D CCodec  : [c2.exynos.mpeg4.decoder] buffers are bound to CCodec for this session
04-22 20:42:02.708 12885 27297 D CCodecConfig: no c2 equivalents for log-session-id
04-22 20:42:02.708 12885 27297 D CCodecConfig: no c2 equivalents for native-window
04-22 20:42:02.708 12885 27297 D CCodecConfig: no c2 equivalents for native-window-generation
04-22 20:42:02.708 12885 27297 D CCodecConfig: no c2 equivalents for flags
04-22 20:42:02.709 12885 27297 D CCodecConfig: c2 config diff is   c2::u32 raw.size.height = 192
04-22 20:42:02.709 12885 27297 D CCodecConfig:   c2::u32 raw.size.width = 256
04-22 20:42:02.710 12885 27297 W Codec2Client: query -- param skipped: index = 1107298332.
04-22 20:42:02.710 12885 27297 D CCodec  : client requested max input size 9712, which is smaller than what component recommended (7340032); overriding with component recommendation.
04-22 20:42:02.710 12885 27297 W CCodec  : This behavior is subject to change. It is recommended that app developers double check whether the requested max input size is in reasonable range.
04-22 20:42:02.710 12885 27297 D CCodec  : encoding statistics level = 0
04-22 20:42:02.710 12885 27297 D CCodec  : setup formats input: AMessage(what = 0x00000000) = {
04-22 20:42:02.710 12885 27297 D CCodec  :   int32_t height = 192
04-22 20:42:02.710 12885 27297 D CCodec  :   int32_t level = 16
04-22 20:42:02.710 12885 27297 D CCodec  :   int32_t max-input-size = 7340032
04-22 20:42:02.710 12885 27297 D CCodec  :   string mime = "video/mp4v-es"
04-22 20:42:02.710 12885 27297 D CCodec  :   int32_t priority = 0
04-22 20:42:02.710 12885 27297 D CCodec  :   int32_t profile = 1
04-22 20:42:02.710 12885 27297 D CCodec  :   int32_t width = 256
04-22 20:42:02.710 12885 27297 D CCodec  :   Rect crop(0, 0, 255, 191)
04-22 20:42:02.710 12885 27297 D CCodec  : }
04-22 20:42:02.710 12885 27297 D CCodec  : setup formats output: AMessage(what = 0x00000000) = {
04-22 20:42:02.710 12885 27297 D CCodec  :   int32_t android._color-format = 2130708361
04-22 20:42:02.710 12885 27297 D CCodec  :   int32_t android._video-scaling = 1
04-22 20:42:02.710 12885 27297 D CCodec  :   int32_t rotation-degrees = 0
04-22 20:42:02.710 12885 27297 D CCodec  :   int32_t color-standard = 4
04-22 20:42:02.710 12885 27297 D CCodec  :   int32_t color-range = 2
04-22 20:42:02.710 12885 27297 D CCodec  :   int32_t color-transfer = 3
04-22 20:42:02.710 12885 27297 D CCodec  :   float cta861.max-cll = 0.000000
04-22 20:42:02.710 12885 27297 D CCodec  :   float cta861.max-fall = 0.000000
04-22 20:42:02.710 12885 27297 D CCodec  :   int32_t sar-height = 1
04-22 20:42:02.710 12885 27297 D CCodec  :   int32_t sar-width = 1
04-22 20:42:02.710 12885 27297 D CCodec  :   Rect crop(0, 0, 255, 191)
04-22 20:42:02.710 12885 27297 D CCodec  :   int32_t width = 256
04-22 20:42:02.710 12885 27297 D CCodec  :   int32_t height = 192
04-22 20:42:02.710 12885 27297 D CCodec  :   int32_t max-height = 240
04-22 20:42:02.710 12885 27297 D CCodec  :   int32_t max-width = 320
04-22 20:42:02.710 12885 27297 D CCodec  :   string mime = "video/raw"
04-22 20:42:02.710 12885 27297 D CCodec  :   int32_t priority = 0
04-22 20:42:02.710 12885 27297 D CCodec  :   int32_t android._dataspace = 259
04-22 20:42:02.710 12885 27297 D CCodec  :   int32_t color-format = 2130708361
04-22 20:42:02.710 12885 27297 D CCodec  : }
04-22 20:42:02.710 12885 27297 I CCodecConfig: query failed after returning 15 values (BAD_INDEX)
04-22 20:42:02.710 12885 27287 D MediaCodec: keep callback message for reclaim
04-22 20:42:02.711  1025 27298 I ExynosC2Mpeg4DecComponent: [onStart] resource is obtained (2)
04-22 20:42:02.711  1025 27299 D libexynosv4l2: try node: /dev/video6
04-22 20:42:02.711  1025 27299 I libexynosv4l2: node found for device s5p-mfc-dec: /dev/video6
04-22 20:42:02.717  1025 27299 I libexynosv4l2: open video device /dev/video6
04-22 20:42:02.718 12885 27297 W Codec2Client: query -- param skipped: index = 1073743886.
04-22 20:42:02.718 12885 27297 W Codec2Client: query -- param skipped: index = 1610614798.
04-22 20:42:02.719 12885 27297 D CCodecBufferChannel: [c2.exynos.mpeg4.decoder#649] Created input block pool with allocatorID 16 => poolID 42 - OK (0)
04-22 20:42:02.719 12885 27297 I CCodecBufferChannel: [c2.exynos.mpeg4.decoder#649] Created output block pool with allocatorID 18 => poolID 156 - OK
04-22 20:42:02.719 12885 27297 D CCodecBufferChannel: [c2.exynos.mpeg4.decoder#649] Configured output block pool ids 156 => OK
04-22 20:42:02.719 12885 27297 D Codec2-OutputBufferQueue: remote graphic buffer migration 0/0
04-22 20:42:02.719 12885 27297 D Codec2Client: setOutputSurface -- failed to set consumer usage (6/BAD_INDEX)
04-22 20:42:02.719 12885 27297 D Codec2Client: setOutputSurface -- generation=13194311 consumer usage=0x900
04-22 20:42:02.720   562 25195 W gralloc4: Unable to set buffer name SurfaceView[com.google.android.apps.photos/com.google.android.apps.photos.home.HomeActivity]#47(BLAST Consumer)47: File name too long
04-22 20:42:02.720  1025  6593 D C2BqBuffer: local generation change 13194311 , bqId: 55340653609038 migrated buffers # 0
04-22 20:42:02.720 12885 27297 D Codec2Client: Surface configure completed
04-22 20:42:02.721  1152  6080 W ResourceManagerService: Ignoring request to add new resource entry with value <= 0
04-22 20:42:02.724  1025 27299 D ExynosVideoDecoder: MFC_Decoder_Enqueue_Inbuf: DATA with flags(0x20000000)
04-22 20:42:02.725  1025 27299 I ExynosVideoCodecDec-Mpeg4Dec: [updateResolution] resolution info : 256 x 192 (0, 0, 256, 192)
04-22 20:42:02.725  1025 27298 I ExynosC2Mpeg4DecComponent: [updateC2Config_OutputDelay] output delay(4)
04-22 20:42:02.725  1025 27298 I ExynosC2Mpeg4DecComponent: [updateC2Config_OutputDelay] reorder key(0)
04-22 20:42:02.725  1025 27298 I ExynosC2DecComponent: [processCSDInfo] update configurations on c2work(0xb400007d05c4ec00)
04-22 20:42:02.726  1025 27303 D ExynosVideoDecoder: MFC_Decoder_Enqueue_Inbuf: DATA with flags(0x20000000)
04-22 20:42:02.726 12885 27297 D CCodecConfig: c2 config diff is   c2::u32 output.delay.value = 4
04-22 20:42:02.726 12885 27297 D Codec2-OutputBufferQueue: set max dequeue count 11 from update
04-22 20:42:02.726   562 25195 W gralloc4: Unable to set buffer name SurfaceView[com.google.android.apps.photos/com.google.android.apps.photos.home.HomeActivity]#47(BLAST Consumer)47: File name too long
04-22 20:42:02.727   562 25195 W gralloc4: Unable to set buffer name SurfaceView[com.google.android.apps.photos/com.google.android.apps.photos.home.HomeActivity]#47(BLAST Consumer)47: File name too long
04-22 20:42:02.728 12885 16285 D CCodecBufferChannel: [c2.exynos.mpeg4.decoder#649] Ignoring stale input buffer done callback: last flush index = 0, frameIndex = 0
04-22 20:42:02.728  1025 27298 I ExynosC2Mpeg4DecComponent: [updateC2Config_OutputDelay] output delay(4)
04-22 20:42:02.728  1025 27298 I ExynosC2Mpeg4DecComponent: [updateC2Config_OutputDelay] reorder key(0)
04-22 20:42:02.728   562 25195 W gralloc4: Unable to set buffer name SurfaceView[com.google.android.apps.photos/com.google.android.apps.photos.home.HomeActivity]#47(BLAST Consumer)47: File name too long
04-22 20:42:02.728 12885 27297 D Codec2-OutputBufferQueue: set max dequeue count 11 from update
04-22 20:42:02.729   562 25195 W gralloc4: Unable to set buffer name SurfaceView[com.google.android.apps.photos/com.google.android.apps.photos.home.HomeActivity]#47(BLAST Consumer)47: File name too long
04-22 20:42:02.730   562 25195 W gralloc4: Unable to set buffer name SurfaceView[com.google.android.apps.photos/com.google.android.apps.photos.home.HomeActivity]#47(BLAST Consumer)47: File name too long
04-22 20:42:02.730   562 25195 W gralloc4: Unable to set buffer name SurfaceView[com.google.android.apps.photos/com.google.android.apps.photos.home.HomeActivity]#47(BLAST Consumer)47: File name too long
04-22 20:42:02.731   562 25195 W gralloc4: Unable to set buffer name SurfaceView[com.google.android.apps.photos/com.google.android.apps.photos.home.HomeActivity]#47(BLAST Consumer)47: File name too long
04-22 20:42:02.731   562 25195 W gralloc4: Unable to set buffer name SurfaceView[com.google.android.apps.photos/com.google.android.apps.photos.home.HomeActivity]#47(BLAST Consumer)47: File name too long
04-22 20:42:02.731   562 25195 W gralloc4: Unable to set buffer name SurfaceView[com.google.android.apps.photos/com.google.android.apps.photos.home.HomeActivity]#47(BLAST Consumer)47: File name too long
04-22 20:42:02.737 12885 27297 D CCodecConfig: c2 config diff is   c2::u32 raw.crop.height = 192
04-22 20:42:02.737 12885 27297 D CCodecConfig:   c2::u32 raw.crop.left = 0
04-22 20:42:02.737 12885 27297 D CCodecConfig:   c2::u32 raw.crop.top = 0
04-22 20:42:02.737 12885 27297 D CCodecConfig:   c2::u32 raw.crop.width = 256
04-22 20:42:02.742   561   561 W RenderEngine: type=1400 audit(0.0:8446): avc:  denied  { getattr } for  name="/" dev="dmabuf" ino=1 scontext=u:r:surfaceflinger:s0 tcontext=u:object_r:unlabeled:s0 tclass=filesystem permissive=0
04-22 20:42:02.748   562 25195 W gralloc4: Unable to set buffer name SurfaceView[com.google.android.apps.photos/com.google.android.apps.photos.home.HomeActivity]#47(BLAST Consumer)47: File name too long
04-22 20:42:02.750   562 25195 W gralloc4: Unable to set buffer name SurfaceView[com.google.android.apps.photos/com.google.android.apps.photos.home.HomeActivity]#47(BLAST Consumer)47: File name too long
04-22 20:42:02.750 31991 32039 W Auth    : [ClearToken] Failed to delete an intermediate token as owning package is missing. [CONTEXT service_id=343 ]
04-22 20:42:02.751   562 25195 W gralloc4: Unable to set buffer name SurfaceView[com.google.android.apps.photos/com.google.android.apps.photos.home.HomeActivity]#47(BLAST Consumer)47: File name too long
04-22 20:42:02.750   561   561 W RenderEngine: type=1400 audit(0.0:8447): avc:  denied  { getattr } for  name="/" dev="dmabuf" ino=1 scontext=u:r:surfaceflinger:s0 tcontext=u:object_r:unlabeled:s0 tclass=filesystem permissive=0
04-22 20:42:02.763   562 25195 W gralloc4: Unable to set buffer name SurfaceView[com.google.android.apps.photos/com.google.android.apps.photos.home.HomeActivity]#47(BLAST Consumer)47: File name too long
04-22 20:42:02.771  1542  2863 W UriGrantsManagerService: No permission grants found for com.google.android.apps.photos
04-22 20:42:02.771  1542  2863 W UriGrantsManagerService: No permission grants found for com.google.android.apps.photos
04-22 20:42:02.766   561   561 W RenderEngine: type=1400 audit(0.0:8448): avc:  denied  { getattr } for  name="/" dev="dmabuf" ino=1 scontext=u:r:surfaceflinger:s0 tcontext=u:object_r:unlabeled:s0 tclass=filesystem permissive=0
04-22 20:42:02.775   562 25195 W gralloc4: Unable to set buffer name SurfaceView[com.google.android.apps.photos/com.google.android.apps.photos.home.HomeActivity]#47(BLAST Consumer)47: File name too long
04-22 20:42:02.822  1542  3342 D ActivityManager: sync unfroze 16099 com.google.android.apps.photos:mediametadataservice for 6
04-22 20:42:02.838  4515 26631 D MediaProvider: Open with FUSE. FilePath: /storage/emulated/0/Pictures/thermal_camera/thermal_camera_20240422_204138.mp4. Uid: 10195. Media Capabilities Uid: 0. ShouldRedact: false. ShouldTranscode: false
04-22 20:42:02.866  4515 26631 D MediaProvider: Open with FUSE. FilePath: /storage/emulated/0/Pictures/thermal_camera/thermal_camera_20240422_204138.mp4. Uid: 10195. Media Capabilities Uid: 0. ShouldRedact: false. ShouldTranscode: false
04-22 20:42:02.868 16099 27311 W FileSource: offset/length adjusted from 0/576460752303423487 to 0/108924
04-22 20:42:02.885  4515 26631 D MediaProvider: Open with FUSE. FilePath: /storage/emulated/0/Pictures/thermal_camera/thermal_camera_20240422_204151.mp4. Uid: 10195. Media Capabilities Uid: 0. ShouldRedact: false. ShouldTranscode: false
04-22 20:42:02.898  4515  4528 D MediaProvider: Open with FUSE. FilePath: /storage/emulated/0/Pictures/thermal_camera/thermal_camera_20240422_204138.mp4. Uid: 10195. Media Capabilities Uid: 0. ShouldRedact: false. ShouldTranscode: false
04-22 20:42:02.903  4515  4528 D MediaProvider: Open with FUSE. FilePath: /storage/emulated/0/Pictures/thermal_camera/thermal_camera_20240422_204138.mp4. Uid: 10195. Media Capabilities Uid: 0. ShouldRedact: false. ShouldTranscode: false
04-22 20:42:02.911 31991 27260 I DiscoveryContext: (REDACTED) updateDiscoveryState(). Criteria: %s. Screen on: %b. Has connectivity: %b.
04-22 20:42:02.911 31991 27260 I DiscoveryContext: notify filter criteria changed
04-22 20:42:02.912 31991 27260 I DiscoveryContext: notify discovery stopped
04-22 20:42:02.912 31991 27260 I DiscoveryContext: (REDACTED) notify discovery started with scannerFlags = %d
04-22 20:42:02.912 31991 27260 I DiscoveryContext: notify discovery state changed
04-22 20:42:02.912 31991 27260 W DatabaseProcessor: processLocalDevices: failed to get the network info with non-null networkId.
04-22 20:42:02.912 31991 27260 I PublishedDeviceManager: (REDACTED) publish devices at timestamp: %d
04-22 20:42:02.912 31991 27260 I CastMediaRouteProvider: (REDACTED) No local devices found. Publishing GuestMode routes (%d)
04-22 20:42:02.912 31991 27260 I CastMediaRouteProvider: (REDACTED) onDevicesPublished with %d Cast devices and %d Dynamic Session devices
04-22 20:42:02.912 31991 27260 I DiscoveryManager: start discovery
04-22 20:42:02.912 31991 27260 I DeviceScanner: (REDACTED) [MDNS] Scan settings updated. New filterCriteria (%s). Scanner flag (%d)
04-22 20:42:02.912 31991 27260 I DeviceScanner: [MDNS] Updating mDNS search options.
04-22 20:42:02.912 31991 31991 I CastMediaRouteProvider: Published 0 routes
04-22 20:42:02.916 31991 26930 I MdnsDiscoveryManager: (REDACTED) Registering listener for subtypes: %s
04-22 20:42:02.916 31991 26930 I MdnsQueryScheduler: Scheduling the initial query [CONTEXT service_id=168 ]
04-22 20:42:02.916 31991 26930 I MdnsQueryScheduler: (REDACTED) Scheduling next query to run in %d mS
04-22 20:42:02.917 31991 27188 I MdnsServiceTypeClient: (REDACTED) Sending query for subtypes: %s
04-22 20:42:02.917 31991 27188 I MdnsClient: Trigger send thread. [CONTEXT service_id=168 ]
04-22 20:42:02.917 31991 27188 I QueryTaskConfig: Using PASSIVE mode [CONTEXT service_id=168 ]
04-22 20:42:02.917 31991 27272 I MdnsClient: (REDACTED) Sending a %s mDNS packet...
04-22 20:42:02.917 31991 27188 I QueryTaskConfig: (REDACTED) timetoRunNextTaskInMs is set to timeBetweenQueriesInBurstMs (%d) for next query
04-22 20:42:02.917 31991 27188 I QueryTaskConfig: First burst is not complete - cannot extend query period. [CONTEXT service_id=168 ]
04-22 20:42:02.917 31991 27188 I MdnsQueryScheduler: (REDACTED) Scheduling next query to run in %d mS
04-22 20:42:02.928  4515  4528 D MediaProvider: Open with FUSE. FilePath: /storage/emulated/0/Pictures/thermal_camera/thermal_camera_20240422_204151.mp4. Uid: 10195. Media Capabilities Uid: 0. ShouldRedact: false. ShouldTranscode: false
04-22 20:42:02.929 16099 27311 W FileSource: offset/length adjusted from 0/576460752303423487 to 0/77569
04-22 20:42:02.949  4515 26631 D MediaProvider: Open with FUSE. FilePath: /storage/emulated/0/Pictures/thermal_camera/thermal_camera_20240422_204151.mp4. Uid: 10195. Media Capabilities Uid: 0. ShouldRedact: false. ShouldTranscode: false
04-22 20:42:02.951  4515  4528 D MediaProvider: Open with FUSE. FilePath: /storage/emulated/0/Pictures/thermal_camera/thermal_camera_20240422_204138.mp4. Uid: 10195. Media Capabilities Uid: 0. ShouldRedact: false. ShouldTranscode: false
04-22 20:42:02.954 16099 27311 W FileSource: offset/length adjusted from 0/576460752303423487 to 0/108924
04-22 20:42:02.955  4515 26631 D MediaProvider: Open with FUSE. FilePath: /storage/emulated/0/Pictures/thermal_camera/thermal_camera_20240422_204151.mp4. Uid: 10195. Media Capabilities Uid: 0. ShouldRedact: false. ShouldTranscode: false
04-22 20:42:02.977  4515 26631 D MediaProvider: Open with FUSE. FilePath: /storage/emulated/0/Pictures/thermal_camera/thermal_camera_20240422_204151.mp4. Uid: 10195. Media Capabilities Uid: 0. ShouldRedact: false. ShouldTranscode: false
04-22 20:42:02.979 16099 27311 W FileSource: offset/length adjusted from 0/576460752303423487 to 0/77569
04-22 20:42:02.994  4515 26631 D MediaProvider: Open with FUSE. FilePath: /storage/emulated/0/Pictures/thermal_camera/thermal_camera_20240422_204138.mp4. Uid: 10195. Media Capabilities Uid: 0. ShouldRedact: false. ShouldTranscode: false
04-22 20:42:03.011  4515 26631 D MediaProvider: Open with FUSE. FilePath: /storage/emulated/0/Pictures/thermal_camera/thermal_camera_20240422_204151.mp4. Uid: 10195. Media Capabilities Uid: 0. ShouldRedact: false. ShouldTranscode: false
