04-22 20:41:53.517  1228  1228 D AOC     : A3:MSG: lsm6dsv_fifo.cc, 755: USF: Lsm6dsvFifo: ODR: XL/G/T/TS: 60/240/15/30 WM: 19 Intr: 19.
04-22 20:41:53.517  1228  1228 D AOC     : A3:MSG: lsm6dsv_device.cc, 650: USF: Lsm6dsvDevice: Fifo was disabled for 369588ns.
04-22 20:41:53.522  1228  1228 D AOC     : A3:MSG: usf_sensor.cc, 1685: USF: Received stop sampling request for LSM6DSV Stationary Detect (active:-1).
04-22 20:41:53.522  1228  1228 D AOC     : A3:MSG: usf_sensor.cc, 2141: USF: Sampling configuration 32959 not found.
04-22 20:41:53.522  1228  1228 D AOC     : A3:MSG: usf_sensor_client.cc, 145: USF: Received kErrNotFound when disabling one shot sensor.
04-22 20:41:53.650 27105 27149 I mobile-ffmpeg: frame=   41 fps=0.0 q=4.1 Lsize=      76kB time=00:00:01.60 bitrate= 387.8kbits/s speed=6.94x    
04-22 20:41:53.650 27105 27149 I mobile-ffmpeg: video:75kB audio:0kB subtitle:0kB other streams:0kB global headers:0kB muxing overhead: 
04-22 20:41:53.650 27105 27149 I mobile-ffmpeg: 1.354989%
04-22 20:41:53.650 27105 27149 I mobile-ffmpeg: 
04-22 20:41:53.668 27105 27105 D ThermalCamera: 10000, -9728528, 0xFF6B8DF0
04-22 20:41:53.674  4515  8774 I MediaProvider: Begin Intent { act=android.intent.action.MEDIA_SCANNER_SCAN_FILE dat=file:///... flg=0x1000010 cmp=com.google.android.providers.media.module/com.android.providers.media.MediaService }
04-22 20:41:53.692  1228  1228 D AOC     : A3:MSG: usf_sensor.cc, 1677: USF: Received start sampling request for LSM6DSV Gyroscope (active:3).
04-22 20:41:53.693  1228  1228 D AOC     : A3:MSG: lsm6dsv_device.cc, 741: USF: Lsm6dsvDevice: Sensor 1: Enabled 1, odr_index 5, period_ns 20000000.
04-22 20:41:53.693  1228  1228 D AOC     : A3:MSG: lsm6dsv_fifo.cc, 755: USF: Lsm6dsvFifo: ODR: XL/G/T/TS: 60/60/15/7 WM: 6 Intr: 24.
04-22 20:41:53.693  1228  1228 D AOC     : A3:MSG: lsm6dsv_device.cc, 650: USF: Lsm6dsvDevice: Fifo was disabled for 363607ns.
04-22 20:41:53.694  1228  1228 D AOC     : A3:MSG: usf_sensor.cc, 1677: USF: Received start sampling request for Fusion Mag (active:2).
04-22 20:41:53.694  1228  1228 D AOC     : A3:MSG: fusion_mag_sensor.cc, 677: USF: FMAG: Reconfig sampling: period(new/old) = 100/10ms, latency = 500ms.
04-22 20:41:53.694  1228  1228 D AOC     : A3:MSG: usf_sensor.cc, 1677: USF: Received start sampling request for MMC56X3X Magnetometer 0 (active:2).
04-22 20:41:53.694  1228  1228 D AOC     : A3:MSG: mmc56x3x_device.cc, 409: USF: MMC56X3X1: mmc56x3x_enable_measure odr = 10.
04-22 20:41:53.695  1228  1228 D AOC     : A3:MSG: usf_sensor.cc, 1677: USF: Received start sampling request for MMC56X3X Magnetometer 1 (active:2).
04-22 20:41:53.696  1228  1228 D AOC     : A3:MSG: mmc56x3x_device.cc, 409: USF: MMC56X3X2: mmc56x3x_enable_measure odr = 10.
04-22 20:41:53.719 27105 27105 D ThermalCamera: 10000, -9728528, 0xFF6B8DF0
04-22 20:41:53.733  4515  8774 I MediaProvider: End Intent { act=android.intent.action.MEDIA_SCANNER_SCAN_FILE dat=file:///... flg=0x1000010 cmp=com.google.android.providers.media.module/com.android.providers.media.MediaService }
04-22 20:41:53.769 27105 27105 D ThermalCamera: 10000, -9728528, 0xFF6B8DF0
04-22 20:41:53.774  4515 21758 I PSyncWorker: Starting proactive picker sync from sync source: 1
04-22 20:41:53.774  4515 21758 I PickerSyncTracker: Created new sync future java.util.concurrent.CompletableFuture@624dc21[Not completed, 1 dependents]. Future map: {385a0143-ae50-45a7-a756-71a1cbbbcb4e=java.util.concurrent.CompletableFuture@624dc21[Not completed, 1 dependents]}
04-22 20:41:53.775  4515 21758 D PickerSyncController: syncAllMediaFromProvider() LOCAL, auth=com.android.providers.media.photopicker, retry=true
04-22 20:41:53.775  4515 21758 D PickerSyncController: getSyncRequestParams() LOCAL, auth=com.android.providers.media.photopicker
04-22 20:41:53.779  4515 21758 D PickerSyncController:    Latest ID/Gen=1407:09e79bae-2243-415b-aab3-708f77494a6c:external_primary/4422
04-22 20:41:53.779  4515 21758 D PickerSyncController:    Cached ID/Gen=1407:09e79bae-2243-415b-aab3-708f77494a6c:external_primary/4410
04-22 20:41:53.780  4515 21758 D PickerSyncController:    RESULT=SyncRequestParams{type=MEDIA_INCREMENTAL, gen=4410, latest=Bundle[{last_media_sync_generation=4422, media_collection_id=1407:09e79bae-2243-415b-aab3-708f77494a6c:external_primary}], pageSize=1000}
04-22 20:41:53.780  4515 21758 I PickerSyncController: Executing SyncAdd. isLocal: true. authority: com.android.providers.media.photopicker
04-22 20:41:53.780  4515 21758 D PickerSyncLockManager: Trying to acquire lock com.android.providers.media.photopicker.sync.CloseableReentrantLock@28ec464[Unlocked]. Lock Name = CLOUD_PROVIDER_LOCK. Threads that may be waiting to acquire this lock = [] with timeout.
04-22 20:41:53.780  4515 21758 D CloseableReentrantLock: Successfully acquired lock com.android.providers.media.photopicker.sync.CloseableReentrantLock@28ec464[Locked by thread pool-3-thread-1]. Lock Name = CLOUD_PROVIDER_LOCK. Threads that may be waiting to acquire this lock = []
04-22 20:41:53.780  4515 21758 D CloseableReentrantLock: Successfully released lock com.android.providers.media.photopicker.sync.CloseableReentrantLock@28ec464[Unlocked]. Lock Name = CLOUD_PROVIDER_LOCK. Threads that may be waiting to acquire this lock = []
04-22 20:41:53.780  4515 21758 D ExternalDbFacade: Token received for queryMedia = null
04-22 20:41:53.791 31991 26930 I NetworkScheduler.Stats: (REDACTED) Task %s/%s started execution. cause:%s exec_start_elapsed_seconds: %s
04-22 20:41:53.793  4515 21758 D PickerSyncLockManager: Trying to acquire lock com.android.providers.media.photopicker.sync.CloseableReentrantLock@28ec464[Unlocked]. Lock Name = CLOUD_PROVIDER_LOCK. Threads that may be waiting to acquire this lock = [] with timeout.
04-22 20:41:53.793  4515 21758 D CloseableReentrantLock: Successfully acquired lock com.android.providers.media.photopicker.sync.CloseableReentrantLock@28ec464[Locked by thread pool-3-thread-1]. Lock Name = CLOUD_PROVIDER_LOCK. Threads that may be waiting to acquire this lock = []
04-22 20:41:53.793  4515 21758 D PickerSyncController: Saving next page token: 1713843713000|1000000429 for key: local_provider:media_add:resume
04-22 20:41:53.793  4515 21758 D CloseableReentrantLock: Successfully released lock com.android.providers.media.photopicker.sync.CloseableReentrantLock@28ec464[Unlocked]. Lock Name = CLOUD_PROVIDER_LOCK. Threads that may be waiting to acquire this lock = []
04-22 20:41:53.795  4515 21758 D ExternalDbFacade: Token received for queryMedia = 1713843713000|1000000429
04-22 20:41:53.800  4515 21758 D PickerSyncLockManager: Trying to acquire lock com.android.providers.media.photopicker.sync.CloseableReentrantLock@28ec464[Unlocked]. Lock Name = CLOUD_PROVIDER_LOCK. Threads that may be waiting to acquire this lock = [] with timeout.
04-22 20:41:53.801  4515 21758 D CloseableReentrantLock: Successfully acquired lock com.android.providers.media.photopicker.sync.CloseableReentrantLock@28ec464[Locked by thread pool-3-thread-1]. Lock Name = CLOUD_PROVIDER_LOCK. Threads that may be waiting to acquire this lock = []
04-22 20:41:53.801  4515 21758 D PickerSyncController: Clearing next page token for key: local_provider:media_add:resume
04-22 20:41:53.801  4515 21758 D CloseableReentrantLock: Successfully released lock com.android.providers.media.photopicker.sync.CloseableReentrantLock@28ec464[Unlocked]. Lock Name = CLOUD_PROVIDER_LOCK. Threads that may be waiting to acquire this lock = []
04-22 20:41:53.801  4515 21758 I PickerSyncController: Paged sync successful. QueryArgs: Bundle[{android.provider.extra.PAGE_TOKEN=1713843713000|1000000429, android.provider.extra.SYNC_GENERATION=4410, android.provider.extra.PAGE_SIZE=1000}] Total Rows: 1
04-22 20:41:53.801  4515 21758 I PickerSyncController: Executing SyncRemove. isLocal: true. authority: com.android.providers.media.photopicker
04-22 20:41:53.801  4515 21758 D PickerSyncLockManager: Trying to acquire lock com.android.providers.media.photopicker.sync.CloseableReentrantLock@28ec464[Unlocked]. Lock Name = CLOUD_PROVIDER_LOCK. Threads that may be waiting to acquire this lock = [] with timeout.
04-22 20:41:53.801  4515 21758 D CloseableReentrantLock: Successfully acquired lock com.android.providers.media.photopicker.sync.CloseableReentrantLock@28ec464[Locked by thread pool-3-thread-1]. Lock Name = CLOUD_PROVIDER_LOCK. Threads that may be waiting to acquire this lock = []
04-22 20:41:53.802  4515 21758 D CloseableReentrantLock: Successfully released lock com.android.providers.media.photopicker.sync.CloseableReentrantLock@28ec464[Unlocked]. Lock Name = CLOUD_PROVIDER_LOCK. Threads that may be waiting to acquire this lock = []
04-22 20:41:53.802 31991 26913 I NetworkScheduler.Stats: (REDACTED) Task %s/%s finished executing. cause:%s result: %s elapsed_millis: %s uptime_millis: %s exec_start_elapsed_seconds: %s
04-22 20:41:53.805  4515 21758 D PickerSyncLockManager: Trying to acquire lock com.android.providers.media.photopicker.sync.CloseableReentrantLock@28ec464[Unlocked]. Lock Name = CLOUD_PROVIDER_LOCK. Threads that may be waiting to acquire this lock = [] with timeout.
04-22 20:41:53.805  4515 21758 D CloseableReentrantLock: Successfully acquired lock com.android.providers.media.photopicker.sync.CloseableReentrantLock@28ec464[Locked by thread pool-3-thread-1]. Lock Name = CLOUD_PROVIDER_LOCK. Threads that may be waiting to acquire this lock = []
04-22 20:41:53.805  4515 21758 D PickerSyncController: Clearing next page token for key: local_provider:media_remove:resume
04-22 20:41:53.805  4515 21758 D CloseableReentrantLock: Successfully released lock com.android.providers.media.photopicker.sync.CloseableReentrantLock@28ec464[Unlocked]. Lock Name = CLOUD_PROVIDER_LOCK. Threads that may be waiting to acquire this lock = []
04-22 20:41:53.805  4515 21758 I PickerSyncController: Paged sync successful. QueryArgs: Bundle[{android.provider.extra.PAGE_TOKEN=1713843713000|1000000429, android.provider.extra.SYNC_GENERATION=4410, android.provider.extra.PAGE_SIZE=1000}] Total Rows: 0
04-22 20:41:53.807  4515 21758 I PickerSyncTracker: Marked sync future complete for work id: 385a0143-ae50-45a7-a756-71a1cbbbcb4e. Future map: {}
04-22 20:41:53.807  4515 21758 I PSyncWorker: Completed picker proactive sync complete from local provider.
04-22 20:41:53.807  1542  1834 I DisplayPowerController2[0]: BrightnessEvent: disp=0, physDisp=local:4619827677550801152, brt=0.0443246, initBrt=0.079118595, rcmdBrt=0.0443246, preBrt=0.079118595, lux=15.461965, preLux=56.593044, hbmMax=0.6, hbmMode=off, rbcStrength=50, thrmMax=1.0, powerFactor=0.5, wasShortTermModelActive=false, flags=, reason=automatic, autoBrightness=true, strategy=InvalidBrightnessStrategy
04-22 20:41:53.807   956   962 E statsd  : error extracting state from log event. Missing exclusive state field.
04-22 20:41:53.808   956   962 E statsd  : StateTracker error extracting state from log event. Missing exclusive state field.
04-22 20:41:53.808   956   962 W statsd  : StateTracker not found for state atom 494
04-22 20:41:53.808  4515  4699 I WM-WorkerWrapper: Worker result SUCCESS for Work [ id=385a0143-ae50-45a7-a756-71a1cbbbcb4e, tags={ com.android.providers.media.photopicker.sync.ProactiveSyncWorker } ]
04-22 20:41:53.808  1542  1542 I BrightnessSynchronizer: [1675] New Update 0.0443246(f) set brightness values:  12(i)
04-22 20:41:53.809  2446  3224 D HbmSvManager: Display onChange info : 
04-22 20:41:53.809  2446  3224 D HbmSvManager: ; displayInfoIndex : 0
04-22 20:41:53.809  2446  3224 D HbmSvManager: ; adjustedBrightness : 0.0443246
04-22 20:41:53.810  1542  1542 I BrightnessSynchronizer: Swallowing update of 12(i) by update: {[1675] 0.0443246(f), mUpdatedTypes=1, mConfirmedTypes=1, mTimeUpdated=71943401}
04-22 20:41:53.810  1542  1542 I BrightnessSynchronizer: Completed Update: {[1675] 0.0443246(f), mUpdatedTypes=1, mConfirmedTypes=1, mTimeUpdated=71943401}
04-22 20:41:53.819 27105 27105 D ThermalCamera: 10000, -9728528, 0xFF6B8DF0
04-22 20:41:53.843   563   659 I hwc-display: path=drm, id=0, level=272, nits=80.542229, brightness=0.078805, DimmingOn=0, Hbm=0, LhbmOn=0, OpRate=0
04-22 20:41:53.861   563   659 I hwc-display: path=drm, id=0, level=271, nits=80.273415, brightness=0.078535, DimmingOn=0, Hbm=0, LhbmOn=0, OpRate=0
04-22 20:41:53.869 27105 27105 D ThermalCamera: 10000, -9728528, 0xFF6B8DF0
04-22 20:41:53.879   563   659 I hwc-display: path=drm, id=0, level=270, nits=80.004944, brightness=0.078266, DimmingOn=0, Hbm=0, LhbmOn=0, OpRate=0
04-22 20:41:53.904  1050  1090 I WifiHAL : Creating message to get link statistics; iface = 47
04-22 20:41:53.910  2185  2185 W WindowOnBackDispatcher: sendCancelIfRunning: isInProgress=falsecallback=android.view.ViewRootImpl$$ExternalSyntheticLambda11@5be8390
04-22 20:41:53.911  1542  5821 D CoreBackPreview: Window{fe0be54 u0 Toast}: Setting back callback null
04-22 20:41:53.912   563   659 I hwc-display: path=drm, id=0, level=269, nits=79.469490, brightness=0.077729, DimmingOn=0, Hbm=0, LhbmOn=0, OpRate=0
04-22 20:41:53.915  1542  5821 W InputManager-JNI: Input channel object 'fe0be54 Toast (client)' was disposed without first being removed with the input manager!
04-22 20:41:53.918  1542  5821 W NotificationService: Toast already killed. pkg=info.jnlm.thermal_camera token=android.os.BinderProxy@65eb59b
04-22 20:41:53.920 27105 27105 D ThermalCamera: 10000, -9728528, 0xFF6B8DF0
04-22 20:41:53.928   563   659 I hwc-display: path=drm, id=0, level=268, nits=79.202362, brightness=0.077461, DimmingOn=0, Hbm=0, LhbmOn=0, OpRate=0
04-22 20:41:53.944   563  3345 I hwc-display: path=drm, id=0, level=267, nits=78.935631, brightness=0.077193, DimmingOn=0, Hbm=0, LhbmOn=0, OpRate=0
04-22 20:41:53.949  1050  1090 I WifiHAL : In GetLinkStatsCommand::handleResponse
04-22 20:41:53.951  1542  5282 D CoreBackPreview: Window{c09d111 u0 Toast}: Setting back callback OnBackInvokedCallbackInfo{mCallback=android.window.IOnBackInvokedCallback$Stub$Proxy@6296d4d, mPriority=0, mIsAnimationCallback=false}
04-22 20:41:53.958   562 25195 W gralloc4: Unable to set buffer name VRI[Toast]#577(BLAST Consumer)577: File name too long
04-22 20:41:53.958   562 25195 W gralloc4: Unable to set buffer name VRI[Toast]#577(BLAST Consumer)577: File name too long
04-22 20:41:53.959   562 25195 W gralloc4: Unable to set buffer name VRI[Toast]#577(BLAST Consumer)577: File name too long
04-22 20:41:53.960   562 25195 W gralloc4: Unable to set buffer name VRI[Toast]#577(BLAST Consumer)577: File name too long
04-22 20:41:53.960   563  3349 I hwc-display: path=drm, id=0, level=266, nits=78.669334, brightness=0.076926, DimmingOn=0, Hbm=0, LhbmOn=0, OpRate=0
04-22 20:41:53.961   562 25195 W gralloc4: Unable to set buffer name VRI[Toast]#577(BLAST Consumer)577: File name too long
04-22 20:41:53.969 27105 27105 D ThermalCamera: 10000, -9728528, 0xFF6B8DF0
04-22 20:41:53.977   563  3349 I hwc-display: path=drm, id=0, level=265, nits=78.403496, brightness=0.076659, DimmingOn=0, Hbm=0, LhbmOn=0, OpRate=0
04-22 20:41:53.989  1542  2111 D ConnectivityService: NetReassign [no changes] [c 6] [a 3] [i 1]
04-22 20:41:53.994   563  3345 I hwc-display: path=drm, id=0, level=264, nits=78.138115, brightness=0.076393, DimmingOn=0, Hbm=0, LhbmOn=0, OpRate=0
04-22 20:41:54.010   563  3345 I hwc-display: path=drm, id=0, level=263, nits=77.873016, brightness=0.076127, DimmingOn=0, Hbm=0, LhbmOn=0, OpRate=0
04-22 20:41:54.020 27105 27105 D ThermalCamera: 10000, -9728528, 0xFF6B8DF0
04-22 20:41:54.028   563  3345 I hwc-display: path=drm, id=0, level=262, nits=77.608650, brightness=0.075862, DimmingOn=0, Hbm=0, LhbmOn=0, OpRate=0
04-22 20:41:54.045   563  3345 I hwc-display: path=drm, id=0, level=261, nits=77.344559, brightness=0.075597, DimmingOn=0, Hbm=0, LhbmOn=0, OpRate=0
04-22 20:41:54.070 27105 27105 D ThermalCamera: 10000, -9728528, 0xFF6B8DF0
04-22 20:41:54.077   563  3345 I hwc-display: path=drm, id=0, level=260, nits=76.817947, brightness=0.075068, DimmingOn=0, Hbm=0, LhbmOn=0, OpRate=0
04-22 20:41:54.095   563  3345 I hwc-display: path=drm, id=0, level=259, nits=76.555305, brightness=0.074805, DimmingOn=0, Hbm=0, LhbmOn=0, OpRate=0
04-22 20:41:54.111   563  3345 I hwc-display: path=drm, id=0, level=258, nits=76.293167, brightness=0.074542, DimmingOn=0, Hbm=0, LhbmOn=0, OpRate=0
04-22 20:41:54.120 27105 27105 D ThermalCamera: 10000, -9728528, 0xFF6B8DF0
04-22 20:41:54.128   563  3349 I hwc-display: path=drm, id=0, level=257, nits=76.031548, brightness=0.074279, DimmingOn=0, Hbm=0, LhbmOn=0, OpRate=0
04-22 20:41:54.145   563  3345 I hwc-display: path=drm, id=0, level=256, nits=75.770325, brightness=0.074017, DimmingOn=0, Hbm=0, LhbmOn=0, OpRate=0
04-22 20:41:54.152  1135  1155 I WPKTRT  : process_address_event: 2601:640:8e00:1c90:74c5:e5ff:fe85:f7fc added to wlan0
04-22 20:41:54.152  1135  1155 I WPKTRT  : process_address_event: 2601:640:8e00:1c90:be8b:24d6:b566:a106 added to wlan0
04-22 20:41:54.152  1050  1090 E WifiHAL : Setting APF program, halHandle = 0xb40000741501f690
04-22 20:41:54.152  1050  1090 E WifiHAL : Set apf filter for iface = wlan0
04-22 20:41:54.152  1050  1090 I WifiHAL : createRequest: APF set program request
04-22 20:41:54.153  1050  1090 E WifiHAL : Success to allocate program of len: 558
04-22 20:41:54.161   563  3345 I hwc-display: path=drm, id=0, level=255, nits=75.509926, brightness=0.073756, DimmingOn=0, Hbm=0, LhbmOn=0, OpRate=0
04-22 20:41:54.165  1050  1090 I WifiHAL : Done!
04-22 20:41:54.171 27105 27105 D ThermalCamera: 10000, -9728528, 0xFF6B8DF0
04-22 20:41:54.179   563  3345 I hwc-display: path=drm, id=0, level=254, nits=75.249695, brightness=0.073495, DimmingOn=0, Hbm=0, LhbmOn=0, OpRate=0
04-22 20:41:54.195   563  3349 I hwc-display: path=drm, id=0, level=253, nits=74.990082, brightness=0.073234, DimmingOn=0, Hbm=0, LhbmOn=0, OpRate=0
04-22 20:41:54.213   563  3345 I hwc-display: path=drm, id=0, level=252, nits=74.731026, brightness=0.072974, DimmingOn=0, Hbm=0, LhbmOn=0, OpRate=0
04-22 20:41:54.222 27105 27105 D ThermalCamera: 10000, -9728528, 0xFF6B8DF0
04-22 20:41:54.244   563  3345 I hwc-display: path=drm, id=0, level=251, nits=74.214348, brightness=0.072456, DimmingOn=0, Hbm=0, LhbmOn=0, OpRate=0
04-22 20:41:54.260   563  3349 I hwc-display: path=drm, id=0, level=250, nits=73.956734, brightness=0.072197, DimmingOn=0, Hbm=0, LhbmOn=0, OpRate=0
04-22 20:41:54.272 27105 27105 D ThermalCamera: 10000, -9728528, 0xFF6B8DF0
04-22 20:41:54.279   563  3345 I hwc-display: path=drm, id=0, level=249, nits=73.699455, brightness=0.071939, DimmingOn=0, Hbm=0, LhbmOn=0, OpRate=0
04-22 20:41:54.296   563  3345 I hwc-display: path=drm, id=0, level=248, nits=73.442551, brightness=0.071681, DimmingOn=0, Hbm=0, LhbmOn=0, OpRate=0
04-22 20:41:54.312   563  3345 I hwc-display: path=drm, id=0, level=247, nits=73.186234, brightness=0.071424, DimmingOn=0, Hbm=0, LhbmOn=0, OpRate=0
04-22 20:41:54.323 27105 27105 D ThermalCamera: 10000, -9728528, 0xFF6B8DF0
04-22 20:41:54.327   563  3349 I hwc-display: path=drm, id=0, level=246, nits=72.930275, brightness=0.071168, DimmingOn=0, Hbm=0, LhbmOn=0, OpRate=0
04-22 20:41:54.344   563  3345 I hwc-display: path=drm, id=0, level=245, nits=72.674889, brightness=0.070911, DimmingOn=0, Hbm=0, LhbmOn=0, OpRate=0
04-22 20:41:54.373 27105 27105 D ThermalCamera: 10000, -9728528, 0xFF6B8DF0
04-22 20:41:54.377   563  3345 I hwc-display: path=drm, id=0, level=244, nits=72.165710, brightness=0.070400, DimmingOn=0, Hbm=0, LhbmOn=0, OpRate=0
04-22 20:41:54.394   563  3349 I hwc-display: path=drm, id=0, level=243, nits=71.911621, brightness=0.070145, DimmingOn=0, Hbm=0, LhbmOn=0, OpRate=0
04-22 20:41:54.409   563  3345 I hwc-display: path=drm, id=0, level=242, nits=71.658073, brightness=0.069891, DimmingOn=0, Hbm=0, LhbmOn=0, OpRate=0
04-22 20:41:54.423 27105 27105 D ThermalCamera: 10000, -9728528, 0xFF6B8DF0
04-22 20:41:54.428   563  3345 I hwc-display: path=drm, id=0, level=241, nits=71.404984, brightness=0.069637, DimmingOn=0, Hbm=0, LhbmOn=0, OpRate=0
04-22 20:41:54.444   563  3345 I hwc-display: path=drm, id=0, level=240, nits=71.152275, brightness=0.069384, DimmingOn=0, Hbm=0, LhbmOn=0, OpRate=0
04-22 20:41:54.460   563  3349 I hwc-display: path=drm, id=0, level=239, nits=70.900131, brightness=0.069131, DimmingOn=0, Hbm=0, LhbmOn=0, OpRate=0
04-22 20:41:54.473 27105 27105 D ThermalCamera: 10000, -9728528, 0xFF6B8DF0
04-22 20:41:54.493   563  3345 I hwc-display: path=drm, id=0, level=238, nits=70.397163, brightness=0.068626, DimmingOn=0, Hbm=0, LhbmOn=0, OpRate=0
04-22 20:41:54.509   563  3345 I hwc-display: path=drm, id=0, level=237, nits=70.146416, brightness=0.068374, DimmingOn=0, Hbm=0, LhbmOn=0, OpRate=0
04-22 20:41:54.523 27105 27105 D ThermalCamera: 10000, -9728528, 0xFF6B8DF0
04-22 20:41:54.527   563  3349 I hwc-display: path=drm, id=0, level=236, nits=69.896049, brightness=0.068123, DimmingOn=0, Hbm=0, LhbmOn=0, OpRate=0
04-22 20:41:54.544   563  3345 I hwc-display: path=drm, id=0, level=235, nits=69.646133, brightness=0.067872, DimmingOn=0, Hbm=0, LhbmOn=0, OpRate=0
04-22 20:41:54.560   563  3345 I hwc-display: path=drm, id=0, level=234, nits=69.396675, brightness=0.067622, DimmingOn=0, Hbm=0, LhbmOn=0, OpRate=0
04-22 20:41:54.574 27105 27105 D ThermalCamera: 10000, -9728528, 0xFF6B8DF0
04-22 20:41:54.578   563  3345 I hwc-display: path=drm, id=0, level=233, nits=69.147469, brightness=0.067372, DimmingOn=0, Hbm=0, LhbmOn=0, OpRate=0
04-22 20:41:54.610   563  3345 I hwc-display: path=drm, id=0, level=232, nits=68.650719, brightness=0.066874, DimmingOn=0, Hbm=0, LhbmOn=0, OpRate=0
04-22 20:41:54.618  2446  3224 D HbmSvManager: Ambient sensor :  TMD3719 Ambient Light update Lux : 15.605249
04-22 20:41:54.624 27105 27105 D ThermalCamera: 10000, -9728528, 0xFF6B8DF0
04-22 20:41:54.627   563  3345 I hwc-display: path=drm, id=0, level=231, nits=68.403145, brightness=0.066625, DimmingOn=0, Hbm=0, LhbmOn=0, OpRate=0
04-22 20:41:54.643   563  3345 I hwc-display: path=drm, id=0, level=230, nits=68.155975, brightness=0.066377, DimmingOn=0, Hbm=0, LhbmOn=0, OpRate=0
04-22 20:41:54.660   563  3349 I hwc-display: path=drm, id=0, level=229, nits=67.909134, brightness=0.066130, DimmingOn=0, Hbm=0, LhbmOn=0, OpRate=0
04-22 20:41:54.674 27105 27105 D ThermalCamera: 10000, -9728528, 0xFF6B8DF0
04-22 20:41:54.678   563  3345 I hwc-display: path=drm, id=0, level=228, nits=67.662788, brightness=0.065882, DimmingOn=0, Hbm=0, LhbmOn=0, OpRate=0
04-22 20:41:54.694   563  3345 I hwc-display: path=drm, id=0, level=227, nits=67.416985, brightness=0.065636, DimmingOn=0, Hbm=0, LhbmOn=0, OpRate=0
04-22 20:41:54.724 27105 27105 D ThermalCamera: 10000, -9728528, 0xFF6B8DF0
04-22 20:41:54.726   563  3349 I hwc-display: path=drm, id=0, level=226, nits=66.926689, brightness=0.065144, DimmingOn=0, Hbm=0, LhbmOn=0, OpRate=0
04-22 20:41:54.744   563  3345 I hwc-display: path=drm, id=0, level=225, nits=66.682281, brightness=0.064899, DimmingOn=0, Hbm=0, LhbmOn=0, OpRate=0
04-22 20:41:54.760   563  3345 I hwc-display: path=drm, id=0, level=224, nits=66.438332, brightness=0.064654, DimmingOn=0, Hbm=0, LhbmOn=0, OpRate=0
04-22 20:41:54.774 27105 27105 D ThermalCamera: 10000, -9728528, 0xFF6B8DF0
04-22 20:41:54.778   563  3345 I hwc-display: path=drm, id=0, level=223, nits=66.194771, brightness=0.064409, DimmingOn=0, Hbm=0, LhbmOn=0, OpRate=0
04-22 20:41:54.794   563  3349 I hwc-display: path=drm, id=0, level=222, nits=65.951736, brightness=0.064166, DimmingOn=0, Hbm=0, LhbmOn=0, OpRate=0
04-22 20:41:54.824 27105 27105 D ThermalCamera: 10000, -9728528, 0xFF6B8DF0
04-22 20:41:54.828   563  3345 I hwc-display: path=drm, id=0, level=221, nits=65.467018, brightness=0.063679, DimmingOn=0, Hbm=0, LhbmOn=0, OpRate=0
04-22 20:41:54.844   563  3345 I hwc-display: path=drm, id=0, level=220, nits=65.225357, brightness=0.063437, DimmingOn=0, Hbm=0, LhbmOn=0, OpRate=0
04-22 20:41:54.860   563  3349 I hwc-display: path=drm, id=0, level=219, nits=64.984238, brightness=0.063195, DimmingOn=0, Hbm=0, LhbmOn=0, OpRate=0
04-22 20:41:54.876 27105 27105 D ThermalCamera: 10000, -9728528, 0xFF6B8DF0
04-22 20:41:54.876   563  3345 I hwc-display: path=drm, id=0, level=218, nits=64.743561, brightness=0.062953, DimmingOn=0, Hbm=0, LhbmOn=0, OpRate=0
04-22 20:41:54.909   563  3345 I hwc-display: path=drm, id=0, level=217, nits=64.263458, brightness=0.062472, DimmingOn=0, Hbm=0, LhbmOn=0, OpRate=0
04-22 20:41:54.926 27105 27105 D ThermalCamera: 10000, -9728528, 0xFF6B8DF0
04-22 20:41:54.926   563  3349 I hwc-display: path=drm, id=0, level=216, nits=64.023964, brightness=0.062231, DimmingOn=0, Hbm=0, LhbmOn=0, OpRate=0
04-22 20:41:54.944   563  3345 I hwc-display: path=drm, id=0, level=215, nits=63.785065, brightness=0.061992, DimmingOn=0, Hbm=0, LhbmOn=0, OpRate=0
04-22 20:41:54.960   563  3345 I hwc-display: path=drm, id=0, level=214, nits=63.546684, brightness=0.061753, DimmingOn=0, Hbm=0, LhbmOn=0, OpRate=0
04-22 20:41:54.975 27105 27105 D ThermalCamera: 10000, -9728528, 0xFF6B8DF0
04-22 20:41:54.978   563  3345 I hwc-display: path=drm, id=0, level=213, nits=63.308731, brightness=0.061514, DimmingOn=0, Hbm=0, LhbmOn=0, OpRate=0
04-22 20:41:55.010   563  3345 I hwc-display: path=drm, id=0, level=212, nits=62.834293, brightness=0.061038, DimmingOn=0, Hbm=0, LhbmOn=0, OpRate=0
04-22 20:41:55.025 27105 27105 D ThermalCamera: 10000, -9728528, 0xFF6B8DF0
04-22 20:41:55.027   563  3345 I hwc-display: path=drm, id=0, level=211, nits=62.597893, brightness=0.060801, DimmingOn=0, Hbm=0, LhbmOn=0, OpRate=0
04-22 20:41:55.044   563  3345 I hwc-display: path=drm, id=0, level=210, nits=62.361782, brightness=0.060564, DimmingOn=0, Hbm=0, LhbmOn=0, OpRate=0
04-22 20:41:55.060   563  3349 I hwc-display: path=drm, id=0, level=209, nits=62.126274, brightness=0.060327, DimmingOn=0, Hbm=0, LhbmOn=0, OpRate=0
04-22 20:41:55.076 27105 27105 D ThermalCamera: 10000, -9728528, 0xFF6B8DF0
04-22 20:41:55.093   563  3349 I hwc-display: path=drm, id=0, level=208, nits=61.656460, brightness=0.059856, DimmingOn=0, Hbm=0, LhbmOn=0, OpRate=0
04-22 20:41:55.110   563  3349 I hwc-display: path=drm, id=0, level=207, nits=61.422264, brightness=0.059621, DimmingOn=0, Hbm=0, LhbmOn=0, OpRate=0
04-22 20:41:55.127 27105 27105 D ThermalCamera: 10000, -9728528, 0xFF6B8DF0
04-22 20:41:55.127   563  3345 I hwc-display: path=drm, id=0, level=206, nits=61.188610, brightness=0.059387, DimmingOn=0, Hbm=0, LhbmOn=0, OpRate=0
04-22 20:41:55.144   563  3345 I hwc-display: path=drm, id=0, level=205, nits=60.955296, brightness=0.059152, DimmingOn=0, Hbm=0, LhbmOn=0, OpRate=0
04-22 20:41:55.177   563  3345 I hwc-display: path=drm, id=0, level=204, nits=60.490215, brightness=0.058686, DimmingOn=0, Hbm=0, LhbmOn=0, OpRate=0
04-22 20:41:55.178 27105 27105 D ThermalCamera: 10000, -9728528, 0xFF6B8DF0
04-22 20:41:55.193   563  3349 I hwc-display: path=drm, id=0, level=203, nits=60.258305, brightness=0.058453, DimmingOn=0, Hbm=0, LhbmOn=0, OpRate=0
04-22 20:41:55.210   563  3345 I hwc-display: path=drm, id=0, level=202, nits=60.026924, brightness=0.058221, DimmingOn=0, Hbm=0, LhbmOn=0, OpRate=0
04-22 20:41:55.227   563  3345 I hwc-display: path=drm, id=0, level=201, nits=59.796009, brightness=0.057989, DimmingOn=0, Hbm=0, LhbmOn=0, OpRate=0
04-22 20:41:55.229 27105 27105 D ThermalCamera: 10000, -9728528, 0xFF6B8DF0
04-22 20:41:55.260   563  3349 I hwc-display: path=drm, id=0, level=200, nits=59.335320, brightness=0.057527, DimmingOn=0, Hbm=0, LhbmOn=0, OpRate=0
04-22 20:41:55.278   563  3345 I hwc-display: path=drm, id=0, level=199, nits=59.105480, brightness=0.057296, DimmingOn=0, Hbm=0, LhbmOn=0, OpRate=0
04-22 20:41:55.278 27105 27105 D ThermalCamera: 10000, -9728528, 0xFF6B8DF0
04-22 20:41:55.293   563  3345 I hwc-display: path=drm, id=0, level=198, nits=58.876312, brightness=0.057067, DimmingOn=0, Hbm=0, LhbmOn=0, OpRate=0
04-22 20:41:55.326   563  3349 I hwc-display: path=drm, id=0, level=197, nits=58.418568, brightness=0.056607, DimmingOn=0, Hbm=0, LhbmOn=0, OpRate=0
04-22 20:41:55.328 27105 27105 D ThermalCamera: 10000, -9728528, 0xFF6B8DF0
04-22 20:41:55.343   563  3345 I hwc-display: path=drm, id=0, level=196, nits=58.190746, brightness=0.056379, DimmingOn=0, Hbm=0, LhbmOn=0, OpRate=0
04-22 20:41:55.360   563  3345 I hwc-display: path=drm, id=0, level=195, nits=57.963242, brightness=0.056150, DimmingOn=0, Hbm=0, LhbmOn=0, OpRate=0
04-22 20:41:55.378   563  3345 I hwc-display: path=drm, id=0, level=194, nits=57.735943, brightness=0.055922, DimmingOn=0, Hbm=0, LhbmOn=0, OpRate=0
04-22 20:41:55.378 27105 27105 D ThermalCamera: 10000, -9728528, 0xFF6B8DF0
04-22 20:41:55.411   563  3345 I hwc-display: path=drm, id=0, level=193, nits=57.283268, brightness=0.055468, DimmingOn=0, Hbm=0, LhbmOn=0, OpRate=0
04-22 20:41:55.427   563  3345 I hwc-display: path=drm, id=0, level=192, nits=57.057240, brightness=0.055241, DimmingOn=0, Hbm=0, LhbmOn=0, OpRate=0
04-22 20:41:55.429 27105 27105 D ThermalCamera: 10000, -9728528, 0xFF6B8DF0
04-22 20:41:55.446   563  3345 I hwc-display: path=drm, id=0, level=191, nits=56.832100, brightness=0.055015, DimmingOn=0, Hbm=0, LhbmOn=0, OpRate=0
04-22 20:41:55.478   563  3345 I hwc-display: path=drm, id=0, level=190, nits=56.382797, brightness=0.054565, DimmingOn=0, Hbm=0, LhbmOn=0, OpRate=0
04-22 20:41:55.479 27105 27105 D ThermalCamera: 10000, -9728528, 0xFF6B8DF0
04-22 20:41:55.494   563  3345 I hwc-display: path=drm, id=0, level=189, nits=56.159008, brightness=0.054340, DimmingOn=0, Hbm=0, LhbmOn=0, OpRate=0
04-22 20:41:55.511   563  3345 I hwc-display: path=drm, id=0, level=188, nits=55.935604, brightness=0.054116, DimmingOn=0, Hbm=0, LhbmOn=0, OpRate=0
04-22 20:41:55.529 27105 27105 D ThermalCamera: 10000, -9728528, 0xFF6B8DF0
04-22 20:41:55.546   563  3345 I hwc-display: path=drm, id=0, level=187, nits=55.490295, brightness=0.053669, DimmingOn=0, Hbm=0, LhbmOn=0, OpRate=0
04-22 20:41:55.562   563  3345 I hwc-display: path=drm, id=0, level=186, nits=55.268353, brightness=0.053447, DimmingOn=0, Hbm=0, LhbmOn=0, OpRate=0
04-22 20:41:55.578   563  3345 I hwc-display: path=drm, id=0, level=185, nits=55.046745, brightness=0.053224, DimmingOn=0, Hbm=0, LhbmOn=0, OpRate=0
04-22 20:41:55.580 27105 27105 D ThermalCamera: 10000, -9728528, 0xFF6B8DF0
04-22 20:41:55.585  2446  3224 D HbmSvManager: Ambient sensor :  TMD3719 Ambient Light update Lux : 20.065926
04-22 20:41:55.595   563  3345 I hwc-display: path=drm, id=0, level=184, nits=54.825706, brightness=0.053002, DimmingOn=0, Hbm=0, LhbmOn=0, OpRate=0
04-22 20:41:55.630   563  3345 I hwc-display: path=drm, id=0, level=183, nits=54.385010, brightness=0.052560, DimmingOn=0, Hbm=0, LhbmOn=0, OpRate=0
04-22 20:41:55.630 27105 27105 D ThermalCamera: 10000, -9728528, 0xFF6B8DF0
04-22 20:41:55.644   563  3345 I hwc-display: path=drm, id=0, level=182, nits=54.165356, brightness=0.052340, DimmingOn=0, Hbm=0, LhbmOn=0, OpRate=0
04-22 20:41:55.661   563  3349 I hwc-display: path=drm, id=0, level=181, nits=53.945995, brightness=0.052120, DimmingOn=0, Hbm=0, LhbmOn=0, OpRate=0
04-22 20:41:55.680 27105 27105 D ThermalCamera: 10000, -9728528, 0xFF6B8DF0
04-22 20:41:55.695   563  3349 I hwc-display: path=drm, id=0, level=180, nits=53.509201, brightness=0.051681, DimmingOn=0, Hbm=0, LhbmOn=0, OpRate=0
04-22 20:41:55.711   563  3349 I hwc-display: path=drm, id=0, level=179, nits=53.291519, brightness=0.051463, DimmingOn=0, Hbm=0, LhbmOn=0, OpRate=0
04-22 20:41:55.727   563  3349 I hwc-display: path=drm, id=0, level=178, nits=53.074329, brightness=0.051245, DimmingOn=0, Hbm=0, LhbmOn=0, OpRate=0
04-22 20:41:55.729 27105 27105 D ThermalCamera: 10000, -9728528, 0xFF6B8DF0
04-22 20:41:55.760   563  3349 I hwc-display: path=drm, id=0, level=177, nits=52.641247, brightness=0.050811, DimmingOn=0, Hbm=0, LhbmOn=0, OpRate=0
04-22 20:41:55.779   563  3349 I hwc-display: path=drm, id=0, level=176, nits=52.425579, brightness=0.050594, DimmingOn=0, Hbm=0, LhbmOn=0, OpRate=0
04-22 20:41:55.780 27105 27105 D ThermalCamera: 10000, -9728528, 0xFF6B8DF0
04-22 20:41:55.810   563  3349 I hwc-display: path=drm, id=0, level=175, nits=51.995262, brightness=0.050162, DimmingOn=0, Hbm=0, LhbmOn=0, OpRate=0
04-22 20:41:55.828   563  3349 I hwc-display: path=drm, id=0, level=174, nits=51.780785, brightness=0.049947, DimmingOn=0, Hbm=0, LhbmOn=0, OpRate=0
04-22 20:41:55.831 27105 27105 D ThermalCamera: 10000, -9728528, 0xFF6B8DF0
04-22 20:41:55.845   563  3349 I hwc-display: path=drm, id=0, level=173, nits=51.566719, brightness=0.049732, DimmingOn=0, Hbm=0, LhbmOn=0, OpRate=0
04-22 20:41:55.877   563  3349 I hwc-display: path=drm, id=0, level=172, nits=51.140205, brightness=0.049305, DimmingOn=0, Hbm=0, LhbmOn=0, OpRate=0
04-22 20:41:55.882 27105 27105 D ThermalCamera: 10000, -9728528, 0xFF6B8DF0
04-22 20:41:55.895   563  3349 I hwc-display: path=drm, id=0, level=171, nits=50.927582, brightness=0.049091, DimmingOn=0, Hbm=0, LhbmOn=0, OpRate=0
04-22 20:41:55.910   563  3349 I hwc-display: path=drm, id=0, level=170, nits=50.715450, brightness=0.048878, DimmingOn=0, Hbm=0, LhbmOn=0, OpRate=0
04-22 20:41:55.932 27105 27105 D ThermalCamera: 10000, -9728528, 0xFF6B8DF0
04-22 20:41:55.981 27105 27105 D ThermalCamera: 10000, -9728528, 0xFF6B8DF0
04-22 20:41:55.993   563  3345 I hwc-display: path=drm, id=0, level=167, nits=49.661274, brightness=0.047821, DimmingOn=0, Hbm=0, LhbmOn=0, OpRate=0
04-22 20:41:56.010   563  3349 I hwc-display: path=drm, id=0, level=166, nits=49.451851, brightness=0.047611, DimmingOn=0, Hbm=0, LhbmOn=0, OpRate=0
04-22 20:41:56.026 31991 31991 I CastMediaRouteProvider: (REDACTED) in onDiscoveryRequestChanged: request=%s
04-22 20:41:56.028 31991 31991 W DiscoveryManager: BroadcastReceiver not registered
04-22 20:41:56.028   563  3349 I hwc-display: path=drm, id=0, level=165, nits=49.242817, brightness=0.047401, DimmingOn=0, Hbm=0, LhbmOn=0, OpRate=0
04-22 20:41:56.028 31991 26930 I DiscoveryManager: Filter criteria(null) scannerFlags(0)
04-22 20:41:56.029 31991 26930 I DiscoveryContext: (REDACTED) updateDiscoveryState(). Criteria: %s. Screen on: %b. Has connectivity: %b.
04-22 20:41:56.029 31991 26930 I DiscoveryContext: notify filter criteria changed
04-22 20:41:56.029 31991 26930 I DiscoveryContext: notify discovery stopped
04-22 20:41:56.029 31991 26930 I DiscoveryContext: notify discovery state changed
04-22 20:41:56.030 31991 26930 W DatabaseProcessor: processLocalDevices: failed to get the network info with non-null networkId.
04-22 20:41:56.030 31991 26930 I PublishedDeviceManager: (REDACTED) publish devices at timestamp: %d
04-22 20:41:56.030 31991 26930 I CastMediaRouteProvider: (REDACTED) No local devices found. Publishing GuestMode routes (%d)
04-22 20:41:56.030 31991 26930 I CastMediaRouteProvider: (REDACTED) onDevicesPublished with %d Cast devices and %d Dynamic Session devices
04-22 20:41:56.032 27105 27105 D ThermalCamera: 10000, -9728528, 0xFF6B8DF0
04-22 20:41:56.033 31991 26930 I DiscoveryContext: notify scanner flags changed
04-22 20:41:56.033 31991 31991 I CastMediaRouteProvider: Published 0 routes
04-22 20:41:56.061   563  3349 I hwc-display: path=drm, id=0, level=164, nits=48.826214, brightness=0.046983, DimmingOn=0, Hbm=0, LhbmOn=0, OpRate=0
04-22 20:41:56.078   563  3349 I hwc-display: path=drm, id=0, level=163, nits=48.618336, brightness=0.046774, DimmingOn=0, Hbm=0, LhbmOn=0, OpRate=0
04-22 20:41:56.084 27105 27105 D ThermalCamera: 10000, -9728528, 0xFF6B8DF0
04-22 20:41:56.111   563  3349 I hwc-display: path=drm, id=0, level=162, nits=48.204361, brightness=0.046359, DimmingOn=0, Hbm=0, LhbmOn=0, OpRate=0
04-22 20:41:56.128   563  3345 I hwc-display: path=drm, id=0, level=161, nits=47.997791, brightness=0.046152, DimmingOn=0, Hbm=0, LhbmOn=0, OpRate=0
04-22 20:41:56.134 27105 27105 D ThermalCamera: 10000, -9728528, 0xFF6B8DF0
04-22 20:41:56.146   563  3345 I hwc-display: path=drm, id=0, level=160, nits=47.792015, brightness=0.045945, DimmingOn=0, Hbm=0, LhbmOn=0, OpRate=0
04-22 20:41:56.153 31991 26930 I NearbyDiscovery: (REDACTED) loadFastPairModule: checkFeaturesAreAvailable:%d
04-22 20:41:56.153 31991 26930 I NearbyDiscovery: loadFastPairModule: FastPair module is downloaded. [CONTEXT service_id=265 ]
04-22 20:41:56.177   563  3345 I hwc-display: path=drm, id=0, level=159, nits=47.381840, brightness=0.045534, DimmingOn=0, Hbm=0, LhbmOn=0, OpRate=0
04-22 20:41:56.185 27105 27105 D ThermalCamera: 10000, -9728528, 0xFF6B8DF0
04-22 20:41:56.195   563  3345 I hwc-display: path=drm, id=0, level=158, nits=47.177425, brightness=0.045329, DimmingOn=0, Hbm=0, LhbmOn=0, OpRate=0
04-22 20:41:56.227   563  3345 I hwc-display: path=drm, id=0, level=157, nits=46.769890, brightness=0.044920, DimmingOn=0, Hbm=0, LhbmOn=0, OpRate=0
04-22 20:41:56.235 27105 27105 D ThermalCamera: 10000, -9728528, 0xFF6B8DF0
04-22 20:41:56.247   563  3345 I hwc-display: path=drm, id=0, level=156, nits=46.566948, brightness=0.044716, DimmingOn=0, Hbm=0, LhbmOn=0, OpRate=0
04-22 20:41:56.260  2185  2185 W WindowOnBackDispatcher: sendCancelIfRunning: isInProgress=falsecallback=android.view.ViewRootImpl$$ExternalSyntheticLambda11@728a397
04-22 20:41:56.260  1542  5821 D CoreBackPreview: Window{c09d111 u0 Toast}: Setting back callback null
04-22 20:41:56.265  1542  5821 W InputManager-JNI: Input channel object 'c09d111 Toast (client)' was disposed without first being removed with the input manager!
04-22 20:41:56.270  1542  5821 W NotificationService: Toast already killed. pkg=info.jnlm.thermal_camera token=android.os.BinderProxy@bdd7c7c
04-22 20:41:56.277   563  3349 I hwc-display: path=drm, id=0, level=155, nits=46.176846, brightness=0.044325, DimmingOn=0, Hbm=0, LhbmOn=0, OpRate=0
04-22 20:41:56.285 27105 27105 D ThermalCamera: 10000, -9728528, 0xFF6B8DF0
04-22 20:41:56.335 27105 27105 D ThermalCamera: 10000, -9728528, 0xFF6B8DF0
04-22 20:41:56.385 27105 27105 D ThermalCamera: 10000, -9728528, 0xFF6B8DF0
04-22 20:41:56.402  1229  1438 I CHRE    : @ 476191.125: [ip] Peak detected: magnitude = 0.245044 hpa, duration = 360.000014 ms
04-22 20:41:56.402   977   996 D ContextHubHal: Got message from nanoapp: ID 0x476f6f676c001022
04-22 20:41:56.403  1003  1804 I suez-nanoapp-clients: Barometric peak detected: magnitude = 0.245045 hPa (bucket: 6), duration = 360.000000 ms (bucket: 30).
04-22 20:41:56.404  1003  1804 I suez-nanoapp-clients: Vendor atom [id = 100047] reported.
04-22 20:41:56.436 27105 27105 D ThermalCamera: 10000, -9728528, 0xFF6B8DF0
04-22 20:41:56.486 27105 27105 D ThermalCamera: 10000, -9728528, 0xFF6B8DF0
04-22 20:41:56.536 27105 27105 D ThermalCamera: 10000, -9728528, 0xFF6B8DF0
04-22 20:41:56.585 27105 27105 D ThermalCamera: 10000, -9728528, 0xFF6B8DF0
04-22 20:41:56.636 27105 27105 D ThermalCamera: 10000, -9728528, 0xFF6B8DF0
04-22 20:41:56.687 27105 27105 D ThermalCamera: 10000, -9728528, 0xFF6B8DF0
04-22 20:41:56.737 27105 27105 D ThermalCamera: 10000, -9728528, 0xFF6B8DF0
04-22 20:41:56.741  2395  2420 I deeptouch: I0000 00:00:1713843716.741269    2420 tf_lite_classifier.cc:413] Event stream classified as kNone
04-22 20:41:56.741  1626 27207 D Vibrator: waitForComplete: Vibrator is already off
04-22 20:41:56.750  2185  2185 I vol.VolumeDialogImpl: mDialog.dismiss() reason: volume_controller from: com.android.systemui.volume.VolumeDialogImpl$7.onDismissRequested:3
04-22 20:41:56.751  1542  1778 W ActivityTaskManager: callingPackage for (uid=-1, pid=0) has no WPC
04-22 20:41:56.764 28527 28527 I A       : onStart
04-22 20:41:56.765  2185  2208 V WindowManagerShell: Transition requested (#615): android.os.BinderProxy@aa2708 TransitionRequestInfo { type = OPEN, triggerTask = TaskInfo{userId=0 taskId=1228 displayId=0 isRunning=true baseIntent=Intent { act=android.intent.action.MAIN cat=[android.intent.category.HOME] flg=0x10000100 cmp=com.google.android.apps.nexuslauncher/.NexusLauncherActivity } baseActivity=ComponentInfo{com.google.android.apps.nexuslauncher/com.google.android.apps.nexuslauncher.NexusLauncherActivity} topActivity=ComponentInfo{com.google.android.apps.nexuslauncher/com.google.android.apps.nexuslauncher.NexusLauncherActivity} origActivity=null realActivity=ComponentInfo{com.google.android.apps.nexuslauncher/com.google.android.apps.nexuslauncher.NexusLauncherActivity} numActivities=1 lastActiveTime=476178215 supportsMultiWindow=true resizeMode=2 isResizeable=true minWidth=-1 minHeight=-1 defaultMinSize=220 token=WCT{android.window.IWindowContainerToken$Stub$Proxy@8873ea1} topActivityType=2 pictureInPictureParams=null shouldDockBigOverlays=false launchIntoPipHostTaskId=-1 lastParentTaskIdBeforePip=-1 displayCutoutSafeInsets=null topActivityInfo=ActivityInfo{830e8c6 com.google.android.apps.nexuslauncher.NexusLauncherActivity} launchCookies=[] positionInParent=Point(0, 0) parentTaskId=-1 isFocused=true isVisible=false isVisibleRequested=true isSleeping=false locusId=LocusId[17_chars] displayAreaFeatureId=1 isTopActivityTransparent=false appCompatTaskInfo=AppCompatTaskInfo { topActivityInSizeCompat=false topActivityEligibleForLetterboxEducation= false isLetterboxDoubleTapEnabled= false topActivityEligibleForUserAspectRatioButton= false topActivityBoundsLetterboxed= false isFromLetterboxDoubleTap= false topActivityLetterboxVerticalPosition= -1 topActivityLetterboxHorizontalPosition= -1 topActivityLetterboxWidth=-1 topActivityLetterboxHeight=-1 isUserFullscreenOverrideEnabled=false cameraCompatControlState=hidden}}, pipTask = null, remoteTransition = null, displayChange = null, flags = 0, debugId = 615 }
04-22 20:41:56.767  1542  1778 D CompatibilityChangeReporter: Compat change id reported: 197654537; UID 10039; state: ENABLED
04-22 20:41:56.768 13702 13702 D StatsLog: LAUNCHER_ONRESUME
04-22 20:41:56.768  1542  1778 I ActivityTaskManager: START u0 {act=android.intent.action.MAIN cat=[android.intent.category.HOME] flg=0x10000100 cmp=com.google.android.apps.nexuslauncher/.NexusLauncherActivity (has extras)} with LAUNCH_SINGLE_TASK from uid 0 (BAL_ALLOW_ALLOWLISTED_UID) result code=2
04-22 20:41:56.770 28527 28527 I A       : onResume
04-22 20:41:56.772 13702 13751 D OneSearchSuggestProvider: AppSearch 0-state cache not available, fallback to AGA
04-22 20:41:56.772 13702 13751 D OneSearchSuggestProvider: java.util.concurrent.CompletionException: java.util.NoSuchElementException: No value present
04-22 20:41:56.772 13702 13751 D OneSearchSuggestProvider: 	at java.util.concurrent.CompletableFuture.encodeThrowable(CompletableFuture.java:308)
04-22 20:41:56.772 13702 13751 D OneSearchSuggestProvider: 	at java.util.concurrent.CompletableFuture.completeThrowable(CompletableFuture.java:323)
04-22 20:41:56.772 13702 13751 D OneSearchSuggestProvider: 	at java.util.concurrent.CompletableFuture$UniAccept.tryFire(CompletableFuture.java:684)
04-22 20:41:56.772 13702 13751 D OneSearchSuggestProvider: 	at java.util.concurrent.CompletableFuture.postComplete(CompletableFuture.java:486)
04-22 20:41:56.772 13702 13751 D OneSearchSuggestProvider: 	at java.util.concurrent.CompletableFuture.completeExceptionally(CompletableFuture.java:2138)
04-22 20:41:56.772 13702 13751 D OneSearchSuggestProvider: 	at com.google.android.apps.nexuslauncher.allapps.H0.onResult(go/retraceme 6e1b01c832765f8f140b88cdc2c07516b02331dc6abfa6a582d7435438fff773:62)
04-22 20:41:56.772 13702 13751 D OneSearchSuggestProvider: 	at android.app.appsearch.SearchSessionUtil$1.lambda$onResult$0(SearchSessionUtil.java:129)
04-22 20:41:56.772 13702 13751 D OneSearchSuggestProvider: 	at android.app.appsearch.SearchSessionUtil$1.$r8$lambda$_nlk9WiPjSfaAsqKYmp0aPvSRC0(SearchSessionUtil.java:1)
04-22 20:41:56.772 13702 13751 D OneSearchSuggestProvider: 	at android.app.appsearch.SearchSessionUtil$1$$ExternalSyntheticLambda0.run(R8$$SyntheticClass:13)
04-22 20:41:56.772 13702 13751 D OneSearchSuggestProvider: 	at android.os.Handler.handleCallback(Handler.java:959)
04-22 20:41:56.772 13702 13751 D OneSearchSuggestProvider: 	at android.os.Handler.dispatchMessage(Handler.java:100)
04-22 20:41:56.772 13702 13751 D OneSearchSuggestProvider: 	at android.os.Looper.loopOnce(Looper.java:232)
04-22 20:41:56.772 13702 13751 D OneSearchSuggestProvider: 	at android.os.Looper.loop(Looper.java:317)
04-22 20:41:56.772 13702 13751 D OneSearchSuggestProvider: 	at android.os.HandlerThread.run(HandlerThread.java:68)
04-22 20:41:56.772 13702 13751 D OneSearchSuggestProvider: Caused by: java.util.NoSuchElementException: No value present
04-22 20:41:56.772 13702 13751 D OneSearchSuggestProvider: 	at java.util.Optional.get(Optional.java:144)
04-22 20:41:56.772 13702 13751 D OneSearchSuggestProvider: 	at com.google.android.apps.nexuslauncher.allapps.H0.onResult(go/retraceme 6e1b01c832765f8f140b88cdc2c07516b02331dc6abfa6a582d7435438fff773:17)
04-22 20:41:56.772 13702 13751 D OneSearchSuggestProvider: 	... 8 more
04-22 20:41:56.773 13702 13751 D OneSearchSuggestProvider: Created the binder channel successfully for end point service =com.google.android.apps.search.googleapp.search.suggest.plugins.onesearch.server.OneSearchSuggestService , mChannel=n1{delegate=f{logId=89, target=directaddress:///AndroidComponentAddress%5BIntent%20%7B%20act=grpc.io.action.BIND%20cmp=com.google.android.googlequicksearchbox/com.google.android.apps.search.googleapp.search.suggest.plugins.onesearch.server.OneSearchSuggestService%20%7D%5D}} , mOneSearchConnection=f2.Z@9e232e4
04-22 20:41:56.774 31441 31598 I AiAiEcho: Predicting[16]: { Feature:1, creation:2024-04-23T02:52:42Z, expiry:2024-04-23T03:00:00Z, isExpired: true}, { Feature:1, creation:2024-04-23T03:00:00Z, expiry:2024-04-23T04:00:00Z, isExpired: false}, { Feature:1, creation:2024-04-23T04:00:00Z, expiry:2024-04-23T04:00:00Z, isExpired: true}, { Feature:1, creation:2024-04-23T05:00:00Z, expiry:2024-04-23T05:00:00Z, isExpired: true}, { Feature:1, creation:2024-04-23T06:00:00Z, expiry:2024-04-23T06:00:00Z, isExpired: true}, { Feature:1, creation:2024-04-23T07:00:00Z, expiry:2024-04-23T07:00:00Z, isExpired: true}, { Feature:1, creation:2024-04-23T08:00:00Z, expiry:2024-04-23T08:00:00Z, isExpired: true}, { Feature:61, creation:2024-04-23T03:05:36.736Z, expiry:2024-04-23T06:59:59.999Z, isExpired: false}, { Feature:2, creation:2024-04-23T21:30:00Z, expiry:2024-04-23T22:00:00Z, isExpired: true}, { Feature:2, creation:2024-04-24T16:00:00Z, expiry:2024-04-24T16:30:00Z, isExpired: true}, { Feature:2, creation:2024-04-24T21:30:00Z, expiry:2024-04-24T22:00:00Z, isExpired: true}, { Feature:2, creation:2024-04-24T22:00:00Z, expiry:2024-04-24T22:30:00Z, isExpired: true}, { Feature:2, creation:2024-04-23T23:00:00Z, expiry:2024-04-23T23:30:00Z, isExpired: true}, { Feature:2, creation:2024-04-23T22:30:00Z, expiry:2024-04-23T23:00:00Z, isExpired: true}, { Feature:2, creation:2024-04-24T18:30:00Z, expiry:2024-04-24T19:00:00Z, isExpired: true}, { Feature:2, creation:2024-04-23T22:30:00Z, expiry:2024-04-23T23:00:00Z, isExpired: true}
04-22 20:41:56.774 31441 31598 I AiAiEcho: [CONTEXT sampling_count=5 ]
04-22 20:41:56.775 31441 31598 I AiAiEcho: EchoTargets: Feature:1, Feature:61
04-22 20:41:56.775 31441 31598 I AiAiEcho: Filtered by AiAi flag check: 
04-22 20:41:56.775 31441 31598 I AiAiEcho: [CONTEXT ratelimit_period="10 SECONDS" ]
04-22 20:41:56.775 31441 31598 I AiAiEcho: Ranked targets strategy: WEIGHTED, count: 2, ranking metadata: { cardId: WEATHER_TOMORROW_FORECAST-19836, card type: 61, update time: 2024-04-23T03:05:36.736Z, expiration time: 2024-04-23T06:59:59.999Z, ranking metadata: RankingMetaData(urgency=0.238, priority=0.3, recency=1.0, rankScore=0.0714, importantTimePoints=# vka@7bca4) }, { cardId: WEATHER-569377244, card type: 1, update time: 2024-04-23T03:00:00Z, expiration time: 2024-04-23T04:00:00Z, ranking metadata: RankingMetaData(urgency=0.101, priority=0.3, recency=0.8, rankScore=0.030300003, importantTimePoints=# vka@7bca4) } [CONTEXT ratelimit_period="10 SECONDS" ]
04-22 20:41:56.775 31441 31598 I AiAiEcho: #tapActionTwiddler: keeps UiSurface.ALL TapAction for: PrimaryItem in the surface: home for the cardId: WEATHER_TOMORROW_FORECAST-19836
04-22 20:41:56.775 31441 31598 I AiAiEcho: #weatherTwiddler: Weather removes SubtitleSupplementalItem in surface: home [CONTEXT ratelimit_period="10 SECONDS" ]
04-22 20:41:56.775 31441 31598 I AiAiEcho: #remoteViewsTwiddler: feature disabled.
04-22 20:41:56.777 13702 13702 D NexusLauncherModelDelegate: notifySmartspaceEvent: SmartspaceTargetEvent{mSmartspaceTarget=null, mSmartspaceActionId='null', mEventType=6}
04-22 20:41:56.780  2185  2208 D WindowManagerShell: setLauncherKeepClearAreaHeight: visible=true, height=504
04-22 20:41:56.783 28527 28527 I A       : Created gRPC endpoint for service class com.google.android.apps.search.googleapp.search.suggest.plugins.onesearch.server.OneSearchSuggestService
04-22 20:41:56.785  2185  2208 D WindowManagerShell: onActivityRestartAttempt: ComponentInfo{com.google.android.apps.nexuslauncher/com.google.android.apps.nexuslauncher.NexusLauncherActivity}
04-22 20:41:56.786 27105 27105 D ThermalCamera: 10000, -9728528, 0xFF6B8DF0
04-22 20:41:56.786   561   561 I BpBinder: onLastStrongRef automatically unlinking death recipients: 
04-22 20:41:56.792 13702 13702 D VRI[NexusLauncherActivity]: Start draw after previous draw not visible
04-22 20:41:56.792   562 25195 W gralloc4: Unable to set buffer name VRI[NexusLauncherActivity]#28(BLAST Consumer)28: File name too long
04-22 20:41:56.792 13702 13702 D BaseDepthController: setSurface:
04-22 20:41:56.792 13702 13702 D BaseDepthController: 	mWaitingOnSurfaceValidity: false
04-22 20:41:56.792 13702 13702 D BaseDepthController: 	mSurface: Surface(name=com.google.android.apps.nexuslauncher/com.google.android.apps.nexuslauncher.NexusLauncherActivity)/@0xe20f2df
04-22 20:41:56.793   562 25195 W gralloc4: Unable to set buffer name VRI[NexusLauncherActivity]#28(BLAST Consumer)28: File name too long
04-22 20:41:56.794   562 25195 W gralloc4: Unable to set buffer name VRI[NexusLauncherActivity]#28(BLAST Consumer)28: File name too long
